Component: Arm Compiler for Embedded 6.21 Tool: armlink [5ec1fa00]

==============================================================================

Section Cross References

    my_usart.o(.text.fputc) refers to stm32f10x_usart.o(.text.USART_SendData) for USART_SendData
    my_usart.o(.text.fputc) refers to stm32f10x_usart.o(.text.USART_GetFlagStatus) for USART_GetFlagStatus
    my_usart.o(.ARM.exidx.text.fputc) refers to my_usart.o(.text.fputc) for [Anonymous Symbol]
    my_usart.o(.text.usart1_cfg_A9A10) refers to stm32f10x_rcc.o(.text.RCC_APB2PeriphClockCmd) for RCC_APB2PeriphClockCmd
    my_usart.o(.text.usart1_cfg_A9A10) refers to stm32f10x_gpio.o(.text.GPIO_Init) for GPIO_Init
    my_usart.o(.text.usart1_cfg_A9A10) refers to stm32f10x_usart.o(.text.USART_Init) for USART_Init
    my_usart.o(.text.usart1_cfg_A9A10) refers to stm32f10x_usart.o(.text.USART_ClearFlag) for USART_ClearFlag
    my_usart.o(.text.usart1_cfg_A9A10) refers to stm32f10x_usart.o(.text.USART_ITConfig) for USART_ITConfig
    my_usart.o(.text.usart1_cfg_A9A10) refers to stm32f10x_usart.o(.text.USART_Cmd) for USART_Cmd
    my_usart.o(.text.usart1_cfg_A9A10) refers to my_usart.o(.bss.RX_available) for RX_available
    my_usart.o(.text.usart1_cfg_A9A10) refers to my_usart.o(.bss.RX_index) for RX_index
    my_usart.o(.text.usart1_cfg_A9A10) refers to my_usart.o(.bss.receive_length) for receive_length
    my_usart.o(.ARM.exidx.text.usart1_cfg_A9A10) refers to my_usart.o(.text.usart1_cfg_A9A10) for [Anonymous Symbol]
    my_usart.o(.text.USART1_IRQHandler) refers to stm32f10x_usart.o(.text.USART_GetITStatus) for USART_GetITStatus
    my_usart.o(.text.USART1_IRQHandler) refers to stm32f10x_usart.o(.text.USART_ReceiveData) for USART_ReceiveData
    my_usart.o(.text.USART1_IRQHandler) refers to my_usart.o(.bss.RX_index) for RX_index
    my_usart.o(.text.USART1_IRQHandler) refers to my_usart.o(.bss.receive_length) for receive_length
    my_usart.o(.text.USART1_IRQHandler) refers to my_usart.o(.bss.RX_Buffer) for RX_Buffer
    my_usart.o(.text.USART1_IRQHandler) refers to my_usart.o(.bss.RX_available) for RX_available
    my_usart.o(.text.USART1_IRQHandler) refers to stm32f10x_usart.o(.text.USART_ClearITPendingBit) for USART_ClearITPendingBit
    my_usart.o(.ARM.exidx.text.USART1_IRQHandler) refers to my_usart.o(.text.USART1_IRQHandler) for [Anonymous Symbol]
    my_usart.o(.text.printf_string) refers to stm32f10x_usart.o(.text.USART_SendData) for USART_SendData
    my_usart.o(.text.printf_string) refers to stm32f10x_usart.o(.text.USART_GetFlagStatus) for USART_GetFlagStatus
    my_usart.o(.ARM.exidx.text.printf_string) refers to my_usart.o(.text.printf_string) for [Anonymous Symbol]
    my_usart.o(.text.printf_num) refers to stm32f10x_usart.o(.text.USART_SendData) for USART_SendData
    my_usart.o(.text.printf_num) refers to stm32f10x_usart.o(.text.USART_GetFlagStatus) for USART_GetFlagStatus
    my_usart.o(.ARM.exidx.text.printf_num) refers to my_usart.o(.text.printf_num) for [Anonymous Symbol]
    main.o(.text) refers (Special) to _printf_percent.o(.ARM.Collect$$_printf_percent$$00000000) for _printf_percent
    main.o(.text) refers (Special) to _printf_f.o(.ARM.Collect$$_printf_percent$$00000003) for _printf_f
    main.o(.text) refers (Special) to printf1.o(x$fpl$printf1) for _printf_fp_dec
    main.o(.text.main) refers (Special) to _printf_percent.o(.ARM.Collect$$_printf_percent$$00000000) for _printf_percent
    main.o(.text.main) refers (Special) to _printf_f.o(.ARM.Collect$$_printf_percent$$00000003) for _printf_f
    main.o(.text.main) refers (Special) to printf1.o(x$fpl$printf1) for _printf_fp_dec
    main.o(.text.main) refers to delay.o(.text.SysTick_Init) for SysTick_Init
    main.o(.text.main) refers to my_usart.o(.text.usart1_cfg_A9A10) for usart1_cfg_A9A10
    main.o(.text.main) refers to main.o(.bss.DHT1) for DHT1
    main.o(.text.main) refers to dht.o(.text.DHT_Init) for DHT_Init
    main.o(.text.main) refers to puts.o(.text) for puts
    main.o(.text.main) refers to dht.o(.text.DHT_ReadTempHum) for DHT_ReadTempHum
    main.o(.text.main) refers to f2d.o(x$fpl$f2d) for __aeabi_f2d
    main.o(.text.main) refers to noretval__2printf.o(.text) for __2printf
    main.o(.text.main) refers to delay.o(.text.delay_ms) for delay_ms
    main.o(.ARM.exidx.text.main) refers (Special) to _printf_percent.o(.ARM.Collect$$_printf_percent$$00000000) for _printf_percent
    main.o(.ARM.exidx.text.main) refers (Special) to _printf_f.o(.ARM.Collect$$_printf_percent$$00000003) for _printf_f
    main.o(.ARM.exidx.text.main) refers (Special) to printf1.o(x$fpl$printf1) for _printf_fp_dec
    main.o(.ARM.exidx.text.main) refers to main.o(.text.main) for [Anonymous Symbol]
    main.o(.bss.DHT1) refers (Special) to _printf_percent.o(.ARM.Collect$$_printf_percent$$00000000) for _printf_percent
    main.o(.bss.DHT1) refers (Special) to _printf_f.o(.ARM.Collect$$_printf_percent$$00000003) for _printf_f
[...]
    ../clib/angel/rt.s                       0x00000000   Number         0  rt_errno_addr_intlibspace.o ABSOLUTE
    ../clib/angel/scatter.s                  0x00000000   Number         0  __scatter.o ABSOLUTE
    ../clib/angel/startup.s                  0x00000000   Number         0  __main.o ABSOLUTE
    ../clib/angel/sys.s                      0x00000000   Number         0  libspace.o ABSOLUTE
    ../clib/angel/sys.s                      0x00000000   Number         0  mutex_dummy.o ABSOLUTE
    ../clib/angel/sys.s                      0x00000000   Number         0  sys_stackheap_outer.o ABSOLUTE
    ../clib/angel/sys.s                      0x00000000   Number         0  use_no_semi.o ABSOLUTE
    ../clib/angel/sys.s                      0x00000000   Number         0  indicate_semi.o ABSOLUTE
    ../clib/angel/sysapp.c                   0x00000000   Number         0  sys_exit.o ABSOLUTE
    ../clib/angel/sysapp.c                   0x00000000   Number         0  sys_exit_hlt.o ABSOLUTE
    ../clib/angel/sysapp.c                   0x00000000   Number         0  sys_command.o ABSOLUTE
    ../clib/angel/sysapp.c                   0x00000000   Number         0  sys_command_hlt.o ABSOLUTE
    ../clib/armsys.c                         0x00000000   Number         0  argv_veneer.o ABSOLUTE
    ../clib/armsys.c                         0x00000000   Number         0  argv_veneer.o ABSOLUTE
    ../clib/armsys.c                         0x00000000   Number         0  _get_argv.o ABSOLUTE
    ../clib/armsys.c                         0x00000000   Number         0  _get_argv_nomalloc.o ABSOLUTE
    ../clib/armsys.c                         0x00000000   Number         0  no_argv.o ABSOLUTE
    ../clib/bigflt.c                         0x00000000   Number         0  bigflt0.o ABSOLUTE
    ../clib/btod.s                           0x00000000   Number         0  btod.o ABSOLUTE
    ../clib/btod_accurate.c                  0x00000000   Number         0  btod_accurate.o ABSOLUTE
    ../clib/btod_accurate.c                  0x00000000   Number         0  btod_accurate_common.o ABSOLUTE
    ../clib/heap1.c                          0x00000000   Number         0  h1_free.o ABSOLUTE
    ../clib/heap1.c                          0x00000000   Number         0  h1_free_threads.o ABSOLUTE
    ../clib/heap1.c                          0x00000000   Number         0  h1_alloc.o ABSOLUTE
    ../clib/heap1.c                          0x00000000   Number         0  h1_alloc_threads.o ABSOLUTE
    ../clib/heap1.c                          0x00000000   Number         0  h1_init.o ABSOLUTE
    ../clib/heap1.c                          0x00000000   Number         0  h1_extend.o ABSOLUTE
    ../clib/heap1.c                          0x00000000   Number         0  h1_init_threads.o ABSOLUTE
    ../clib/heap1.c                          0x00000000   Number         0  h1_extend_threads.o ABSOLUTE
    ../clib/heap1.c                          0x00000000   Number         0  h1_final.o ABSOLUTE
    ../clib/heap1.c                          0x00000000   Number         0  h1_final_threads.o ABSOLUTE
    ../clib/heap2.c                          0x00000000   Number         0  heap2.o ABSOLUTE
    ../clib/heap2.c                          0x00000000   Number         0  heap2_threads.o ABSOLUTE
    ../clib/heap2.c                          0x00000000   Number         0  fdtree.o ABSOLUTE
    ../clib/heapalloc.c                      0x00000000   Number         0  free.o ABSOLUTE
    ../clib/heapalloc.c                      0x00000000   Number         0  hguard.o ABSOLUTE
    ../clib/heapalloc.c                      0x00000000   Number         0  init_alloc.o ABSOLUTE
    ../clib/heapalloc.c                      0x00000000   Number         0  malloc.o ABSOLUTE
    ../clib/heapalloc.c                      0x00000000   Number         0  heapstubs.o ABSOLUTE
    ../clib/heapalloc.c                      0x00000000   Number         0  hrguard.o ABSOLUTE
    ../clib/heapalloc.c                      0x00000000   Number         0  term_alloc.o ABSOLUTE
    ../clib/heapaux.c                        0x00000000   Number         0  heapauxi.o ABSOLUTE
    ../clib/heapaux.c                        0x00000000   Number         0  heapauxa.o ABSOLUTE
    ../clib/libinit.s                        0x00000000   Number         0  libinit.o ABSOLUTE
    ../clib/libinit.s                        0x00000000   Number         0  libinit2.o ABSOLUTE
    ../clib/libinit.s                        0x00000000   Number         0  libshutdown2.o ABSOLUTE
    ../clib/libinit.s                        0x00000000   Number         0  libshutdown.o ABSOLUTE
    ../clib/locale.s                         0x00000000   Number         0  lc_numeric_c.o ABSOLUTE
    ../clib/longlong.s                       0x00000000   Number         0  lludivv7m.o ABSOLUTE
    ../clib/longlong.s                       0x00000000   Number         0  lludiv10.o ABSOLUTE
    ../clib/longlong.s                       0x00000000   Number         0  llushr.o ABSOLUTE
    ../clib/maybe.s                          0x00000000   Number         0  maybetermalloc1.o ABSOLUTE
    ../clib/maybe.s                          0x00000000   Number         0  maybetermalloc2.o ABSOLUTE
    ../clib/memcpset.s                       0x00000000   Number         0  strcmpv7m.o ABSOLUTE
    ../clib/memcpset.s                       0x00000000   Number         0  rt_memclr_w.o ABSOLUTE
    ../clib/memcpset.s                       0x00000000   Number         0  rt_memcpy_w.o ABSOLUTE
    ../clib/printf.c                         0x00000000   Number         0  __2printf.o ABSOLUTE
    ../clib/printf.c                         0x00000000   Number         0  noretval__2printf.o ABSOLUTE
    ../clib/printf.c                         0x00000000   Number         0  __printf.o ABSOLUTE
    ../clib/printf.c                         0x00000000   Number         0  _printf_dec.o ABSOLUTE
    ../clib/printf.c                         0x00000000   Number         0  __printf_flags.o ABSOLUTE
    ../clib/printf.c                         0x00000000   Number         0  __printf_ss.o ABSOLUTE
    ../clib/printf.c                         0x00000000   Number         0  __printf_flags_ss.o ABSOLUTE
    ../clib/printf.c                         0x00000000   Number         0  __printf_wp.o ABSOLUTE
    ../clib/printf.c                         0x00000000   Number         0  __printf_flags_wp.o ABSOLUTE
    ../clib/printf.c                         0x00000000   Number         0  __printf_ss_wp.o ABSOLUTE
    ../clib/printf.c                         0x00000000   Number         0  __printf_flags_ss_wp.o ABSOLUTE
    ../clib/printf.c                         0x00000000   Number         0  _printf_intcommon.o ABSOLUTE
    ../clib/printf.c                         0x00000000   Number         0  _printf_fp_dec.o ABSOLUTE
    ../clib/printf.c                         0x00000000   Number         0  _printf_fp_dec_accurate.o ABSOLUTE
    ../clib/printf.c                         0x00000000   Number         0  _printf_char_file.o ABSOLUTE
    ../clib/printf.c                         0x00000000   Number         0  _printf_char_common.o ABSOLUTE
    ../clib/printf.c                         0x00000000   Number         0  _printf_fp_infnan.o ABSOLUTE
    ../clib/printf.c                         0x00000000   Number         0  __printf_nopercent.o ABSOLUTE
    ../clib/printf_percent.s                 0x00000000   Number         0  _printf_d.o ABSOLUTE
    ../clib/printf_percent.s                 0x00000000   Number         0  _printf_f.o ABSOLUTE
    ../clib/printf_percent.s                 0x00000000   Number         0  _printf_percent.o ABSOLUTE
    ../clib/printf_percent.s                 0x00000000   Number         0  _printf_percent_end.o ABSOLUTE
    ../clib/signal.c                         0x00000000   Number         0  defsig_fpe_outer.o ABSOLUTE
    ../clib/signal.c                         0x00000000   Number         0  defsig_fpe_formal.o ABSOLUTE
    ../clib/signal.c                         0x00000000   Number         0  defsig_rtred_outer.o ABSOLUTE
    ../clib/signal.c                         0x00000000   Number         0  defsig_rtred_formal.o ABSOLUTE
    ../clib/signal.c                         0x00000000   Number         0  defsig_exit.o ABSOLUTE
    ../clib/signal.c                         0x00000000   Number         0  defsig_fpe_inner.o ABSOLUTE
    ../clib/signal.c                         0x00000000   Number         0  defsig_rtred_inner.o ABSOLUTE
    ../clib/signal.c                         0x00000000   Number         0  __raise.o ABSOLUTE
    ../clib/signal.c                         0x00000000   Number         0  defsig_general.o ABSOLUTE
    ../clib/signal.c                         0x00000000   Number         0  defsig_rtmem_outer.o ABSOLUTE
    ../clib/signal.c                         0x00000000   Number         0  defsig_rtmem_formal.o ABSOLUTE
    ../clib/signal.c                         0x00000000   Number         0  defsig_rtmem_inner.o ABSOLUTE
    ../clib/signal.c                         0x00000000   Number         0  defsig_abrt_inner.o ABSOLUTE
    ../clib/signal.c                         0x00000000   Number         0  defsig_stak_inner.o ABSOLUTE
    ../clib/signal.c                         0x00000000   Number         0  defsig_pvfn_inner.o ABSOLUTE
    ../clib/signal.c                         0x00000000   Number         0  defsig_cppl_inner.o ABSOLUTE
    ../clib/signal.c                         0x00000000   Number         0  defsig_segv_inner.o ABSOLUTE
    ../clib/signal.c                         0x00000000   Number         0  defsig_other.o ABSOLUTE
    ../clib/signal.s                         0x00000000   Number         0  defsig.o ABSOLUTE
    ../clib/stdio.c                          0x00000000   Number         0  puts.o ABSOLUTE
    ../clib/stdio.c                          0x00000000   Number         0  stdio_streams.o ABSOLUTE
    ../clib/stdio.c                          0x00000000   Number         0  ferror.o ABSOLUTE
    ../clib/stdio.c                          0x00000000   Number         0  initio.o ABSOLUTE
    ../clib/stdio.c                          0x00000000   Number         0  ferror_locked.o ABSOLUTE
    ../clib/stdio.c                          0x00000000   Number         0  initio_locked.o ABSOLUTE
    ../clib/stdio.c                          0x00000000   Number         0  setvbuf.o ABSOLUTE
    ../clib/stdio.c                          0x00000000   Number         0  streamlock.o ABSOLUTE
    ../clib/stdio.c                          0x00000000   Number         0  fopen.o ABSOLUTE
    ../clib/stdio.c                          0x00000000   Number         0  fclose.o ABSOLUTE
    ../clib/stdio.c                          0x00000000   Number         0  setvbuf_locked.o ABSOLUTE
    ../clib/stdio.c                          0x00000000   Number         0  fopen_locked.o ABSOLUTE
    ../clib/stdio.c                          0x00000000   Number         0  fseek.o ABSOLUTE
    ../clib/stdio.c                          0x00000000   Number         0  stdio.o ABSOLUTE
    ../clib/stdio.c                          0x00000000   Number         0  ftell.o ABSOLUTE
    ../clib/stdlib.c                         0x00000000   Number         0  exit.o ABSOLUTE
    ../fplib/dretinf.s                       0x00000000   Number         0  dretinf.o ABSOLUTE
    ../fplib/f2d.s                           0x00000000   Number         0  f2d.o ABSOLUTE
    ../fplib/fflt.s                          0x00000000   Number         0  fflt_clz.o ABSOLUTE
    ../fplib/fnaninf.s                       0x00000000   Number         0  fnaninf.o ABSOLUTE
    ../fplib/fpinit.s                        0x00000000   Number         0  fpinit.o ABSOLUTE
    ../fplib/fpinit_empty.s                  0x00000000   Number         0  fpinit_empty.o ABSOLUTE
    ../fplib/istatus.s                       0x00000000   Number         0  istatus.o ABSOLUTE
    ../fplib/printf1.s                       0x00000000   Number         0  printf1.o ABSOLUTE
    ../fplib/usenofp.s                       0x00000000   Number         0  usenofp.o ABSOLUTE
    ../mathlib/fpclassify.c                  0x00000000   Number         0  fpclassify.o ABSOLUTE
    DHT.c                                    0x00000000   Number         0  dht.o ABSOLUTE
    Delay.c                                  0x00000000   Number         0  delay.o ABSOLUTE
    My_usart.c                               0x00000000   Number         0  my_usart.o ABSOLUTE
    RTE/Device/STM32F103C8/startup_stm32f10x_md.s 0x00000000   Number         0  startup_stm32f10x_md.o ABSOLUTE
    dc.s                                     0x00000000   Number         0  dc.o ABSOLUTE
    main.c                                   0x00000000   Number         0  main.o ABSOLUTE
    misc.c                                   0x00000000   Number         0  misc.o ABSOLUTE
    retarget_io.c                            0x00000000   Number         0  retarget_io.o ABSOLUTE
    stm32f10x_gpio.c                         0x00000000   Number         0  stm32f10x_gpio.o ABSOLUTE
    stm32f10x_i2c.c                          0x00000000   Number         0  stm32f10x_i2c.o ABSOLUTE
    stm32f10x_rcc.c                          0x00000000   Number         0  stm32f10x_rcc.o ABSOLUTE
    stm32f10x_tim.c                          0x00000000   Number         0  stm32f10x_tim.o ABSOLUTE
    stm32f10x_usart.c                        0x00000000   Number         0  stm32f10x_usart.o ABSOLUTE
    system_stm32f10x.c                       0x00000000   Number         0  system_stm32f10x.o ABSOLUTE
    RESET                                    0x08000000   Section      236  startup_stm32f10x_md.o(RESET)
    !!!main                                  0x080000ec   Section        8  __main.o(!!!main)
    !!!scatter                               0x080000f4   Section       92  __scatter.o(!!!scatter)
    !!handler_copy                           0x08000150   Section       26  __scatter_copy.o(!!handler_copy)
    !!handler_null                           0x0800016c   Section        2  __scatter.o(!!handler_null)
    !!handler_zi                             0x08000170   Section       28  __scatter_zi.o(!!handler_zi)
    .ARM.Collect$$_printf_percent$$00000000  0x0800018c   Section        0  _printf_percent.o(.ARM.Collect$$_printf_percent$$00000000)
    .ARM.Collect$$_printf_percent$$00000003  0x0800018c   Section        6  _printf_f.o(.ARM.Collect$$_printf_percent$$00000003)
    .ARM.Collect$$_printf_percent$$00000009  0x08000192   Section        6  _printf_d.o(.ARM.Collect$$_printf_percent$$00000009)
    .ARM.Collect$$_printf_percent$$00000017  0x08000198   Section        4  _printf_percent_end.o(.ARM.Collect$$_printf_percent$$00000017)
    .ARM.Collect$$libinit$$00000000          0x0800019c   Section        2  libinit.o(.ARM.Collect$$libinit$$00000000)
    .ARM.Collect$$libinit$$00000002          0x0800019e   Section        0  libinit2.o(.ARM.Collect$$libinit$$00000002)
    .ARM.Collect$$libinit$$00000004          0x0800019e   Section        0  libinit2.o(.ARM.Collect$$libinit$$00000004)
    .ARM.Collect$$libinit$$00000006          0x0800019e   Section        0  libinit2.o(.ARM.Collect$$libinit$$00000006)
    .ARM.Collect$$libinit$$00000007          0x0800019e   Section        8  libinit2.o(.ARM.Collect$$libinit$$00000007)
    .ARM.Collect$$libinit$$0000000C          0x080001a6   Section        0  libinit2.o(.ARM.Collect$$libinit$$0000000C)
    .ARM.Collect$$libinit$$0000000E          0x080001a6   Section        0  libinit2.o(.ARM.Collect$$libinit$$0000000E)
    .ARM.Collect$$libinit$$00000010          0x080001a6   Section        0  libinit2.o(.ARM.Collect$$libinit$$00000010)
    .ARM.Collect$$libinit$$00000011          0x080001a6   Section        6  libinit2.o(.ARM.Collect$$libinit$$00000011)
    .ARM.Collect$$libinit$$00000013          0x080001ac   Section        0  libinit2.o(.ARM.Collect$$libinit$$00000013)
    .ARM.Collect$$libinit$$00000015          0x080001ac   Section        0  libinit2.o(.ARM.Collect$$libinit$$00000015)
    .ARM.Collect$$libinit$$00000017          0x080001ac   Section        0  libinit2.o(.ARM.Collect$$libinit$$00000017)
    .ARM.Collect$$libinit$$00000018          0x080001ac   Section       10  libinit2.o(.ARM.Collect$$libinit$$00000018)
    .ARM.Collect$$libinit$$00000019          0x080001b6   Section        0  libinit2.o(.ARM.Collect$$libinit$$00000019)
    .ARM.Collect$$libinit$$0000001B          0x080001b6   Section        0  libinit2.o(.ARM.Collect$$libinit$$0000001B)
    .ARM.Collect$$libinit$$0000001D          0x080001b6   Section        0  libinit2.o(.ARM.Collect$$libinit$$0000001D)
    .ARM.Collect$$libinit$$0000001F          0x080001b6   Section        0  libinit2.o(.ARM.Collect$$libinit$$0000001F)
    .ARM.Collect$$libinit$$00000021          0x080001b6   Section        0  libinit2.o(.ARM.Collect$$libinit$$00000021)
    .ARM.Collect$$libinit$$00000023          0x080001b6   Section        0  libinit2.o(.ARM.Collect$$libinit$$00000023)
    .ARM.Collect$$libinit$$00000025          0x080001b6   Section        0  libinit2.o(.ARM.Collect$$libinit$$00000025)
    .ARM.Collect$$libinit$$00000026          0x080001b6   Section        4  libinit2.o(.ARM.Collect$$libinit$$00000026)
    .ARM.Collect$$libinit$$00000027          0x080001ba   Section        0  libinit2.o(.ARM.Collect$$libinit$$00000027)
    .ARM.Collect$$libinit$$0000002E          0x080001ba   Section        0  libinit2.o(.ARM.Collect$$libinit$$0000002E)
    .ARM.Collect$$libinit$$00000030          0x080001ba   Section        0  libinit2.o(.ARM.Collect$$libinit$$00000030)
    .ARM.Collect$$libinit$$00000032          0x080001ba   Section        0  libinit2.o(.ARM.Collect$$libinit$$00000032)
    .ARM.Collect$$libinit$$00000034          0x080001ba   Section        0  libinit2.o(.ARM.Collect$$libinit$$00000034)
    .ARM.Collect$$libinit$$00000035          0x080001ba   Section        2  libinit2.o(.ARM.Collect$$libinit$$00000035)
    .ARM.Collect$$libshutdown$$00000000      0x080001bc   Section        2  libshutdown.o(.ARM.Collect$$libshutdown$$00000000)
    .ARM.Collect$$libshutdown$$00000002      0x080001be   Section        0  libshutdown2.o(.ARM.Collect$$libshutdown$$00000002)
    .ARM.Collect$$libshutdown$$00000003      0x080001be   Section        4  libshutdown2.o(.ARM.Collect$$libshutdown$$00000003)
    .ARM.Collect$$libshutdown$$00000004      0x080001c2   Section        0  libshutdown2.o(.ARM.Collect$$libshutdown$$00000004)
    .ARM.Collect$$libshutdown$$00000007      0x080001c2   Section        0  libshutdown2.o(.ARM.Collect$$libshutdown$$00000007)
    .ARM.Collect$$libshutdown$$0000000A      0x080001c2   Section        0  libshutdown2.o(.ARM.Collect$$libshutdown$$0000000A)
    .ARM.Collect$$libshutdown$$0000000C      0x080001c2   Section        0  libshutdown2.o(.ARM.Collect$$libshutdown$$0000000C)
    .ARM.Collect$$libshutdown$$0000000F      0x080001c2   Section        0  libshutdown2.o(.ARM.Collect$$libshutdown$$0000000F)
    .ARM.Collect$$libshutdown$$00000010      0x080001c2   Section        2  libshutdown2.o(.ARM.Collect$$libshutdown$$00000010)
    .ARM.Collect$$rtentry$$00000000          0x080001c4   Section        0  __rtentry.o(.ARM.Collect$$rtentry$$00000000)
    .ARM.Collect$$rtentry$$00000002          0x080001c4   Section        0  __rtentry2.o(.ARM.Collect$$rtentry$$00000002)
    .ARM.Collect$$rtentry$$00000004          0x080001c4   Section        6  __rtentry4.o(.ARM.Collect$$rtentry$$00000004)
    .ARM.Collect$$rtentry$$00000009          0x080001ca   Section        0  __rtentry2.o(.ARM.Collect$$rtentry$$00000009)
    .ARM.Collect$$rtentry$$0000000A          0x080001ca   Section        4  __rtentry2.o(.ARM.Collect$$rtentry$$0000000A)
    .ARM.Collect$$rtentry$$0000000C          0x080001ce   Section        0  __rtentry2.o(.ARM.Collect$$rtentry$$0000000C)
    .ARM.Collect$$rtentry$$0000000D          0x080001ce   Section        8  __rtentry2.o(.ARM.Collect$$rtentry$$0000000D)
    .ARM.Collect$$rtexit$$00000000           0x080001d6   Section        2  rtexit.o(.ARM.Collect$$rtexit$$00000000)
    .ARM.Collect$$rtexit$$00000002           0x080001d8   Section        0  rtexit2.o(.ARM.Collect$$rtexit$$00000002)
    .ARM.Collect$$rtexit$$00000003           0x080001d8   Section        4  rtexit2.o(.ARM.Collect$$rtexit$$00000003)
    .ARM.Collect$$rtexit$$00000004           0x080001dc   Section        6  rtexit2.o(.ARM.Collect$$rtexit$$00000004)
    .text                                    0x080001e4   Section       64  startup_stm32f10x_md.o(.text)
    .text                                    0x08000224   Section        0  noretval__2printf.o(.text)
    .text                                    0x0800023c   Section        0  __printf.o(.text)
    .text                                    0x080002a4   Section        0  _printf_dec.o(.text)
    .text                                    0x0800031c   Section        0  puts.o(.text)
    .text                                    0x08000348   Section      128  strcmpv7m.o(.text)
    .text                                    0x080003c8   Section        0  heapauxi.o(.text)
    .text                                    0x080003ce   Section        0  _printf_intcommon.o(.text)
    _fp_digits                               0x08000481   Thumb Code   432  _printf_fp_dec.o(.text)
    .text                                    0x08000480   Section        0  _printf_fp_dec.o(.text)
    .text                                    0x0800089c   Section        0  _printf_char_file.o(.text)
    .text                                    0x080008c0   Section        8  rt_locale_intlibspace.o(.text)
    .text                                    0x080008c8   Section      138  lludiv10.o(.text)
    _printf_input_char                       0x08000955   Thumb Code    10  _printf_char_common.o(.text)
    .text                                    0x08000954   Section        0  _printf_char_common.o(.text)
    .text                                    0x08000984   Section        0  _printf_fp_infnan.o(.text)
    .text                                    0x08000a04   Section        0  bigflt0.o(.text)
    .text                                    0x08000ae8   Section        0  ferror.o(.text)
    .text                                    0x08000af0   Section        0  initio.o(.text)
    .text                                    0x08000c28   Section        8  libspace.o(.text)
    .text                                    0x08000c30   Section       74  sys_stackheap_outer.o(.text)
    .text                                    0x08000c7a   Section        0  h1_free.o(.text)
    .text                                    0x08000cc8   Section        0  setvbuf.o(.text)
    _freopen_locked                          0x08000d11   Thumb Code     0  fopen.o(.text)
    .text                                    0x08000d10   Section        0  fopen.o(.text)
    .text                                    0x08000e00   Section        0  fclose.o(.text)
    .text                                    0x08000e4c   Section        0  exit.o(.text)
    .text                                    0x08000e5e   Section        0  defsig_rtred_outer.o(.text)
    .text                                    0x08000e6c   Section       78  rt_memclr_w.o(.text)
    .text                                    0x08000ebc   Section        8  rt_heap_descriptor_intlibspace.o(.text)
    .text                                    0x08000ec4   Section        0  hguard.o(.text)
    .text                                    0x08000ec8   Section        0  init_alloc.o(.text)
    .text                                    0x08000f52   Section        0  h1_alloc.o(.text)
    .text                                    0x08000fb0   Section        0  fseek.o(.text)
    .text                                    0x080010a8   Section        0  stdio.o(.text)
    .text                                    0x080011b0   Section        0  defsig_exit.o(.text)
    .text                                    0x080011bc   Section        0  defsig_rtred_inner.o(.text)
    .text                                    0x080011f0   Section        0  sys_exit.o(.text)
    .text                                    0x080011fc   Section        0  maybetermalloc1.o(.text)
    .text                                    0x080011fc   Section        0  h1_init.o(.text)
    .text                                    0x08001208   Section        0  h1_extend.o(.text)
    .text                                    0x0800123c   Section        0  ftell.o(.text)
    .text                                    0x0800127e   Section        0  defsig_general.o(.text)
    .text                                    0x080012b0   Section        0  defsig_rtmem_outer.o(.text)
    .text                                    0x080012be   Section        2  use_no_semi.o(.text)
    .text                                    0x080012c0   Section        0  indicate_semi.o(.text)
    .text                                    0x080012c0   Section        8  rt_errno_addr_intlibspace.o(.text)
    .text                                    0x080012c8   Section        0  defsig_rtmem_inner.o(.text)
    [Anonymous Symbol]                       0x08001318   Section        0  dht.o(.text.DHT_Init)
    [Anonymous Symbol]                       0x08001398   Section        0  dht.o(.text.DHT_Read)
    [Anonymous Symbol]                       0x08001478   Section        0  dht.o(.text.DHT_ReadTempHum)
    [Anonymous Symbol]                       0x080014f0   Section        0  dht.o(.text.DHT_Start)
    [Anonymous Symbol]                       0x08001684   Section        0  stm32f10x_gpio.o(.text.GPIO_Init)
    [Anonymous Symbol]                       0x08001744   Section        0  stm32f10x_gpio.o(.text.GPIO_ReadInputDataBit)
    [Anonymous Symbol]                       0x08001750   Section        0  stm32f10x_gpio.o(.text.GPIO_WriteBit)
    [Anonymous Symbol]                       0x0800175c   Section        0  stm32f10x_rcc.o(.text.RCC_APB1PeriphClockCmd)
    [Anonymous Symbol]                       0x08001774   Section        0  stm32f10x_rcc.o(.text.RCC_APB2PeriphClockCmd)
    [Anonymous Symbol]                       0x0800178c   Section        0  stm32f10x_rcc.o(.text.RCC_GetClocksFreq)
    [Anonymous Symbol]                       0x08001818   Section        0  delay.o(.text.SysTick_Handler)
    [Anonymous Symbol]                       0x08001828   Section        0  delay.o(.text.SysTick_Init)
    [Anonymous Symbol]                       0x0800183c   Section        0  system_stm32f10x.o(.text.SystemInit)
    [Anonymous Symbol]                       0x0800194c   Section        0  stm32f10x_tim.o(.text.TIM_Cmd)
    [Anonymous Symbol]                       0x08001960   Section        0  stm32f10x_tim.o(.text.TIM_GetCounter)
    [Anonymous Symbol]                       0x08001964   Section        0  stm32f10x_tim.o(.text.TIM_SetCounter)
    [Anonymous Symbol]                       0x08001968   Section        0  stm32f10x_tim.o(.text.TIM_TimeBaseInit)
    [Anonymous Symbol]                       0x08001a14   Section        0  my_usart.o(.text.USART1_IRQHandler)
    [Anonymous Symbol]                       0x08001a88   Section        0  stm32f10x_usart.o(.text.USART_ClearFlag)
    [Anonymous Symbol]                       0x08001a90   Section        0  stm32f10x_usart.o(.text.USART_ClearITPendingBit)
    [Anonymous Symbol]                       0x08001aa0   Section        0  stm32f10x_usart.o(.text.USART_Cmd)
    [Anonymous Symbol]                       0x08001ab4   Section        0  stm32f10x_usart.o(.text.USART_GetFlagStatus)
    [Anonymous Symbol]                       0x08001ac0   Section        0  stm32f10x_usart.o(.text.USART_GetITStatus)
    [Anonymous Symbol]                       0x08001af0   Section        0  stm32f10x_usart.o(.text.USART_ITConfig)
    [Anonymous Symbol]                       0x08001b20   Section        0  stm32f10x_usart.o(.text.USART_Init)
    [Anonymous Symbol]                       0x08001bd8   Section        0  stm32f10x_usart.o(.text.USART_ReceiveData)
    [Anonymous Symbol]                       0x08001be0   Section        0  stm32f10x_usart.o(.text.USART_SendData)
    [Anonymous Symbol]                       0x08001be8   Section        0  retarget_io.o(.text._sys_close)
    [Anonymous Symbol]                       0x08001bfc   Section        0  retarget_io.o(.text._sys_flen)
    [Anonymous Symbol]                       0x08001c00   Section        0  retarget_io.o(.text._sys_istty)
    [Anonymous Symbol]                       0x08001c10   Section        0  retarget_io.o(.text._sys_open)
    [Anonymous Symbol]                       0x08001c74   Section        0  retarget_io.o(.text._sys_seek)
    [Anonymous Symbol]                       0x08001c7c   Section        0  retarget_io.o(.text._sys_write)
    [Anonymous Symbol]                       0x08001ca0   Section        0  retarget_io.o(.text._ttywrch)
    [Anonymous Symbol]                       0x08001ca4   Section        0  delay.o(.text.delay_ms)
    [Anonymous Symbol]                       0x08001cec   Section        0  delay.o(.text.delay_us)
    [Anonymous Symbol]                       0x08001d24   Section        0  my_usart.o(.text.fputc)
    [Anonymous Symbol]                       0x08001d48   Section        0  main.o(.text.main)
    [Anonymous Symbol]                       0x08001de0   Section        0  my_usart.o(.text.usart1_cfg_A9A10)
    CL$$btod_d2e                             0x08001e9c   Section       62  btod.o(CL$$btod_d2e)
    CL$$btod_d2e_denorm_low                  0x08001eda   Section       70  btod.o(CL$$btod_d2e_denorm_low)
    CL$$btod_d2e_norm_op1                    0x08001f20   Section       96  btod.o(CL$$btod_d2e_norm_op1)
    CL$$btod_div_common                      0x08001f80   Section      824  btod.o(CL$$btod_div_common)
    CL$$btod_e2e                             0x080022b8   Section      220  btod.o(CL$$btod_e2e)
    CL$$btod_ediv                            0x08002394   Section       42  btod.o(CL$$btod_ediv)
    CL$$btod_emul                            0x080023be   Section       42  btod.o(CL$$btod_emul)
    CL$$btod_mult_common                     0x080023e8   Section      580  btod.o(CL$$btod_mult_common)
    i.__ARM_fpclassify                       0x0800262c   Section        0  fpclassify.o(i.__ARM_fpclassify)
    locale$$code                             0x08002654   Section       44  lc_numeric_c.o(locale$$code)
    x$fpl$dretinf                            0x08002680   Section       12  dretinf.o(x$fpl$dretinf)
    x$fpl$f2d                                0x0800268c   Section       86  f2d.o(x$fpl$f2d)
    x$fpl$ffltu                              0x080026e4   Section       38  fflt_clz.o(x$fpl$ffltu)
    x$fpl$fnaninf                            0x0800270a   Section      140  fnaninf.o(x$fpl$fnaninf)
    x$fpl$printf1                            0x08002796   Section        4  printf1.o(x$fpl$printf1)
    x$fpl$usenofp                            0x0800279a   Section        0  usenofp.o(x$fpl$usenofp)
    tenpwrs_x                                0x0800279c   Data          60  bigflt0.o(.constdata)
    .constdata                               0x0800279c   Section      148  bigflt0.o(.constdata)
    tenpwrs_i                                0x080027d8   Data          64  bigflt0.o(.constdata)
    ADCPrescTable                            0x08002830   Data           4  stm32f10x_rcc.o(.rodata.ADCPrescTable)
    [Anonymous Symbol]                       0x08002830   Section        0  stm32f10x_rcc.o(.rodata.ADCPrescTable)
    APBAHBPrescTable                         0x08002834   Data          16  stm32f10x_rcc.o(.rodata.APBAHBPrescTable)
    [Anonymous Symbol]                       0x08002834   Section        0  stm32f10x_rcc.o(.rodata.APBAHBPrescTable)
    locale$$data                             0x0800287c   Section       28  lc_numeric_c.o(locale$$data)
    __lcnum_c_name                           0x08002880   Data           2  lc_numeric_c.o(locale$$data)
    __lcnum_c_start                          0x08002888   Data           0  lc_numeric_c.o(locale$$data)
    __lcnum_c_point                          0x08002894   Data           0  lc_numeric_c.o(locale$$data)
    __lcnum_c_thousands                      0x08002896   Data           0  lc_numeric_c.o(locale$$data)
    __lcnum_c_grouping                       0x08002897   Data           0  lc_numeric_c.o(locale$$data)
    __lcnum_c_end                            0x08002898   Data           0  lc_numeric_c.o(locale$$data)
    .data                                    0x20000000   Section        4  stdio_streams.o(.data)
    .data                                    0x20000004   Section        4  stdio_streams.o(.data)
    .data                                    0x20000008   Section        4  stdio_streams.o(.data)
    .bss                                     0x20000010   Section       84  stdio_streams.o(.bss)
    .bss                                     0x20000064   Section       84  stdio_streams.o(.bss)
    .bss                                     0x200000b8   Section       84  stdio_streams.o(.bss)
    .bss                                     0x2000010c   Section       96  libspace.o(.bss)
    Heap_Mem                                 0x200001e0   Data         512  startup_stm32f10x_md.o(HEAP)
    HEAP                                     0x200001e0   Section      512  startup_stm32f10x_md.o(HEAP)
    Stack_Mem                                0x200003e0   Data        1024  startup_stm32f10x_md.o(STACK)
    STACK                                    0x200003e0   Section     1024  startup_stm32f10x_md.o(STACK)
    __initial_sp                             0x200007e0   Data           0  startup_stm32f10x_md.o(STACK)

    Global Symbols

    Symbol Name                              Value     Ov Type        Size  Object(Section)

    BuildAttributes$$THM_ISAv4$P$D$K$B$S$PE$A:L22UL41UL21$X:L11$S22US41US21$IEEE1$IW$~IW$USESV6$~STKCKD$USESV7$~SHL$OTIME$ROPI$IEEEJ$EBA8$UX$STANDARDLIB$REQ8$PRES8$EABIv2 0x00000000   Number         0  anon$$obj.o ABSOLUTE
    __fp_init_empty                          0x00000000   Number         0  fpinit_empty.o ABSOLUTE
    __ARM_exceptions_init                     - Undefined Weak Reference
    __alloca_initialize                       - Undefined Weak Reference
    __arm_preinit_                            - Undefined Weak Reference
    __arm_relocate_pie_                       - Undefined Weak Reference
    __cpp_initialize__aeabi_                  - Undefined Weak Reference
    __cxa_finalize                            - Undefined Weak Reference
    __sigvec_lookup                           - Undefined Weak Reference
    __user_heap_extent                        - Undefined Weak Reference
    _atexit_init                              - Undefined Weak Reference
    _call_atexit_fns                          - Undefined Weak Reference
    _clock_init                               - Undefined Weak Reference
    _fp_trap_init                             - Undefined Weak Reference
    _fp_trap_shutdown                         - Undefined Weak Reference
    _get_lc_collate                           - Undefined Weak Reference
    _get_lc_ctype                             - Undefined Weak Reference
    _get_lc_monetary                          - Undefined Weak Reference
    _get_lc_time                              - Undefined Weak Reference
    _getenv_init                              - Undefined Weak Reference
    _handle_redirection                       - Undefined Weak Reference
    _mutex_acquire                            - Undefined Weak Reference
    _mutex_free                               - Undefined Weak Reference
    _mutex_release                            - Undefined Weak Reference
    _printf_post_padding                      - Undefined Weak Reference
    _printf_pre_padding                       - Undefined Weak Reference
    _printf_truncate_signed                   - Undefined Weak Reference
    _printf_truncate_unsigned                 - Undefined Weak Reference
    _rand_init                                - Undefined Weak Reference
    _signal_finish                            - Undefined Weak Reference
    _signal_init                              - Undefined Weak Reference
    __Vectors_Size                           0x000000ec   Number         0  startup_stm32f10x_md.o ABSOLUTE
    __Vectors                                0x08000000   Data           4  startup_stm32f10x_md.o(RESET)
    __Vectors_End                            0x080000ec   Data           0  startup_stm32f10x_md.o(RESET)
    __main                                   0x080000ed   Thumb Code     8  __main.o(!!!main)
    __scatterload                            0x080000f5   Thumb Code     0  __scatter.o(!!!scatter)
    __scatterload_rt2                        0x080000f5   Thumb Code    84  __scatter.o(!!!scatter)
    __scatterload_rt2_thumb_only             0x080000f5   Thumb Code     0  __scatter.o(!!!scatter)
    __scatterload_loop                       0x080000ff   Thumb Code     0  __scatter.o(!!!scatter)
    __scatterload_copy                       0x08000151   Thumb Code    26  __scatter_copy.o(!!handler_copy)
    __scatterload_null                       0x0800016d   Thumb Code     2  __scatter.o(!!handler_null)
    __scatterload_zeroinit                   0x08000171   Thumb Code    28  __scatter_zi.o(!!handler_zi)
    _printf_f                                0x0800018d   Thumb Code     0  _printf_f.o(.ARM.Collect$$_printf_percent$$00000003)
    _printf_percent                          0x0800018d   Thumb Code     0  _printf_percent.o(.ARM.Collect$$_printf_percent$$00000000)
    _printf_d                                0x08000193   Thumb Code     0  _printf_d.o(.ARM.Collect$$_printf_percent$$00000009)
    _printf_percent_end                      0x08000199   Thumb Code     0  _printf_percent_end.o(.ARM.Collect$$_printf_percent$$00000017)
    __rt_lib_init                            0x0800019d   Thumb Code     0  libinit.o(.ARM.Collect$$libinit$$00000000)
    __rt_lib_init_fp_1                       0x0800019f   Thumb Code     0  libinit2.o(.ARM.Collect$$libinit$$00000002)
    __rt_lib_init_heap_2                     0x0800019f   Thumb Code     0  libinit2.o(.ARM.Collect$$libinit$$00000007)
    __rt_lib_init_preinit_1                  0x0800019f   Thumb Code     0  libinit2.o(.ARM.Collect$$libinit$$00000006)
    __rt_lib_init_relocate_pie_1             0x0800019f   Thumb Code     0  libinit2.o(.ARM.Collect$$libinit$$00000004)
    __rt_lib_init_heap_1                     0x080001a7   Thumb Code     0  libinit2.o(.ARM.Collect$$libinit$$0000000C)
    __rt_lib_init_lc_common                  0x080001a7   Thumb Code     0  libinit2.o(.ARM.Collect$$libinit$$00000011)
    __rt_lib_init_rand_1                     0x080001a7   Thumb Code     0  libinit2.o(.ARM.Collect$$libinit$$00000010)
    __rt_lib_init_user_alloc_1               0x080001a7   Thumb Code     0  libinit2.o(.ARM.Collect$$libinit$$0000000E)
    __rt_lib_init_lc_collate_1               0x080001ad   Thumb Code     0  libinit2.o(.ARM.Collect$$libinit$$00000013)
    __rt_lib_init_lc_ctype_1                 0x080001ad   Thumb Code     0  libinit2.o(.ARM.Collect$$libinit$$00000015)
    __rt_lib_init_lc_monetary_1              0x080001ad   Thumb Code     0  libinit2.o(.ARM.Collect$$libinit$$00000017)
    __rt_lib_init_lc_numeric_2               0x080001ad   Thumb Code     0  libinit2.o(.ARM.Collect$$libinit$$00000018)
    __rt_lib_init_atexit_1                   0x080001b7   Thumb Code     0  libinit2.o(.ARM.Collect$$libinit$$0000001D)
    __rt_lib_init_clock_1                    0x080001b7   Thumb Code     0  libinit2.o(.ARM.Collect$$libinit$$00000023)
    __rt_lib_init_fp_trap_1                  0x080001b7   Thumb Code     0  libinit2.o(.ARM.Collect$$libinit$$00000021)
    __rt_lib_init_getenv_1                   0x080001b7   Thumb Code     0  libinit2.o(.ARM.Collect$$libinit$$00000025)
    __rt_lib_init_lc_numeric_1               0x080001b7   Thumb Code     0  libinit2.o(.ARM.Collect$$libinit$$00000019)
    __rt_lib_init_lc_time_1                  0x080001b7   Thumb Code     0  libinit2.o(.ARM.Collect$$libinit$$0000001B)
    __rt_lib_init_signal_1                   0x080001b7   Thumb Code     0  libinit2.o(.ARM.Collect$$libinit$$0000001F)
    __rt_lib_init_stdio_2                    0x080001b7   Thumb Code     0  libinit2.o(.ARM.Collect$$libinit$$00000026)
    __rt_lib_init_alloca_1                   0x080001bb   Thumb Code     0  libinit2.o(.ARM.Collect$$libinit$$00000030)
    __rt_lib_init_argv_1                     0x080001bb   Thumb Code     0  libinit2.o(.ARM.Collect$$libinit$$0000002E)
    __rt_lib_init_cpp_1                      0x080001bb   Thumb Code     0  libinit2.o(.ARM.Collect$$libinit$$00000034)
    __rt_lib_init_exceptions_1               0x080001bb   Thumb Code     0  libinit2.o(.ARM.Collect$$libinit$$00000032)
    __rt_lib_init_return                     0x080001bb   Thumb Code     0  libinit2.o(.ARM.Collect$$libinit$$00000035)
    __rt_lib_init_stdio_1                    0x080001bb   Thumb Code     0  libinit2.o(.ARM.Collect$$libinit$$00000027)
    __rt_lib_shutdown                        0x080001bd   Thumb Code     0  libshutdown.o(.ARM.Collect$$libshutdown$$00000000)
    __rt_lib_shutdown_cpp_1                  0x080001bf   Thumb Code     0  libshutdown2.o(.ARM.Collect$$libshutdown$$00000002)
    __rt_lib_shutdown_stdio_2                0x080001bf   Thumb Code     0  libshutdown2.o(.ARM.Collect$$libshutdown$$00000003)
    __rt_lib_shutdown_fp_trap_1              0x080001c3   Thumb Code     0  libshutdown2.o(.ARM.Collect$$libshutdown$$00000007)
    __rt_lib_shutdown_heap_1                 0x080001c3   Thumb Code     0  libshutdown2.o(.ARM.Collect$$libshutdown$$0000000F)
    __rt_lib_shutdown_return                 0x080001c3   Thumb Code     0  libshutdown2.o(.ARM.Collect$$libshutdown$$00000010)
    __rt_lib_shutdown_signal_1               0x080001c3   Thumb Code     0  libshutdown2.o(.ARM.Collect$$libshutdown$$0000000A)
    __rt_lib_shutdown_stdio_1                0x080001c3   Thumb Code     0  libshutdown2.o(.ARM.Collect$$libshutdown$$00000004)
    __rt_lib_shutdown_user_alloc_1           0x080001c3   Thumb Code     0  libshutdown2.o(.ARM.Collect$$libshutdown$$0000000C)
    __rt_entry                               0x080001c5   Thumb Code     0  __rtentry.o(.ARM.Collect$$rtentry$$00000000)
    __rt_entry_presh_1                       0x080001c5   Thumb Code     0  __rtentry2.o(.ARM.Collect$$rtentry$$00000002)
    __rt_entry_sh                            0x080001c5   Thumb Code     0  __rtentry4.o(.ARM.Collect$$rtentry$$00000004)
    __rt_entry_li                            0x080001cb   Thumb Code     0  __rtentry2.o(.ARM.Collect$$rtentry$$0000000A)
    __rt_entry_postsh_1                      0x080001cb   Thumb Code     0  __rtentry2.o(.ARM.Collect$$rtentry$$00000009)
    __rt_entry_main                          0x080001cf   Thumb Code     0  __rtentry2.o(.ARM.Collect$$rtentry$$0000000D)
    __rt_entry_postli_1                      0x080001cf   Thumb Code     0  __rtentry2.o(.ARM.Collect$$rtentry$$0000000C)
    __rt_exit                                0x080001d7   Thumb Code     0  rtexit.o(.ARM.Collect$$rtexit$$00000000)
    __rt_exit_ls                             0x080001d9   Thumb Code     0  rtexit2.o(.ARM.Collect$$rtexit$$00000003)
    __rt_exit_prels_1                        0x080001d9   Thumb Code     0  rtexit2.o(.ARM.Collect$$rtexit$$00000002)
    __rt_exit_exit                           0x080001dd   Thumb Code     0  rtexit2.o(.ARM.Collect$$rtexit$$00000004)
    Reset_Handler                            0x080001e5   Thumb Code     8  startup_stm32f10x_md.o(.text)
    NMI_Handler                              0x080001ed   Thumb Code     2  startup_stm32f10x_md.o(.text)
    HardFault_Handler                        0x080001ef   Thumb Code     2  startup_stm32f10x_md.o(.text)
    MemManage_Handler                        0x080001f1   Thumb Code     2  startup_stm32f10x_md.o(.text)
    BusFault_Handler                         0x080001f3   Thumb Code     2  startup_stm32f10x_md.o(.text)
    UsageFault_Handler                       0x080001f5   Thumb Code     2  startup_stm32f10x_md.o(.text)
    SVC_Handler                              0x080001f7   Thumb Code     2  startup_stm32f10x_md.o(.text)
    DebugMon_Handler                         0x080001f9   Thumb Code     2  startup_stm32f10x_md.o(.text)
    PendSV_Handler                           0x080001fb   Thumb Code     2  startup_stm32f10x_md.o(.text)
    ADC1_2_IRQHandler                        0x080001ff   Thumb Code     0  startup_stm32f10x_md.o(.text)
    CAN1_RX1_IRQHandler                      0x080001ff   Thumb Code     0  startup_stm32f10x_md.o(.text)
    CAN1_SCE_IRQHandler                      0x080001ff   Thumb Code     0  startup_stm32f10x_md.o(.text)
    DMA1_Channel1_IRQHandler                 0x080001ff   Thumb Code     0  startup_stm32f10x_md.o(.text)
    DMA1_Channel2_IRQHandler                 0x080001ff   Thumb Code     0  startup_stm32f10x_md.o(.text)
    DMA1_Channel3_IRQHandler                 0x080001ff   Thumb Code     0  startup_stm32f10x_md.o(.text)
    DMA1_Channel4_IRQHandler                 0x080001ff   Thumb Code     0  startup_stm32f10x_md.o(.text)
    DMA1_Channel5_IRQHandler                 0x080001ff   Thumb Code     0  startup_stm32f10x_md.o(.text)
    DMA1_Channel6_IRQHandler                 0x080001ff   Thumb Code     0  startup_stm32f10x_md.o(.text)
    DMA1_Channel7_IRQHandler                 0x080001ff   Thumb Code     0  startup_stm32f10x_md.o(.text)
    EXTI0_IRQHandler                         0x080001ff   Thumb Code     0  startup_stm32f10x_md.o(.text)
    EXTI15_10_IRQHandler                     0x080001ff   Thumb Code     0  startup_stm32f10x_md.o(.text)
    EXTI1_IRQHandler                         0x080001ff   Thumb Code     0  startup_stm32f10x_md.o(.text)
    EXTI2_IRQHandler                         0x080001ff   Thumb Code     0  startup_stm32f10x_md.o(.text)
    EXTI3_IRQHandler                         0x080001ff   Thumb Code     0  startup_stm32f10x_md.o(.text)
    EXTI4_IRQHandler                         0x080001ff   Thumb Code     0  startup_stm32f10x_md.o(.text)
    EXTI9_5_IRQHandler                       0x080001ff   Thumb Code     0  startup_stm32f10x_md.o(.text)
    FLASH_IRQHandler                         0x080001ff   Thumb Code     0  startup_stm32f10x_md.o(.text)
    I2C1_ER_IRQHandler                       0x080001ff   Thumb Code     0  startup_stm32f10x_md.o(.text)
    I2C1_EV_IRQHandler                       0x080001ff   Thumb Code     0  startup_stm32f10x_md.o(.text)
    I2C2_ER_IRQHandler                       0x080001ff   Thumb Code     0  startup_stm32f10x_md.o(.text)
    I2C2_EV_IRQHandler                       0x080001ff   Thumb Code     0  startup_stm32f10x_md.o(.text)
    PVD_IRQHandler                           0x080001ff   Thumb Code     0  startup_stm32f10x_md.o(.text)
    RCC_IRQHandler                           0x080001ff   Thumb Code     0  startup_stm32f10x_md.o(.text)
    RTCAlarm_IRQHandler                      0x080001ff   Thumb Code     0  startup_stm32f10x_md.o(.text)
    RTC_IRQHandler                           0x080001ff   Thumb Code     0  startup_stm32f10x_md.o(.text)
    SPI1_IRQHandler                          0x080001ff   Thumb Code     0  startup_stm32f10x_md.o(.text)
    SPI2_IRQHandler                          0x080001ff   Thumb Code     0  startup_stm32f10x_md.o(.text)
    TAMPER_IRQHandler                        0x080001ff   Thumb Code     0  startup_stm32f10x_md.o(.text)
    TIM1_BRK_IRQHandler                      0x080001ff   Thumb Code     0  startup_stm32f10x_md.o(.text)
    TIM1_CC_IRQHandler                       0x080001ff   Thumb Code     0  startup_stm32f10x_md.o(.text)
    TIM1_TRG_COM_IRQHandler                  0x080001ff   Thumb Code     0  startup_stm32f10x_md.o(.text)
    TIM1_UP_IRQHandler                       0x080001ff   Thumb Code     0  startup_stm32f10x_md.o(.text)
    TIM2_IRQHandler                          0x080001ff   Thumb Code     0  startup_stm32f10x_md.o(.text)
    TIM3_IRQHandler                          0x080001ff   Thumb Code     0  startup_stm32f10x_md.o(.text)
    TIM4_IRQHandler                          0x080001ff   Thumb Code     0  startup_stm32f10x_md.o(.text)
    USART2_IRQHandler                        0x080001ff   Thumb Code     0  startup_stm32f10x_md.o(.text)
    USART3_IRQHandler                        0x080001ff   Thumb Code     0  startup_stm32f10x_md.o(.text)
    USBWakeUp_IRQHandler                     0x080001ff   Thumb Code     0  startup_stm32f10x_md.o(.text)
    USB_HP_CAN1_TX_IRQHandler                0x080001ff   Thumb Code     0  startup_stm32f10x_md.o(.text)
    USB_LP_CAN1_RX0_IRQHandler               0x080001ff   Thumb Code     0  startup_stm32f10x_md.o(.text)
    WWDG_IRQHandler                          0x080001ff   Thumb Code     0  startup_stm32f10x_md.o(.text)
    __user_initial_stackheap                 0x08000201   Thumb Code     0  startup_stm32f10x_md.o(.text)
    __2printf                                0x08000225   Thumb Code    20  noretval__2printf.o(.text)
    __printf                                 0x0800023d   Thumb Code   104  __printf.o(.text)
    _printf_int_dec                          0x080002a5   Thumb Code   104  _printf_dec.o(.text)
    puts                                     0x0800031d   Thumb Code    40  puts.o(.text)
    strcmp                                   0x08000349   Thumb Code   128  strcmpv7m.o(.text)
    __use_two_region_memory                  0x080003c9   Thumb Code     2  heapauxi.o(.text)
    __rt_heap_escrow                         0x080003cb   Thumb Code     2  heapauxi.o(.text)
    __rt_heap_expand                         0x080003cd   Thumb Code     2  heapauxi.o(.text)
    _printf_int_common                       0x080003cf   Thumb Code   178  _printf_intcommon.o(.text)
    _printf_fp_dec_real                      0x08000631   Thumb Code   620  _printf_fp_dec.o(.text)
    _printf_char_file                        0x0800089d   Thumb Code    32  _printf_char_file.o(.text)
    __rt_locale                              0x080008c1   Thumb Code     8  rt_locale_intlibspace.o(.text)
    _ll_udiv10                               0x080008c9   Thumb Code   138  lludiv10.o(.text)
    _printf_char_common                      0x0800095f   Thumb Code    32  _printf_char_common.o(.text)
    _printf_fp_infnan                        0x08000985   Thumb Code   112  _printf_fp_infnan.o(.text)
    _btod_etento                             0x08000a05   Thumb Code   224  bigflt0.o(.text)
    ferror                                   0x08000ae9   Thumb Code     8  ferror.o(.text)
    _initio                                  0x08000af1   Thumb Code   210  initio.o(.text)
    _terminateio                             0x08000bc3   Thumb Code    56  initio.o(.text)
    __user_libspace                          0x08000c29   Thumb Code     8  libspace.o(.text)
    __user_perproc_libspace                  0x08000c29   Thumb Code     0  libspace.o(.text)
    __user_perthread_libspace                0x08000c29   Thumb Code     0  libspace.o(.text)
    __user_setup_stackheap                   0x08000c31   Thumb Code    74  sys_stackheap_outer.o(.text)
    free                                     0x08000c7b   Thumb Code    78  h1_free.o(.text)
    setvbuf                                  0x08000cc9   Thumb Code    70  setvbuf.o(.text)
    freopen                                  0x08000d11   Thumb Code   160  fopen.o(.text)
    fopen                                    0x08000db1   Thumb Code    74  fopen.o(.text)
    _fclose_internal                         0x08000e01   Thumb Code    76  fclose.o(.text)
    fclose                                   0x08000e01   Thumb Code     0  fclose.o(.text)
    exit                                     0x08000e4d   Thumb Code    18  exit.o(.text)
    __rt_SIGRTRED                            0x08000e5f   Thumb Code    14  defsig_rtred_outer.o(.text)
    __aeabi_memclr4                          0x08000e6d   Thumb Code     0  rt_memclr_w.o(.text)
    __aeabi_memclr8                          0x08000e6d   Thumb Code     0  rt_memclr_w.o(.text)
    __rt_memclr_w                            0x08000e6d   Thumb Code     0  rt_memclr_w.o(.text)
    _memset_w                                0x08000e71   Thumb Code    74  rt_memclr_w.o(.text)
    __rt_heap_descriptor                     0x08000ebd   Thumb Code     8  rt_heap_descriptor_intlibspace.o(.text)
    __use_no_heap                            0x08000ec5   Thumb Code     2  hguard.o(.text)
    __heap$guard                             0x08000ec7   Thumb Code     2  hguard.o(.text)
    _terminate_user_alloc                    0x08000ec9   Thumb Code     2  init_alloc.o(.text)
    _init_user_alloc                         0x08000ecb   Thumb Code     2  init_alloc.o(.text)
    __Heap_Full                              0x08000ecd   Thumb Code    34  init_alloc.o(.text)
    __Heap_Broken                            0x08000eef   Thumb Code     6  init_alloc.o(.text)
    _init_alloc                              0x08000ef5   Thumb Code    94  init_alloc.o(.text)
    malloc                                   0x08000f53   Thumb Code    94  h1_alloc.o(.text)
    _fseek                                   0x08000fb1   Thumb Code   242  fseek.o(.text)
    fseek                                    0x08000fb1   Thumb Code     0  fseek.o(.text)
    _seterr                                  0x080010a9   Thumb Code    20  stdio.o(.text)
    _writebuf                                0x080010bd   Thumb Code   108  stdio.o(.text)
    _fflush                                  0x08001129   Thumb Code    70  stdio.o(.text)
    _deferredlazyseek                        0x0800116f   Thumb Code    60  stdio.o(.text)
    __sig_exit                               0x080011b1   Thumb Code    10  defsig_exit.o(.text)
    __rt_SIGRTRED_inner                      0x080011bd   Thumb Code    14  defsig_rtred_inner.o(.text)
    _sys_exit                                0x080011f1   Thumb Code     8  sys_exit.o(.text)
    __Heap_Initialize                        0x080011fd   Thumb Code     8  h1_init.o(.text)
    _maybe_terminate_alloc                   0x080011fd   Thumb Code     0  maybetermalloc1.o(.text)
    __Heap_DescSize                          0x08001205   Thumb Code     4  h1_init.o(.text)
    __Heap_ProvideMemory                     0x08001209   Thumb Code    52  h1_extend.o(.text)
    _ftell_internal                          0x0800123d   Thumb Code    66  ftell.o(.text)
    ftell                                    0x0800123d   Thumb Code     0  ftell.o(.text)
    __default_signal_display                 0x0800127f   Thumb Code    50  defsig_general.o(.text)
    __rt_SIGRTMEM                            0x080012b1   Thumb Code    14  defsig_rtmem_outer.o(.text)
    __I$use$semihosting                      0x080012bf   Thumb Code     0  use_no_semi.o(.text)
    __use_no_semihosting_swi                 0x080012bf   Thumb Code     2  use_no_semi.o(.text)
    __aeabi_errno_addr                       0x080012c1   Thumb Code     8  rt_errno_addr_intlibspace.o(.text)
    __errno$intlibspace                      0x080012c1   Thumb Code     0  rt_errno_addr_intlibspace.o(.text)
    __rt_errno_addr$intlibspace              0x080012c1   Thumb Code     0  rt_errno_addr_intlibspace.o(.text)
    __semihosting_library_function           0x080012c1   Thumb Code     0  indicate_semi.o(.text)
    __rt_SIGRTMEM_inner                      0x080012c9   Thumb Code    22  defsig_rtmem_inner.o(.text)
    DHT_Init                                 0x08001319   Thumb Code   128  dht.o(.text.DHT_Init)
    DHT_Read                                 0x08001399   Thumb Code   184  dht.o(.text.DHT_Read)
    DHT_ReadTempHum                          0x08001479   Thumb Code   104  dht.o(.text.DHT_ReadTempHum)
    DHT_Start                                0x080014f1   Thumb Code   340  dht.o(.text.DHT_Start)
    GPIO_Init                                0x08001685   Thumb Code   192  stm32f10x_gpio.o(.text.GPIO_Init)
    GPIO_ReadInputDataBit                    0x08001745   Thumb Code    10  stm32f10x_gpio.o(.text.GPIO_ReadInputDataBit)
    GPIO_WriteBit                            0x08001751   Thumb Code    12  stm32f10x_gpio.o(.text.GPIO_WriteBit)
    RCC_APB1PeriphClockCmd                   0x0800175d   Thumb Code    24  stm32f10x_rcc.o(.text.RCC_APB1PeriphClockCmd)
    RCC_APB2PeriphClockCmd                   0x08001775   Thumb Code    24  stm32f10x_rcc.o(.text.RCC_APB2PeriphClockCmd)
    RCC_GetClocksFreq                        0x0800178d   Thumb Code   140  stm32f10x_rcc.o(.text.RCC_GetClocksFreq)
    SysTick_Handler                          0x08001819   Thumb Code    16  delay.o(.text.SysTick_Handler)
    SysTick_Init                             0x08001829   Thumb Code    20  delay.o(.text.SysTick_Init)
    SystemInit                               0x0800183d   Thumb Code   272  system_stm32f10x.o(.text.SystemInit)
    TIM_Cmd                                  0x0800194d   Thumb Code    18  stm32f10x_tim.o(.text.TIM_Cmd)
    TIM_GetCounter                           0x08001961   Thumb Code     4  stm32f10x_tim.o(.text.TIM_GetCounter)
    TIM_SetCounter                           0x08001965   Thumb Code     4  stm32f10x_tim.o(.text.TIM_SetCounter)
    TIM_TimeBaseInit                         0x08001969   Thumb Code   172  stm32f10x_tim.o(.text.TIM_TimeBaseInit)
    USART1_IRQHandler                        0x08001a15   Thumb Code   114  my_usart.o(.text.USART1_IRQHandler)
    USART_ClearFlag                          0x08001a89   Thumb Code     6  stm32f10x_usart.o(.text.USART_ClearFlag)
    USART_ClearITPendingBit                  0x08001a91   Thumb Code    14  stm32f10x_usart.o(.text.USART_ClearITPendingBit)
    USART_Cmd                                0x08001aa1   Thumb Code    20  stm32f10x_usart.o(.text.USART_Cmd)
    USART_GetFlagStatus                      0x08001ab5   Thumb Code    10  stm32f10x_usart.o(.text.USART_GetFlagStatus)
    USART_GetITStatus                        0x08001ac1   Thumb Code    48  stm32f10x_usart.o(.text.USART_GetITStatus)
    USART_ITConfig                           0x08001af1   Thumb Code    46  stm32f10x_usart.o(.text.USART_ITConfig)
    USART_Init                               0x08001b21   Thumb Code   182  stm32f10x_usart.o(.text.USART_Init)
    USART_ReceiveData                        0x08001bd9   Thumb Code     8  stm32f10x_usart.o(.text.USART_ReceiveData)
    USART_SendData                           0x08001be1   Thumb Code     8  stm32f10x_usart.o(.text.USART_SendData)
    _sys_close                               0x08001be9   Thumb Code    20  retarget_io.o(.text._sys_close)
    _sys_flen                                0x08001bfd   Thumb Code     4  retarget_io.o(.text._sys_flen)
    _sys_istty                               0x08001c01   Thumb Code    16  retarget_io.o(.text._sys_istty)
    _sys_open                                0x08001c11   Thumb Code   100  retarget_io.o(.text._sys_open)
    _sys_seek                                0x08001c75   Thumb Code     6  retarget_io.o(.text._sys_seek)
    _sys_write                               0x08001c7d   Thumb Code    34  retarget_io.o(.text._sys_write)
    _ttywrch                                 0x08001ca1   Thumb Code     4  retarget_io.o(.text._ttywrch)
    delay_ms                                 0x08001ca5   Thumb Code    72  delay.o(.text.delay_ms)
    delay_us                                 0x08001ced   Thumb Code    56  delay.o(.text.delay_us)
    fputc                                    0x08001d25   Thumb Code    36  my_usart.o(.text.fputc)
    main                                     0x08001d49   Thumb Code   108  main.o(.text.main)
    usart1_cfg_A9A10                         0x08001de1   Thumb Code   188  my_usart.o(.text.usart1_cfg_A9A10)
    _btod_d2e                                0x08001e9d   Thumb Code    62  btod.o(CL$$btod_d2e)
    _d2e_denorm_low                          0x08001edb   Thumb Code    70  btod.o(CL$$btod_d2e_denorm_low)
    _d2e_norm_op1                            0x08001f21   Thumb Code    96  btod.o(CL$$btod_d2e_norm_op1)
    __btod_div_common                        0x08001f81   Thumb Code   696  btod.o(CL$$btod_div_common)
    _e2e                                     0x080022b9   Thumb Code   220  btod.o(CL$$btod_e2e)
    _btod_ediv                               0x08002395   Thumb Code    42  btod.o(CL$$btod_ediv)
    _btod_emul                               0x080023bf   Thumb Code    42  btod.o(CL$$btod_emul)
    __btod_mult_common                       0x080023e9   Thumb Code   580  btod.o(CL$$btod_mult_common)
    __ARM_fpclassify                         0x0800262d   Thumb Code    40  fpclassify.o(i.__ARM_fpclassify)
    _get_lc_numeric                          0x08002655   Thumb Code    44  lc_numeric_c.o(locale$$code)
    __fpl_dretinf                            0x08002681   Thumb Code    12  dretinf.o(x$fpl$dretinf)
    __aeabi_f2d                              0x0800268d   Thumb Code     0  f2d.o(x$fpl$f2d)
    _f2d                                     0x0800268d   Thumb Code    86  f2d.o(x$fpl$f2d)
    __aeabi_ui2f                             0x080026e5   Thumb Code     0  fflt_clz.o(x$fpl$ffltu)
    _ffltu                                   0x080026e5   Thumb Code    38  fflt_clz.o(x$fpl$ffltu)
    __fpl_fnaninf                            0x0800270b   Thumb Code   140  fnaninf.o(x$fpl$fnaninf)
    _printf_fp_dec                           0x08002797   Thumb Code     4  printf1.o(x$fpl$printf1)
    __I$use$fp                               0x0800279a   Number         0  usenofp.o(x$fpl$usenofp)
    __stderr_name                            0x08002844   Data           8  retarget_io.o(.rodata.__stderr_name)
    __stdin_name                             0x0800284c   Data           7  retarget_io.o(.rodata.__stdin_name)
    __stdout_name                            0x08002853   Data           8  retarget_io.o(.rodata.__stdout_name)
    Region$$Table$$Base                      0x0800285c   Number         0  anon$$obj.o(Region$$Table)
    Region$$Table$$Limit                     0x0800287c   Number         0  anon$$obj.o(Region$$Table)
    __aeabi_stdin                            0x20000000   Data           4  stdio_streams.o(.data)
    __aeabi_stdout                           0x20000004   Data           4  stdio_streams.o(.data)
    __aeabi_stderr                           0x20000008   Data           4  stdio_streams.o(.data)
    SysTickCounter                           0x2000000c   Data           4  delay.o(.data.SysTickCounter)
    __stdin                                  0x20000010   Data          84  stdio_streams.o(.bss)
    __stdout                                 0x20000064   Data          84  stdio_streams.o(.bss)
    __stderr                                 0x200000b8   Data          84  stdio_streams.o(.bss)
    __libspace_start                         0x2000010c   Data          96  libspace.o(.bss)
    DHT1                                     0x2000016c   Data          24  main.o(.bss.DHT1)
    __temporary_stack_top$libspace           0x2000016c   Data           0  libspace.o(.bss)
    RX_Buffer                                0x20000184   Data          80  my_usart.o(.bss.RX_Buffer)
    RX_available                             0x200001d4   Data           1  my_usart.o(.bss.RX_available)
    RX_index                                 0x200001d5   Data           1  my_usart.o(.bss.RX_index)
    receive_length                           0x200001d6   Data           2  my_usart.o(.bss.receive_length)
    u16Tim                                   0x200001d8   Data           2  dht.o(.bss.u16Tim)



==============================================================================

Memory Map of the image

  Image Entry point : 0x080000ed

  Load Region LR_IROM1 (Base: 0x08000000, Size: 0x000028a8, Max: 0x00010000, ABSOLUTE)

    Execution Region ER_IROM1 (Exec base: 0x08000000, Load base: 0x08000000, Size: 0x00002898, Max: 0x00010000, ABSOLUTE)

    Exec Addr    Load Addr    Size         Type   Attr      Idx    E Section Name        Object

    0x08000000   0x08000000   0x000000ec   Data   RO          567    RESET               startup_stm32f10x_md.o
    0x080000ec   0x080000ec   0x00000008   Code   RO          629  * !!!main             c_w.l(__main.o)
    0x080000f4   0x080000f4   0x0000005c   Code   RO         1023    !!!scatter          c_w.l(__scatter.o)
    0x08000150   0x08000150   0x0000001a   Code   RO         1027    !!handler_copy      c_w.l(__scatter_copy.o)
    0x0800016a   0x0800016a   0x00000002   PAD
    0x0800016c   0x0800016c   0x00000002   Code   RO         1024    !!handler_null      c_w.l(__scatter.o)
    0x0800016e   0x0800016e   0x00000002   PAD
    0x08000170   0x08000170   0x0000001c   Code   RO         1029    !!handler_zi        c_w.l(__scatter_zi.o)
    0x0800018c   0x0800018c   0x00000000   Code   RO          622    .ARM.Collect$$_printf_percent$$00000000  c_w.l(_printf_percent.o)
    0x0800018c   0x0800018c   0x00000006   Code   RO          621    .ARM.Collect$$_printf_percent$$00000003  c_w.l(_printf_f.o)
    0x08000192   0x08000192   0x00000006   Code   RO          620    .ARM.Collect$$_printf_percent$$00000009  c_w.l(_printf_d.o)
    0x08000198   0x08000198   0x00000004   Code   RO          654    .ARM.Collect$$_printf_percent$$00000017  c_w.l(_printf_percent_end.o)
    0x0800019c   0x0800019c   0x00000002   Code   RO          831    .ARM.Collect$$libinit$$00000000  c_w.l(libinit.o)
    0x0800019e   0x0800019e   0x00000000   Code   RO          833    .ARM.Collect$$libinit$$00000002  c_w.l(libinit2.o)
    0x0800019e   0x0800019e   0x00000000   Code   RO          835    .ARM.Collect$$libinit$$00000004  c_w.l(libinit2.o)
    0x0800019e   0x0800019e   0x00000000   Code   RO          837    .ARM.Collect$$libinit$$00000006  c_w.l(libinit2.o)
    0x0800019e   0x0800019e   0x00000008   Code   RO          838    .ARM.Collect$$libinit$$00000007  c_w.l(libinit2.o)
    0x080001a6   0x080001a6   0x00000000   Code   RO          840    .ARM.Collect$$libinit$$0000000C  c_w.l(libinit2.o)
    0x080001a6   0x080001a6   0x00000000   Code   RO          842    .ARM.Collect$$libinit$$0000000E  c_w.l(libinit2.o)
    0x080001a6   0x080001a6   0x00000000   Code   RO          844    .ARM.Collect$$libinit$$00000010  c_w.l(libinit2.o)
    0x080001a6   0x080001a6   0x00000006   Code   RO          845    .ARM.Collect$$libinit$$00000011  c_w.l(libinit2.o)
    0x080001ac   0x080001ac   0x00000000   Code   RO          847    .ARM.Collect$$libinit$$00000013  c_w.l(libinit2.o)
    0x080001ac   0x080001ac   0x00000000   Code   RO          849    .ARM.Collect$$libinit$$00000015  c_w.l(libinit2.o)
    0x080001ac   0x080001ac   0x00000000   Code   RO          851    .ARM.Collect$$libinit$$00000017  c_w.l(libinit2.o)
    0x080001ac   0x080001ac   0x0000000a   Code   RO          852    .ARM.Collect$$libinit$$00000018  c_w.l(libinit2.o)
    0x080001b6   0x080001b6   0x00000000   Code   RO          853    .ARM.Collect$$libinit$$00000019  c_w.l(libinit2.o)
    0x080001b6   0x080001b6   0x00000000   Code   RO          855    .ARM.Collect$$libinit$$0000001B  c_w.l(libinit2.o)
    0x080001b6   0x080001b6   0x00000000   Code   RO          857    .ARM.Collect$$libinit$$0000001D  c_w.l(libinit2.o)
    0x080001b6   0x080001b6   0x00000000   Code   RO          859    .ARM.Collect$$libinit$$0000001F  c_w.l(libinit2.o)
    0x080001b6   0x080001b6   0x00000000   Code   RO          861    .ARM.Collect$$libinit$$00000021  c_w.l(libinit2.o)
    0x080001b6   0x080001b6   0x00000000   Code   RO          863    .ARM.Collect$$libinit$$00000023  c_w.l(libinit2.o)
    0x080001b6   0x080001b6   0x00000000   Code   RO          865    .ARM.Collect$$libinit$$00000025  c_w.l(libinit2.o)
    0x080001b6   0x080001b6   0x00000004   Code   RO          866    .ARM.Collect$$libinit$$00000026  c_w.l(libinit2.o)
    0x080001ba   0x080001ba   0x00000000   Code   RO          867    .ARM.Collect$$libinit$$00000027  c_w.l(libinit2.o)
    0x080001ba   0x080001ba   0x00000000   Code   RO          871    .ARM.Collect$$libinit$$0000002E  c_w.l(libinit2.o)
    0x080001ba   0x080001ba   0x00000000   Code   RO          873    .ARM.Collect$$libinit$$00000030  c_w.l(libinit2.o)
    0x080001ba   0x080001ba   0x00000000   Code   RO          875    .ARM.Collect$$libinit$$00000032  c_w.l(libinit2.o)
    0x080001ba   0x080001ba   0x00000000   Code   RO          877    .ARM.Collect$$libinit$$00000034  c_w.l(libinit2.o)
    0x080001ba   0x080001ba   0x00000002   Code   RO          878    .ARM.Collect$$libinit$$00000035  c_w.l(libinit2.o)
    0x080001bc   0x080001bc   0x00000002   Code   RO         1004    .ARM.Collect$$libshutdown$$00000000  c_w.l(libshutdown.o)
    0x080001be   0x080001be   0x00000000   Code   RO          880    .ARM.Collect$$libshutdown$$00000002  c_w.l(libshutdown2.o)
    0x080001be   0x080001be   0x00000004   Code   RO          881    .ARM.Collect$$libshutdown$$00000003  c_w.l(libshutdown2.o)
    0x080001c2   0x080001c2   0x00000000   Code   RO          882    .ARM.Collect$$libshutdown$$00000004  c_w.l(libshutdown2.o)
    0x080001c2   0x080001c2   0x00000000   Code   RO          885    .ARM.Collect$$libshutdown$$00000007  c_w.l(libshutdown2.o)
    0x080001c2   0x080001c2   0x00000000   Code   RO          888    .ARM.Collect$$libshutdown$$0000000A  c_w.l(libshutdown2.o)
    0x080001c2   0x080001c2   0x00000000   Code   RO          890    .ARM.Collect$$libshutdown$$0000000C  c_w.l(libshutdown2.o)
    0x080001c2   0x080001c2   0x00000000   Code   RO          893    .ARM.Collect$$libshutdown$$0000000F  c_w.l(libshutdown2.o)
    0x080001c2   0x080001c2   0x00000002   Code   RO          894    .ARM.Collect$$libshutdown$$00000010  c_w.l(libshutdown2.o)
    0x080001c4   0x080001c4   0x00000000   Code   RO          641    .ARM.Collect$$rtentry$$00000000  c_w.l(__rtentry.o)
    0x080001c4   0x080001c4   0x00000000   Code   RO          667    .ARM.Collect$$rtentry$$00000002  c_w.l(__rtentry2.o)
    0x080001c4   0x080001c4   0x00000006   Code   RO          679    .ARM.Collect$$rtentry$$00000004  c_w.l(__rtentry4.o)
    0x080001ca   0x080001ca   0x00000000   Code   RO          669    .ARM.Collect$$rtentry$$00000009  c_w.l(__rtentry2.o)
    0x080001ca   0x080001ca   0x00000004   Code   RO          670    .ARM.Collect$$rtentry$$0000000A  c_w.l(__rtentry2.o)
    0x080001ce   0x080001ce   0x00000000   Code   RO          672    .ARM.Collect$$rtentry$$0000000C  c_w.l(__rtentry2.o)
    0x080001ce   0x080001ce   0x00000008   Code   RO          673    .ARM.Collect$$rtentry$$0000000D  c_w.l(__rtentry2.o)
    0x080001d6   0x080001d6   0x00000002   Code   RO          895    .ARM.Collect$$rtexit$$00000000  c_w.l(rtexit.o)
    0x080001d8   0x080001d8   0x00000000   Code   RO          947    .ARM.Collect$$rtexit$$00000002  c_w.l(rtexit2.o)
    0x080001d8   0x080001d8   0x00000004   Code   RO          948    .ARM.Collect$$rtexit$$00000003  c_w.l(rtexit2.o)
    0x080001dc   0x080001dc   0x00000006   Code   RO          949    .ARM.Collect$$rtexit$$00000004  c_w.l(rtexit2.o)
    0x080001e2   0x080001e2   0x00000002   PAD
    0x080001e4   0x080001e4   0x00000040   Code   RO          568    .text               startup_stm32f10x_md.o
    0x08000224   0x08000224   0x00000018   Code   RO          594    .text               c_w.l(noretval__2printf.o)
    0x0800023c   0x0800023c   0x00000068   Code   RO          596    .text               c_w.l(__printf.o)
    0x080002a4   0x080002a4   0x00000078   Code   RO          598    .text               c_w.l(_printf_dec.o)
    0x0800031c   0x0800031c   0x0000002c   Code   RO          623    .text               c_w.l(puts.o)
    0x08000348   0x08000348   0x00000080   Code   RO          625    .text               c_w.l(strcmpv7m.o)
    0x080003c8   0x080003c8   0x00000006   Code   RO          627    .text               c_w.l(heapauxi.o)
    0x080003ce   0x080003ce   0x000000b2   Code   RO          646    .text               c_w.l(_printf_intcommon.o)
    0x08000480   0x08000480   0x0000041c   Code   RO          648    .text               c_w.l(_printf_fp_dec.o)
    0x0800089c   0x0800089c   0x00000024   Code   RO          652    .text               c_w.l(_printf_char_file.o)
    0x080008c0   0x080008c0   0x00000008   Code   RO          686    .text               c_w.l(rt_locale_intlibspace.o)
    0x080008c8   0x080008c8   0x0000008a   Code   RO          688    .text               c_w.l(lludiv10.o)
    0x08000952   0x08000952   0x00000002   PAD
    0x08000954   0x08000954   0x00000030   Code   RO          690    .text               c_w.l(_printf_char_common.o)
    0x08000984   0x08000984   0x00000080   Code   RO          692    .text               c_w.l(_printf_fp_infnan.o)
    0x08000a04   0x08000a04   0x000000e4   Code   RO          694    .text               c_w.l(bigflt0.o)
    0x08000ae8   0x08000ae8   0x00000008   Code   RO          721    .text               c_w.l(ferror.o)
    0x08000af0   0x08000af0   0x00000138   Code   RO          723    .text               c_w.l(initio.o)
    0x08000c28   0x08000c28   0x00000008   Code   RO          736    .text               c_w.l(libspace.o)
    0x08000c30   0x08000c30   0x0000004a   Code   RO          741    .text               c_w.l(sys_stackheap_outer.o)
    0x08000c7a   0x08000c7a   0x0000004e   Code   RO          745    .text               c_w.l(h1_free.o)
    0x08000cc8   0x08000cc8   0x00000046   Code   RO          803    .text               c_w.l(setvbuf.o)
    0x08000d0e   0x08000d0e   0x00000002   PAD
    0x08000d10   0x08000d10   0x000000f0   Code   RO          806    .text               c_w.l(fopen.o)
    0x08000e00   0x08000e00   0x0000004c   Code   RO          808    .text               c_w.l(fclose.o)
    0x08000e4c   0x08000e4c   0x00000012   Code   RO          814    .text               c_w.l(exit.o)
    0x08000e5e   0x08000e5e   0x0000000e   Code   RO          820    .text               c_w.l(defsig_rtred_outer.o)
    0x08000e6c   0x08000e6c   0x0000004e   Code   RO          824    .text               c_w.l(rt_memclr_w.o)
    0x08000eba   0x08000eba   0x00000002   PAD
    0x08000ebc   0x08000ebc   0x00000008   Code   RO          902    .text               c_w.l(rt_heap_descriptor_intlibspace.o)
    0x08000ec4   0x08000ec4   0x00000004   Code   RO          904    .text               c_w.l(hguard.o)
    0x08000ec8   0x08000ec8   0x0000008a   Code   RO          906    .text               c_w.l(init_alloc.o)
    0x08000f52   0x08000f52   0x0000005e   Code   RO          912    .text               c_w.l(h1_alloc.o)
    0x08000fb0   0x08000fb0   0x000000f8   Code   RO          926    .text               c_w.l(fseek.o)
    0x080010a8   0x080010a8   0x00000108   Code   RO          928    .text               c_w.l(stdio.o)
    0x080011b0   0x080011b0   0x0000000a   Code   RO          930    .text               c_w.l(defsig_exit.o)
    0x080011ba   0x080011ba   0x00000002   PAD
    0x080011bc   0x080011bc   0x00000034   Code   RO          934    .text               c_w.l(defsig_rtred_inner.o)
    0x080011f0   0x080011f0   0x0000000c   Code   RO          942    .text               c_w.l(sys_exit.o)
    0x080011fc   0x080011fc   0x00000000   Code   RO          953    .text               c_w.l(maybetermalloc1.o)
    0x080011fc   0x080011fc   0x0000000c   Code   RO          955    .text               c_w.l(h1_init.o)
    0x08001208   0x08001208   0x00000034   Code   RO          957    .text               c_w.l(h1_extend.o)
    0x0800123c   0x0800123c   0x00000042   Code   RO          963    .text               c_w.l(ftell.o)
    0x0800127e   0x0800127e   0x00000032   Code   RO          967    .text               c_w.l(defsig_general.o)
    0x080012b0   0x080012b0   0x0000000e   Code   RO          969    .text               c_w.l(defsig_rtmem_outer.o)
    0x080012be   0x080012be   0x00000002   Code   RO          986    .text               c_w.l(use_no_semi.o)
    0x080012c0   0x080012c0   0x00000000   Code   RO          988    .text               c_w.l(indicate_semi.o)
    0x080012c0   0x080012c0   0x00000008   Code   RO          992    .text               c_w.l(rt_errno_addr_intlibspace.o)
    0x080012c8   0x080012c8   0x00000050   Code   RO          998    .text               c_w.l(defsig_rtmem_inner.o)
    0x08001318   0x08001318   0x00000080   Code   RO           67    .text.DHT_Init      dht.o
    0x08001398   0x08001398   0x000000e0   Code   RO           65    .text.DHT_Read      dht.o
    0x08001478   0x08001478   0x00000078   Code   RO           69    .text.DHT_ReadTempHum  dht.o
    0x080014f0   0x080014f0   0x00000194   Code   RO           63    .text.DHT_Start     dht.o
    0x08001684   0x08001684   0x000000c0   Code   RO          129    .text.GPIO_Init     stm32f10x_gpio.o
    0x08001744   0x08001744   0x0000000a   Code   RO          133    .text.GPIO_ReadInputDataBit  stm32f10x_gpio.o
    0x0800174e   0x0800174e   0x00000002   PAD
    0x08001750   0x08001750   0x0000000c   Code   RO          145    .text.GPIO_WriteBit  stm32f10x_gpio.o
    0x0800175c   0x0800175c   0x00000018   Code   RO          290    .text.RCC_APB1PeriphClockCmd  stm32f10x_rcc.o
    0x08001774   0x08001774   0x00000018   Code   RO          288    .text.RCC_APB2PeriphClockCmd  stm32f10x_rcc.o
    0x0800178c   0x0800178c   0x0000008c   Code   RO          284    .text.RCC_GetClocksFreq  stm32f10x_rcc.o
    0x08001818   0x08001818   0x00000010   Code   RO           36    .text.SysTick_Handler  delay.o
    0x08001828   0x08001828   0x00000014   Code   RO           34    .text.SysTick_Init  delay.o
    0x0800183c   0x0800183c   0x00000110   Code   RO          575    .text.SystemInit    system_stm32f10x.o
    0x0800194c   0x0800194c   0x00000012   Code   RO          352    .text.TIM_Cmd       stm32f10x_tim.o
    0x0800195e   0x0800195e   0x00000002   PAD
    0x08001960   0x08001960   0x00000004   Code   RO          480    .text.TIM_GetCounter  stm32f10x_tim.o
    0x08001964   0x08001964   0x00000004   Code   RO          458    .text.TIM_SetCounter  stm32f10x_tim.o
    0x08001968   0x08001968   0x000000ac   Code   RO          320    .text.TIM_TimeBaseInit  stm32f10x_tim.o
    0x08001a14   0x08001a14   0x00000072   Code   RO            6    .text.USART1_IRQHandler  my_usart.o
    0x08001a86   0x08001a86   0x00000002   PAD
    0x08001a88   0x08001a88   0x00000006   Code   RO          552    .text.USART_ClearFlag  stm32f10x_usart.o
    0x08001a8e   0x08001a8e   0x00000002   PAD
    0x08001a90   0x08001a90   0x0000000e   Code   RO          556    .text.USART_ClearITPendingBit  stm32f10x_usart.o
    0x08001a9e   0x08001a9e   0x00000002   PAD
    0x08001aa0   0x08001aa0   0x00000014   Code   RO          510    .text.USART_Cmd     stm32f10x_usart.o
    0x08001ab4   0x08001ab4   0x0000000a   Code   RO          550    .text.USART_GetFlagStatus  stm32f10x_usart.o
    0x08001abe   0x08001abe   0x00000002   PAD
    0x08001ac0   0x08001ac0   0x00000030   Code   RO          554    .text.USART_GetITStatus  stm32f10x_usart.o
    0x08001af0   0x08001af0   0x0000002e   Code   RO          512    .text.USART_ITConfig  stm32f10x_usart.o
    0x08001b1e   0x08001b1e   0x00000002   PAD
    0x08001b20   0x08001b20   0x000000b6   Code   RO          502    .text.USART_Init    stm32f10x_usart.o
    0x08001bd6   0x08001bd6   0x00000002   PAD
    0x08001bd8   0x08001bd8   0x00000008   Code   RO          528    .text.USART_ReceiveData  stm32f10x_usart.o
    0x08001be0   0x08001be0   0x00000008   Code   RO          526    .text.USART_SendData  stm32f10x_usart.o
    0x08001be8   0x08001be8   0x00000014   Code   RO           82    .text._sys_close    retarget_io.o
    0x08001bfc   0x08001bfc   0x00000004   Code   RO           94    .text._sys_flen     retarget_io.o
    0x08001c00   0x08001c00   0x00000010   Code   RO           90    .text._sys_istty    retarget_io.o
    0x08001c10   0x08001c10   0x00000064   Code   RO           80    .text._sys_open     retarget_io.o
    0x08001c74   0x08001c74   0x00000006   Code   RO           92    .text._sys_seek     retarget_io.o
    0x08001c7a   0x08001c7a   0x00000002   PAD
    0x08001c7c   0x08001c7c   0x00000022   Code   RO           84    .text._sys_write    retarget_io.o
    0x08001c9e   0x08001c9e   0x00000002   PAD
    0x08001ca0   0x08001ca0   0x00000004   Code   RO           88    .text._ttywrch      retarget_io.o
    0x08001ca4   0x08001ca4   0x00000048   Code   RO           50    .text.delay_ms      delay.o
    0x08001cec   0x08001cec   0x00000038   Code   RO           48    .text.delay_us      delay.o
    0x08001d24   0x08001d24   0x00000024   Code   RO            2    .text.fputc         my_usart.o
    0x08001d48   0x08001d48   0x00000098   Code   RO           24    .text.main          main.o
    0x08001de0   0x08001de0   0x000000bc   Code   RO            4    .text.usart1_cfg_A9A10  my_usart.o
    0x08001e9c   0x08001e9c   0x0000003e   Code   RO          697    CL$$btod_d2e        c_w.l(btod.o)
    0x08001eda   0x08001eda   0x00000046   Code   RO          699    CL$$btod_d2e_denorm_low  c_w.l(btod.o)
    0x08001f20   0x08001f20   0x00000060   Code   RO          698    CL$$btod_d2e_norm_op1  c_w.l(btod.o)
    0x08001f80   0x08001f80   0x00000338   Code   RO          707    CL$$btod_div_common  c_w.l(btod.o)
    0x080022b8   0x080022b8   0x000000dc   Code   RO          704    CL$$btod_e2e        c_w.l(btod.o)
    0x08002394   0x08002394   0x0000002a   Code   RO          701    CL$$btod_ediv       c_w.l(btod.o)
    0x080023be   0x080023be   0x0000002a   Code   RO          700    CL$$btod_emul       c_w.l(btod.o)
    0x080023e8   0x080023e8   0x00000244   Code   RO          706    CL$$btod_mult_common  c_w.l(btod.o)
    0x0800262c   0x0800262c   0x00000028   Code   RO          734    i.__ARM_fpclassify  m_ws.l(fpclassify.o)
    0x08002654   0x08002654   0x0000002c   Code   RO          730    locale$$code        c_w.l(lc_numeric_c.o)
    0x08002680   0x08002680   0x0000000c   Code   RO          661    x$fpl$dretinf       fz_ws.l(dretinf.o)
    0x0800268c   0x0800268c   0x00000056   Code   RO          631    x$fpl$f2d           fz_ws.l(f2d.o)
    0x080026e2   0x080026e2   0x00000002   PAD
    0x080026e4   0x080026e4   0x00000026   Code   RO          633    x$fpl$ffltu         fz_ws.l(fflt_clz.o)
    0x0800270a   0x0800270a   0x0000008c   Code   RO          663    x$fpl$fnaninf       fz_ws.l(fnaninf.o)
    0x08002796   0x08002796   0x00000004   Code   RO          639    x$fpl$printf1       fz_ws.l(printf1.o)
    0x0800279a   0x0800279a   0x00000000   Code   RO          665    x$fpl$usenofp       fz_ws.l(usenofp.o)
    0x0800279a   0x0800279a   0x00000002   PAD
    0x0800279c   0x0800279c   0x00000094   Data   RO          695    .constdata          c_w.l(bigflt0.o)
    0x08002830   0x08002830   0x00000004   Data   RO          309    .rodata.ADCPrescTable  stm32f10x_rcc.o
    0x08002834   0x08002834   0x00000010   Data   RO          308    .rodata.APBAHBPrescTable  stm32f10x_rcc.o
    0x08002844   0x08002844   0x00000008   Data   RO           98    .rodata.__stderr_name  retarget_io.o
    0x0800284c   0x0800284c   0x00000007   Data   RO           96    .rodata.__stdin_name  retarget_io.o
    0x08002853   0x08002853   0x00000008   Data   RO           97    .rodata.__stdout_name  retarget_io.o
    0x0800285b   0x0800285b   0x00000001   PAD
    0x0800285c   0x0800285c   0x00000020   Data   RO         1022    Region$$Table       anon$$obj.o
    0x0800287c   0x0800287c   0x0000001c   Data   RO          729    locale$$data        c_w.l(lc_numeric_c.o)


    Execution Region RW_IRAM1 (Exec base: 0x20000000, Load base: 0x08002898, Size: 0x000007e0, Max: 0x00005000, ABSOLUTE)

    Exec Addr    Load Addr    Size         Type   Attr      Idx    E Section Name        Object

    0x20000000   0x08002898   0x00000004   Data   RW          658    .data               c_w.l(stdio_streams.o)
    0x20000004   0x0800289c   0x00000004   Data   RW          659    .data               c_w.l(stdio_streams.o)
    0x20000008   0x080028a0   0x00000004   Data   RW          660    .data               c_w.l(stdio_streams.o)
    0x2000000c   0x080028a4   0x00000004   Data   RW           52    .data.SysTickCounter  delay.o
    0x20000010        -       0x00000054   Zero   RW          655    .bss                c_w.l(stdio_streams.o)
    0x20000064        -       0x00000054   Zero   RW          656    .bss                c_w.l(stdio_streams.o)
    0x200000b8        -       0x00000054   Zero   RW          657    .bss                c_w.l(stdio_streams.o)
    0x2000010c        -       0x00000060   Zero   RW          737    .bss                c_w.l(libspace.o)
    0x2000016c        -       0x00000018   Zero   RW           26    .bss.DHT1           main.o
    0x20000184        -       0x00000050   Zero   RW           15    .bss.RX_Buffer      my_usart.o
    0x200001d4        -       0x00000001   Zero   RW           12    .bss.RX_available   my_usart.o
    0x200001d5        -       0x00000001   Zero   RW           13    .bss.RX_index       my_usart.o
    0x200001d6        -       0x00000002   Zero   RW           14    .bss.receive_length  my_usart.o
    0x200001d8        -       0x00000002   Zero   RW           71    .bss.u16Tim         dht.o
    0x200001da   0x080028a8   0x00000006   PAD
    0x200001e0        -       0x00000200   Zero   RW          566    HEAP                startup_stm32f10x_md.o
    0x200003e0        -       0x00000400   Zero   RW          565    STACK               startup_stm32f10x_md.o


==============================================================================

Image component sizes


      Code (inc. data)   RO Data    RW Data    ZI Data      Debug   Object Name

       164          0          0          4          0       2268   delay.o
       876        120          0          0          2       5652   dht.o
       152         44          0          0         24       2243   main.o
       338          0          0          0         84       6599   my_usart.o
       184          0         23          0          0       2785   retarget_io.o
        64         26        236          0       1536        864   startup_stm32f10x_md.o
       214          0          0          0          0       6190   stm32f10x_gpio.o
       188          0         20          0          0       8544   stm32f10x_rcc.o
       198          0          0          0          0      29226   stm32f10x_tim.o
       342          0          0          0          0       8918   stm32f10x_usart.o
       272          0          0          0          0       2781   system_stm32f10x.o

    ----------------------------------------------------------------------
      3012        190        312          4       1652      76070   Object Totals
         0          0         32          0          0          0   (incl. Generated)
        20          0          1          0          6          0   (incl. Padding)

    ----------------------------------------------------------------------

      Code (inc. data)   RO Data    RW Data    ZI Data      Debug   Library Member Name

         8          0          0          0          0         68   __main.o
       104          0          0          0          0         84   __printf.o
         0          0          0          0          0          0   __rtentry.o
        12          0          0          0          0          0   __rtentry2.o
         6          0          0          0          0          0   __rtentry4.o
        94          8          0          0          0          0   __scatter.o
        26          0          0          0          0          0   __scatter_copy.o
        28          0          0          0          0          0   __scatter_zi.o
        48          6          0          0          0         96   _printf_char_common.o
        36          4          0          0          0         80   _printf_char_file.o
         6          0          0          0          0          0   _printf_d.o
       120         16          0          0          0         92   _printf_dec.o
         6          0          0          0          0          0   _printf_f.o
      1052          0          0          0          0        148   _printf_fp_dec.o
       128         16          0          0          0         84   _printf_fp_infnan.o
       178          0          0          0          0         88   _printf_intcommon.o
         0          0          0          0          0          0   _printf_percent.o
         4          0          0          0          0          0   _printf_percent_end.o
       228          4        148          0          0         96   bigflt0.o
      1936        128          0          0          0        668   btod.o
        10          0          0          0          0         68   defsig_exit.o
        50          0          0          0          0         88   defsig_general.o
        80         58          0          0          0         76   defsig_rtmem_inner.o
        14          0          0          0          0         80   defsig_rtmem_outer.o
        52         38          0          0          0         76   defsig_rtred_inner.o
        14          0          0          0          0         80   defsig_rtred_outer.o
        18          0          0          0          0         80   exit.o
        76          0          0          0          0         88   fclose.o
         8          0          0          0          0         68   ferror.o
       240          6          0          0          0        128   fopen.o
       248          6          0          0          0         84   fseek.o
        66          0          0          0          0         76   ftell.o
        94          0          0          0          0         80   h1_alloc.o
        52          0          0          0          0         68   h1_extend.o
        78          0          0          0          0         80   h1_free.o
        12          0          0          0          0         84   h1_init.o
         6          0          0          0          0        152   heapauxi.o
         4          0          0          0          0        136   hguard.o
         0          0          0          0          0          0   indicate_semi.o
       138          0          0          0          0        168   init_alloc.o
       312         46          0          0          0        112   initio.o
        44         10         28          0          0         76   lc_numeric_c.o
         2          0          0          0          0          0   libinit.o
        30          0          0          0          0          0   libinit2.o
         2          0          0          0          0          0   libshutdown.o
         6          0          0          0          0          0   libshutdown2.o
         8          4          0          0         96         68   libspace.o
       138          0          0          0          0         80   lludiv10.o
         0          0          0          0          0          0   maybetermalloc1.o
        24          4          0          0          0         84   noretval__2printf.o
        44          4          0          0          0         84   puts.o
         8          4          0          0          0         68   rt_errno_addr_intlibspace.o
         8          4          0          0          0         68   rt_heap_descriptor_intlibspace.o
         8          4          0          0          0         68   rt_locale_intlibspace.o
        78          0          0          0          0         80   rt_memclr_w.o
         2          0          0          0          0          0   rtexit.o
        10          0          0          0          0          0   rtexit2.o
        70          0          0          0          0         80   setvbuf.o
       264          6          0          0          0        160   stdio.o
         0          0          0         12        252          0   stdio_streams.o
       128          0          0          0          0         68   strcmpv7m.o
        12          4          0          0          0         68   sys_exit.o
        74          0          0          0          0         80   sys_stackheap_outer.o
         2          0          0          0          0         68   use_no_semi.o
        12          0          0          0          0         68   dretinf.o
        86          4          0          0          0         84   f2d.o
        38          0          0          0          0         68   fflt_clz.o
       140          4          0          0          0         84   fnaninf.o
         4          0          0          0          0         68   printf1.o
         0          0          0          0          0          0   usenofp.o
        40          0          0          0          0         68   fpclassify.o

    ----------------------------------------------------------------------
      6892        388        176         12        348       5016   Library Totals
        18          0          0          0          0          0   (incl. Padding)

    ----------------------------------------------------------------------

      Code (inc. data)   RO Data    RW Data    ZI Data      Debug   Library Name

      6554        380        176         12        348       4576   c_w.l
       280          8          0          0          0        372   fz_ws.l
        40          0          0          0          0         68   m_ws.l

    ----------------------------------------------------------------------
      6892        388        176         12        348       5016   Library Totals

    ----------------------------------------------------------------------

==============================================================================


      Code (inc. data)   RO Data    RW Data    ZI Data      Debug   

      9904        578        488         16       2000      78162   Grand Totals
      9904        578        488         16       2000      78162   ELF Image Totals
      9904        578        488         16          0          0   ROM Totals

==============================================================================

    Total RO  Size (Code + RO Data)                10392 (  10.15kB)
    Total RW  Size (RW Data + ZI Data)              2016 (   1.97kB)
    Total ROM Size (Code + RO Data + RW Data)      10408 (  10.16kB)

==============================================================================

