Component: Arm Compiler for Embedded 6.21 Tool: armlink [5ec1fa00]

==============================================================================

Section Cross References

    rfid.o(.text.TM_MFRC522_Init) refers to spi.o(.text.TM_MFRC522_InitPins) for TM_MFRC522_InitPins
    rfid.o(.text.TM_MFRC522_Init) refers to spi.o(.text.TM_SPI_Init) for TM_SPI_Init
    rfid.o(.text.TM_MFRC522_Init) refers to stm32f10x_gpio.o(.text.GPIO_ResetBits) for GPIO_ResetBits
    rfid.o(.text.TM_MFRC522_Init) refers to spi.o(.text.TM_SPI_Send) for TM_SPI_Send
    rfid.o(.text.TM_MFRC522_Init) refers to stm32f10x_gpio.o(.text.GPIO_SetBits) for GPIO_SetBits
    rfid.o(.text.TM_MFRC522_Init) refers to rfid.o(.text.TM_MFRC522_AntennaOn) for TM_MFRC522_AntennaOn
    rfid.o(.ARM.exidx.text.TM_MFRC522_Init) refers to rfid.o(.text.TM_MFRC522_Init) for [Anonymous Symbol]
    rfid.o(.text.TM_MFRC522_Reset) refers to stm32f10x_gpio.o(.text.GPIO_ResetBits) for GPIO_ResetBits
    rfid.o(.text.TM_MFRC522_Reset) refers to spi.o(.text.TM_SPI_Send) for TM_SPI_Send
    rfid.o(.text.TM_MFRC522_Reset) refers to stm32f10x_gpio.o(.text.GPIO_SetBits) for GPIO_SetBits
    rfid.o(.ARM.exidx.text.TM_MFRC522_Reset) refers to rfid.o(.text.TM_MFRC522_Reset) for [Anonymous Symbol]
    rfid.o(.text.TM_MFRC522_WriteRegister) refers to stm32f10x_gpio.o(.text.GPIO_ResetBits) for GPIO_ResetBits
    rfid.o(.text.TM_MFRC522_WriteRegister) refers to spi.o(.text.TM_SPI_Send) for TM_SPI_Send
    rfid.o(.text.TM_MFRC522_WriteRegister) refers to stm32f10x_gpio.o(.text.GPIO_SetBits) for GPIO_SetBits
    rfid.o(.ARM.exidx.text.TM_MFRC522_WriteRegister) refers to rfid.o(.text.TM_MFRC522_WriteRegister) for [Anonymous Symbol]
    rfid.o(.text.TM_MFRC522_AntennaOn) refers to stm32f10x_gpio.o(.text.GPIO_ResetBits) for GPIO_ResetBits
    rfid.o(.text.TM_MFRC522_AntennaOn) refers to spi.o(.text.TM_SPI_Send) for TM_SPI_Send
    rfid.o(.text.TM_MFRC522_AntennaOn) refers to stm32f10x_gpio.o(.text.GPIO_SetBits) for GPIO_SetBits
    rfid.o(.ARM.exidx.text.TM_MFRC522_AntennaOn) refers to rfid.o(.text.TM_MFRC522_AntennaOn) for [Anonymous Symbol]
    rfid.o(.text.TM_MFRC522_Check) refers to stm32f10x_gpio.o(.text.GPIO_ResetBits) for GPIO_ResetBits
    rfid.o(.text.TM_MFRC522_Check) refers to spi.o(.text.TM_SPI_Send) for TM_SPI_Send
    rfid.o(.text.TM_MFRC522_Check) refers to stm32f10x_gpio.o(.text.GPIO_SetBits) for GPIO_SetBits
    rfid.o(.text.TM_MFRC522_Check) refers to rfid.o(.text.TM_MFRC522_ToCard) for TM_MFRC522_ToCard
    rfid.o(.text.TM_MFRC522_Check) refers to rfid.o(.text.TM_MFRC522_Anticoll) for TM_MFRC522_Anticoll
    rfid.o(.text.TM_MFRC522_Check) refers to rfid.o(.text.TM_MFRC522_CalculateCRC) for TM_MFRC522_CalculateCRC
    rfid.o(.ARM.exidx.text.TM_MFRC522_Check) refers to rfid.o(.text.TM_MFRC522_Check) for [Anonymous Symbol]
    rfid.o(.text.TM_MFRC522_Request) refers to stm32f10x_gpio.o(.text.GPIO_ResetBits) for GPIO_ResetBits
    rfid.o(.text.TM_MFRC522_Request) refers to spi.o(.text.TM_SPI_Send) for TM_SPI_Send
    rfid.o(.text.TM_MFRC522_Request) refers to stm32f10x_gpio.o(.text.GPIO_SetBits) for GPIO_SetBits
    rfid.o(.text.TM_MFRC522_Request) refers to rfid.o(.text.TM_MFRC522_ToCard) for TM_MFRC522_ToCard
    rfid.o(.ARM.exidx.text.TM_MFRC522_Request) refers to rfid.o(.text.TM_MFRC522_Request) for [Anonymous Symbol]
    rfid.o(.text.TM_MFRC522_Anticoll) refers to stm32f10x_gpio.o(.text.GPIO_ResetBits) for GPIO_ResetBits
    rfid.o(.text.TM_MFRC522_Anticoll) refers to spi.o(.text.TM_SPI_Send) for TM_SPI_Send
    rfid.o(.text.TM_MFRC522_Anticoll) refers to stm32f10x_gpio.o(.text.GPIO_SetBits) for GPIO_SetBits
    rfid.o(.text.TM_MFRC522_Anticoll) refers to rfid.o(.text.TM_MFRC522_ToCard) for TM_MFRC522_ToCard
    rfid.o(.ARM.exidx.text.TM_MFRC522_Anticoll) refers to rfid.o(.text.TM_MFRC522_Anticoll) for [Anonymous Symbol]
    rfid.o(.text.TM_MFRC522_Halt) refers to rfid.o(.text.TM_MFRC522_CalculateCRC) for TM_MFRC522_CalculateCRC
    rfid.o(.text.TM_MFRC522_Halt) refers to rfid.o(.text.TM_MFRC522_ToCard) for TM_MFRC522_ToCard
    rfid.o(.ARM.exidx.text.TM_MFRC522_Halt) refers to rfid.o(.text.TM_MFRC522_Halt) for [Anonymous Symbol]
    rfid.o(.ARM.exidx.text.TM_MFRC522_Compare) refers to rfid.o(.text.TM_MFRC522_Compare) for [Anonymous Symbol]
    rfid.o(.text.TM_MFRC522_ReadRegister) refers to stm32f10x_gpio.o(.text.GPIO_ResetBits) for GPIO_ResetBits
    rfid.o(.text.TM_MFRC522_ReadRegister) refers to spi.o(.text.TM_SPI_Send) for TM_SPI_Send
    rfid.o(.text.TM_MFRC522_ReadRegister) refers to stm32f10x_gpio.o(.text.GPIO_SetBits) for GPIO_SetBits
    rfid.o(.ARM.exidx.text.TM_MFRC522_ReadRegister) refers to rfid.o(.text.TM_MFRC522_ReadRegister) for [Anonymous Symbol]
    rfid.o(.text.TM_MFRC522_SetBitMask) refers to stm32f10x_gpio.o(.text.GPIO_ResetBits) for GPIO_ResetBits
    rfid.o(.text.TM_MFRC522_SetBitMask) refers to spi.o(.text.TM_SPI_Send) for TM_SPI_Send
[...]
    Removing stm32f10x_tim.o(.text.TIM_SetCompare3), (4 bytes).
    Removing stm32f10x_tim.o(.ARM.exidx.text.TIM_SetCompare3), (8 bytes).
    Removing stm32f10x_tim.o(.text.TIM_SetCompare4), (6 bytes).
    Removing stm32f10x_tim.o(.ARM.exidx.text.TIM_SetCompare4), (8 bytes).
    Removing stm32f10x_tim.o(.text.TIM_SetClockDivision), (16 bytes).
    Removing stm32f10x_tim.o(.ARM.exidx.text.TIM_SetClockDivision), (8 bytes).
    Removing stm32f10x_tim.o(.text.TIM_GetCapture1), (4 bytes).
    Removing stm32f10x_tim.o(.ARM.exidx.text.TIM_GetCapture1), (8 bytes).
    Removing stm32f10x_tim.o(.text.TIM_GetCapture2), (4 bytes).
    Removing stm32f10x_tim.o(.ARM.exidx.text.TIM_GetCapture2), (8 bytes).
    Removing stm32f10x_tim.o(.text.TIM_GetCapture3), (4 bytes).
    Removing stm32f10x_tim.o(.ARM.exidx.text.TIM_GetCapture3), (8 bytes).
    Removing stm32f10x_tim.o(.text.TIM_GetCapture4), (6 bytes).
    Removing stm32f10x_tim.o(.ARM.exidx.text.TIM_GetCapture4), (8 bytes).
    Removing stm32f10x_tim.o(.text.TIM_GetCounter), (4 bytes).
    Removing stm32f10x_tim.o(.ARM.exidx.text.TIM_GetCounter), (8 bytes).
    Removing stm32f10x_tim.o(.text.TIM_GetPrescaler), (4 bytes).
    Removing stm32f10x_tim.o(.ARM.exidx.text.TIM_GetPrescaler), (8 bytes).
    Removing stm32f10x_tim.o(.text.TIM_GetFlagStatus), (10 bytes).
    Removing stm32f10x_tim.o(.ARM.exidx.text.TIM_GetFlagStatus), (8 bytes).
    Removing stm32f10x_tim.o(.text.TIM_ClearFlag), (6 bytes).
    Removing stm32f10x_tim.o(.ARM.exidx.text.TIM_ClearFlag), (8 bytes).
    Removing stm32f10x_tim.o(.text.TIM_GetITStatus), (24 bytes).
    Removing stm32f10x_tim.o(.ARM.exidx.text.TIM_GetITStatus), (8 bytes).
    Removing stm32f10x_tim.o(.text.TIM_ClearITPendingBit), (6 bytes).
    Removing stm32f10x_tim.o(.ARM.exidx.text.TIM_ClearITPendingBit), (8 bytes).
    Removing stm32f10x_usart.o(.text), (0 bytes).
    Removing stm32f10x_usart.o(.text.USART_DeInit), (174 bytes).
    Removing stm32f10x_usart.o(.ARM.exidx.text.USART_DeInit), (8 bytes).
    Removing stm32f10x_usart.o(.ARM.exidx.text.USART_Init), (8 bytes).
    Removing stm32f10x_usart.o(.text.USART_StructInit), (18 bytes).
    Removing stm32f10x_usart.o(.ARM.exidx.text.USART_StructInit), (8 bytes).
    Removing stm32f10x_usart.o(.text.USART_ClockInit), (34 bytes).
    Removing stm32f10x_usart.o(.ARM.exidx.text.USART_ClockInit), (8 bytes).
    Removing stm32f10x_usart.o(.text.USART_ClockStructInit), (8 bytes).
    Removing stm32f10x_usart.o(.ARM.exidx.text.USART_ClockStructInit), (8 bytes).
    Removing stm32f10x_usart.o(.ARM.exidx.text.USART_Cmd), (8 bytes).
    Removing stm32f10x_usart.o(.ARM.exidx.text.USART_ITConfig), (8 bytes).
    Removing stm32f10x_usart.o(.text.USART_DMACmd), (16 bytes).
    Removing stm32f10x_usart.o(.ARM.exidx.text.USART_DMACmd), (8 bytes).
    Removing stm32f10x_usart.o(.text.USART_SetAddress), (16 bytes).
    Removing stm32f10x_usart.o(.ARM.exidx.text.USART_SetAddress), (8 bytes).
    Removing stm32f10x_usart.o(.text.USART_WakeUpConfig), (16 bytes).
    Removing stm32f10x_usart.o(.ARM.exidx.text.USART_WakeUpConfig), (8 bytes).
    Removing stm32f10x_usart.o(.text.USART_ReceiverWakeUpCmd), (20 bytes).
    Removing stm32f10x_usart.o(.ARM.exidx.text.USART_ReceiverWakeUpCmd), (8 bytes).
    Removing stm32f10x_usart.o(.text.USART_LINBreakDetectLengthConfig), (16 bytes).
    Removing stm32f10x_usart.o(.ARM.exidx.text.USART_LINBreakDetectLengthConfig), (8 bytes).
    Removing stm32f10x_usart.o(.text.USART_LINCmd), (20 bytes).
    Removing stm32f10x_usart.o(.ARM.exidx.text.USART_LINCmd), (8 bytes).
    Removing stm32f10x_usart.o(.ARM.exidx.text.USART_SendData), (8 bytes).
    Removing stm32f10x_usart.o(.ARM.exidx.text.USART_ReceiveData), (8 bytes).
    Removing stm32f10x_usart.o(.text.USART_SendBreak), (10 bytes).
    Removing stm32f10x_usart.o(.ARM.exidx.text.USART_SendBreak), (8 bytes).
    Removing stm32f10x_usart.o(.text.USART_SetGuardTime), (16 bytes).
    Removing stm32f10x_usart.o(.ARM.exidx.text.USART_SetGuardTime), (8 bytes).
    Removing stm32f10x_usart.o(.text.USART_SetPrescaler), (16 bytes).
    Removing stm32f10x_usart.o(.ARM.exidx.text.USART_SetPrescaler), (8 bytes).
    Removing stm32f10x_usart.o(.text.USART_SmartCardCmd), (20 bytes).
    Removing stm32f10x_usart.o(.ARM.exidx.text.USART_SmartCardCmd), (8 bytes).
    Removing stm32f10x_usart.o(.text.USART_SmartCardNACKCmd), (20 bytes).
    Removing stm32f10x_usart.o(.ARM.exidx.text.USART_SmartCardNACKCmd), (8 bytes).
    Removing stm32f10x_usart.o(.text.USART_HalfDuplexCmd), (20 bytes).
    Removing stm32f10x_usart.o(.ARM.exidx.text.USART_HalfDuplexCmd), (8 bytes).
    Removing stm32f10x_usart.o(.text.USART_OverSampling8Cmd), (20 bytes).
    Removing stm32f10x_usart.o(.ARM.exidx.text.USART_OverSampling8Cmd), (8 bytes).
    Removing stm32f10x_usart.o(.text.USART_OneBitMethodCmd), (20 bytes).
    Removing stm32f10x_usart.o(.ARM.exidx.text.USART_OneBitMethodCmd), (8 bytes).
    Removing stm32f10x_usart.o(.text.USART_IrDAConfig), (16 bytes).
    Removing stm32f10x_usart.o(.ARM.exidx.text.USART_IrDAConfig), (8 bytes).
    Removing stm32f10x_usart.o(.text.USART_IrDACmd), (20 bytes).
    Removing stm32f10x_usart.o(.ARM.exidx.text.USART_IrDACmd), (8 bytes).
    Removing stm32f10x_usart.o(.ARM.exidx.text.USART_GetFlagStatus), (8 bytes).
    Removing stm32f10x_usart.o(.ARM.exidx.text.USART_ClearFlag), (8 bytes).
    Removing stm32f10x_usart.o(.ARM.exidx.text.USART_GetITStatus), (8 bytes).
    Removing stm32f10x_usart.o(.ARM.exidx.text.USART_ClearITPendingBit), (8 bytes).
    Removing system_stm32f10x.o(.text), (0 bytes).
    Removing system_stm32f10x.o(.ARM.exidx.text.SystemInit), (8 bytes).
    Removing system_stm32f10x.o(.text.SystemCoreClockUpdate), (94 bytes).
    Removing system_stm32f10x.o(.ARM.exidx.text.SystemCoreClockUpdate), (8 bytes).
    Removing system_stm32f10x.o(.data.SystemCoreClock), (4 bytes).
    Removing system_stm32f10x.o(.rodata.AHBPrescTable), (16 bytes).

524 unused section(s) (total 10882 bytes) removed from the image.

==============================================================================

Image Symbol Table

    Local Symbols

    Symbol Name                              Value     Ov Type        Size  Object(Section)

    ../clib/angel/boardlib.s                 0x00000000   Number         0  boardinit1.o ABSOLUTE
    ../clib/angel/boardlib.s                 0x00000000   Number         0  boardinit2.o ABSOLUTE
    ../clib/angel/boardlib.s                 0x00000000   Number         0  boardinit3.o ABSOLUTE
    ../clib/angel/boardlib.s                 0x00000000   Number         0  boardshut.o ABSOLUTE
    ../clib/angel/handlers.s                 0x00000000   Number         0  __scatter_copy.o ABSOLUTE
    ../clib/angel/handlers.s                 0x00000000   Number         0  __scatter_zi.o ABSOLUTE
    ../clib/angel/kernel.s                   0x00000000   Number         0  __rtentry.o ABSOLUTE
    ../clib/angel/kernel.s                   0x00000000   Number         0  __rtentry2.o ABSOLUTE
    ../clib/angel/kernel.s                   0x00000000   Number         0  __rtentry4.o ABSOLUTE
    ../clib/angel/kernel.s                   0x00000000   Number         0  rtexit.o ABSOLUTE
    ../clib/angel/kernel.s                   0x00000000   Number         0  rtexit2.o ABSOLUTE
    ../clib/angel/rt.s                       0x00000000   Number         0  aeabi_ldiv0.o ABSOLUTE
    ../clib/angel/rt.s                       0x00000000   Number         0  aeabi_ldiv0_sigfpe.o ABSOLUTE
    ../clib/angel/rt.s                       0x00000000   Number         0  rt_div0.o ABSOLUTE
    ../clib/angel/rt.s                       0x00000000   Number         0  rt_raise.o ABSOLUTE
    ../clib/angel/rt.s                       0x00000000   Number         0  rt_heap_descriptor.o ABSOLUTE
    ../clib/angel/rt.s                       0x00000000   Number         0  rt_heap_descriptor_intlibspace.o ABSOLUTE
    ../clib/angel/rt.s                       0x00000000   Number         0  rt_errno_addr.o ABSOLUTE
    ../clib/angel/rt.s                       0x00000000   Number         0  rt_errno_addr_intlibspace.o ABSOLUTE
    ../clib/angel/scatter.s                  0x00000000   Number         0  __scatter.o ABSOLUTE
    ../clib/angel/startup.s                  0x00000000   Number         0  __main.o ABSOLUTE
    ../clib/angel/sys.s                      0x00000000   Number         0  mutex_dummy.o ABSOLUTE
    ../clib/angel/sys.s                      0x00000000   Number         0  sys_stackheap_outer.o ABSOLUTE
    ../clib/angel/sys.s                      0x00000000   Number         0  libspace.o ABSOLUTE
    ../clib/angel/sys.s                      0x00000000   Number         0  use_no_semi.o ABSOLUTE
    ../clib/angel/sys.s                      0x00000000   Number         0  indicate_semi.o ABSOLUTE
    ../clib/angel/sysapp.c                   0x00000000   Number         0  sys_exit.o ABSOLUTE
    ../clib/angel/sysapp.c                   0x00000000   Number         0  sys_exit_hlt.o ABSOLUTE
    ../clib/angel/sysapp.c                   0x00000000   Number         0  sys_command.o ABSOLUTE
    ../clib/angel/sysapp.c                   0x00000000   Number         0  sys_command_hlt.o ABSOLUTE
    ../clib/armsys.c                         0x00000000   Number         0  argv_veneer.o ABSOLUTE
    ../clib/armsys.c                         0x00000000   Number         0  argv_veneer.o ABSOLUTE
    ../clib/armsys.c                         0x00000000   Number         0  _get_argv.o ABSOLUTE
    ../clib/armsys.c                         0x00000000   Number         0  _get_argv_nomalloc.o ABSOLUTE
    ../clib/armsys.c                         0x00000000   Number         0  no_argv.o ABSOLUTE
    ../clib/heap1.c                          0x00000000   Number         0  h1_free.o ABSOLUTE
    ../clib/heap1.c                          0x00000000   Number         0  h1_free_threads.o ABSOLUTE
    ../clib/heap1.c                          0x00000000   Number         0  h1_alloc.o ABSOLUTE
    ../clib/heap1.c                          0x00000000   Number         0  h1_alloc_threads.o ABSOLUTE
    ../clib/heap1.c                          0x00000000   Number         0  h1_init.o ABSOLUTE
    ../clib/heap1.c                          0x00000000   Number         0  h1_extend.o ABSOLUTE
    ../clib/heap1.c                          0x00000000   Number         0  h1_init_threads.o ABSOLUTE
    ../clib/heap1.c                          0x00000000   Number         0  h1_extend_threads.o ABSOLUTE
    ../clib/heap1.c                          0x00000000   Number         0  h1_final.o ABSOLUTE
    ../clib/heap1.c                          0x00000000   Number         0  h1_final_threads.o ABSOLUTE
    ../clib/heap2.c                          0x00000000   Number         0  heap2.o ABSOLUTE
    ../clib/heap2.c                          0x00000000   Number         0  heap2_threads.o ABSOLUTE
    ../clib/heap2.c                          0x00000000   Number         0  fdtree.o ABSOLUTE
    ../clib/heapalloc.c                      0x00000000   Number         0  free.o ABSOLUTE
    ../clib/heapalloc.c                      0x00000000   Number         0  hguard.o ABSOLUTE
    ../clib/heapalloc.c                      0x00000000   Number         0  init_alloc.o ABSOLUTE
    ../clib/heapalloc.c                      0x00000000   Number         0  malloc.o ABSOLUTE
    ../clib/heapalloc.c                      0x00000000   Number         0  heapstubs.o ABSOLUTE
    ../clib/heapalloc.c                      0x00000000   Number         0  hrguard.o ABSOLUTE
    ../clib/heapalloc.c                      0x00000000   Number         0  term_alloc.o ABSOLUTE
    ../clib/heapaux.c                        0x00000000   Number         0  heapauxi.o ABSOLUTE
    ../clib/heapaux.c                        0x00000000   Number         0  heapauxa.o ABSOLUTE
    ../clib/libinit.s                        0x00000000   Number         0  libinit.o ABSOLUTE
    ../clib/libinit.s                        0x00000000   Number         0  libinit2.o ABSOLUTE
    ../clib/libinit.s                        0x00000000   Number         0  libshutdown2.o ABSOLUTE
    ../clib/libinit.s                        0x00000000   Number         0  libshutdown.o ABSOLUTE
    ../clib/longlong.s                       0x00000000   Number         0  lludivv7m.o ABSOLUTE
    ../clib/maybe.s                          0x00000000   Number         0  maybetermalloc1.o ABSOLUTE
    ../clib/maybe.s                          0x00000000   Number         0  maybetermalloc2.o ABSOLUTE
    ../clib/memcpset.s                       0x00000000   Number         0  strcmpv7m.o ABSOLUTE
    ../clib/memcpset.s                       0x00000000   Number         0  rt_memclr_w.o ABSOLUTE
    ../clib/memcpset.s                       0x00000000   Number         0  rt_memcpy_w.o ABSOLUTE
    ../clib/misc.s                           0x00000000   Number         0  printf_stubs.o ABSOLUTE
    ../clib/printf.c                         0x00000000   Number         0  __2printf.o ABSOLUTE
    ../clib/printf.c                         0x00000000   Number         0  noretval__2printf.o ABSOLUTE
    ../clib/printf.c                         0x00000000   Number         0  __printf.o ABSOLUTE
    ../clib/printf.c                         0x00000000   Number         0  _printf_pad.o ABSOLUTE
    ../clib/printf.c                         0x00000000   Number         0  _printf_hex_ll.o ABSOLUTE
    ../clib/printf.c                         0x00000000   Number         0  _printf_hex_int.o ABSOLUTE
    ../clib/printf.c                         0x00000000   Number         0  _printf_hex_int_ll.o ABSOLUTE
    ../clib/printf.c                         0x00000000   Number         0  _printf_hex_ptr.o ABSOLUTE
    ../clib/printf.c                         0x00000000   Number         0  _printf_hex_int_ptr.o ABSOLUTE
    ../clib/printf.c                         0x00000000   Number         0  _printf_hex_ll_ptr.o ABSOLUTE
    ../clib/printf.c                         0x00000000   Number         0  _printf_hex_int_ll_ptr.o ABSOLUTE
    ../clib/printf.c                         0x00000000   Number         0  __printf_flags.o ABSOLUTE
    ../clib/printf.c                         0x00000000   Number         0  __printf_ss.o ABSOLUTE
    ../clib/printf.c                         0x00000000   Number         0  __printf_flags_ss.o ABSOLUTE
    ../clib/printf.c                         0x00000000   Number         0  __printf_wp.o ABSOLUTE
    ../clib/printf.c                         0x00000000   Number         0  __printf_flags_wp.o ABSOLUTE
    ../clib/printf.c                         0x00000000   Number         0  __printf_ss_wp.o ABSOLUTE
    ../clib/printf.c                         0x00000000   Number         0  __printf_flags_ss_wp.o ABSOLUTE
    ../clib/printf.c                         0x00000000   Number         0  _printf_intcommon.o ABSOLUTE
    ../clib/printf.c                         0x00000000   Number         0  _printf_char_file.o ABSOLUTE
    ../clib/printf.c                         0x00000000   Number         0  _printf_char_common.o ABSOLUTE
    ../clib/printf.c                         0x00000000   Number         0  __printf_nopercent.o ABSOLUTE
    ../clib/printf_percent.s                 0x00000000   Number         0  _printf_x.o ABSOLUTE
    ../clib/printf_percent.s                 0x00000000   Number         0  _printf_percent.o ABSOLUTE
    ../clib/printf_percent.s                 0x00000000   Number         0  _printf_percent_end.o ABSOLUTE
    ../clib/signal.c                         0x00000000   Number         0  defsig_fpe_outer.o ABSOLUTE
    ../clib/signal.c                         0x00000000   Number         0  defsig_fpe_formal.o ABSOLUTE
    ../clib/signal.c                         0x00000000   Number         0  defsig_rtred_outer.o ABSOLUTE
    ../clib/signal.c                         0x00000000   Number         0  defsig_rtred_formal.o ABSOLUTE
    ../clib/signal.c                         0x00000000   Number         0  defsig_exit.o ABSOLUTE
    ../clib/signal.c                         0x00000000   Number         0  defsig_fpe_inner.o ABSOLUTE
    ../clib/signal.c                         0x00000000   Number         0  defsig_rtred_inner.o ABSOLUTE
    ../clib/signal.c                         0x00000000   Number         0  __raise.o ABSOLUTE
    ../clib/signal.c                         0x00000000   Number         0  defsig_general.o ABSOLUTE
    ../clib/signal.c                         0x00000000   Number         0  defsig_rtmem_outer.o ABSOLUTE
    ../clib/signal.c                         0x00000000   Number         0  defsig_rtmem_formal.o ABSOLUTE
    ../clib/signal.c                         0x00000000   Number         0  defsig_rtmem_inner.o ABSOLUTE
    ../clib/signal.c                         0x00000000   Number         0  defsig_abrt_inner.o ABSOLUTE
    ../clib/signal.c                         0x00000000   Number         0  defsig_stak_inner.o ABSOLUTE
    ../clib/signal.c                         0x00000000   Number         0  defsig_pvfn_inner.o ABSOLUTE
    ../clib/signal.c                         0x00000000   Number         0  defsig_cppl_inner.o ABSOLUTE
    ../clib/signal.c                         0x00000000   Number         0  defsig_segv_inner.o ABSOLUTE
    ../clib/signal.c                         0x00000000   Number         0  defsig_other.o ABSOLUTE
    ../clib/signal.s                         0x00000000   Number         0  defsig.o ABSOLUTE
    ../clib/stdio.c                          0x00000000   Number         0  stdio_streams.o ABSOLUTE
    ../clib/stdio.c                          0x00000000   Number         0  ferror.o ABSOLUTE
    ../clib/stdio.c                          0x00000000   Number         0  initio.o ABSOLUTE
    ../clib/stdio.c                          0x00000000   Number         0  ferror_locked.o ABSOLUTE
    ../clib/stdio.c                          0x00000000   Number         0  initio_locked.o ABSOLUTE
    ../clib/stdio.c                          0x00000000   Number         0  setvbuf.o ABSOLUTE
    ../clib/stdio.c                          0x00000000   Number         0  streamlock.o ABSOLUTE
    ../clib/stdio.c                          0x00000000   Number         0  fopen.o ABSOLUTE
    ../clib/stdio.c                          0x00000000   Number         0  fclose.o ABSOLUTE
    ../clib/stdio.c                          0x00000000   Number         0  setvbuf_locked.o ABSOLUTE
    ../clib/stdio.c                          0x00000000   Number         0  fopen_locked.o ABSOLUTE
    ../clib/stdio.c                          0x00000000   Number         0  fseek.o ABSOLUTE
    ../clib/stdio.c                          0x00000000   Number         0  stdio.o ABSOLUTE
    ../clib/stdio.c                          0x00000000   Number         0  ftell.o ABSOLUTE
    ../clib/stdlib.c                         0x00000000   Number         0  exit.o ABSOLUTE
    ../fplib/fpinit.s                        0x00000000   Number         0  fpinit.o ABSOLUTE
    ../fplib/fpinit_empty.s                  0x00000000   Number         0  fpinit_empty.o ABSOLUTE
    Delay.c                                  0x00000000   Number         0  delay.o ABSOLUTE
    My_usart.c                               0x00000000   Number         0  my_usart.o ABSOLUTE
    RFID.c                                   0x00000000   Number         0  rfid.o ABSOLUTE
    RTE/Device/STM32F103C8/startup_stm32f10x_md.s 0x00000000   Number         0  startup_stm32f10x_md.o ABSOLUTE
    dc.s                                     0x00000000   Number         0  dc.o ABSOLUTE
    main.c                                   0x00000000   Number         0  main.o ABSOLUTE
    misc.c                                   0x00000000   Number         0  misc.o ABSOLUTE
    retarget_io.c                            0x00000000   Number         0  retarget_io.o ABSOLUTE
    spi.c                                    0x00000000   Number         0  spi.o ABSOLUTE
    stm32f10x_gpio.c                         0x00000000   Number         0  stm32f10x_gpio.o ABSOLUTE
    stm32f10x_i2c.c                          0x00000000   Number         0  stm32f10x_i2c.o ABSOLUTE
    stm32f10x_rcc.c                          0x00000000   Number         0  stm32f10x_rcc.o ABSOLUTE
    stm32f10x_spi.c                          0x00000000   Number         0  stm32f10x_spi.o ABSOLUTE
    stm32f10x_tim.c                          0x00000000   Number         0  stm32f10x_tim.o ABSOLUTE
    stm32f10x_usart.c                        0x00000000   Number         0  stm32f10x_usart.o ABSOLUTE
    system_stm32f10x.c                       0x00000000   Number         0  system_stm32f10x.o ABSOLUTE
    RESET                                    0x08000000   Section      236  startup_stm32f10x_md.o(RESET)
    !!!main                                  0x080000ec   Section        8  __main.o(!!!main)
    !!!scatter                               0x080000f4   Section       92  __scatter.o(!!!scatter)
    !!handler_copy                           0x08000150   Section       26  __scatter_copy.o(!!handler_copy)
    !!handler_null                           0x0800016c   Section        2  __scatter.o(!!handler_null)
    !!handler_zi                             0x08000170   Section       28  __scatter_zi.o(!!handler_zi)
    .ARM.Collect$$_printf_percent$$00000000  0x0800018c   Section        0  _printf_percent.o(.ARM.Collect$$_printf_percent$$00000000)
    .ARM.Collect$$_printf_percent$$0000000C  0x0800018c   Section        6  _printf_x.o(.ARM.Collect$$_printf_percent$$0000000C)
    .ARM.Collect$$_printf_percent$$00000017  0x08000192   Section        4  _printf_percent_end.o(.ARM.Collect$$_printf_percent$$00000017)
    .ARM.Collect$$libinit$$00000000          0x08000196   Section        2  libinit.o(.ARM.Collect$$libinit$$00000000)
    .ARM.Collect$$libinit$$00000002          0x08000198   Section        0  libinit2.o(.ARM.Collect$$libinit$$00000002)
    .ARM.Collect$$libinit$$00000004          0x08000198   Section        0  libinit2.o(.ARM.Collect$$libinit$$00000004)
    .ARM.Collect$$libinit$$00000006          0x08000198   Section        0  libinit2.o(.ARM.Collect$$libinit$$00000006)
    .ARM.Collect$$libinit$$00000007          0x08000198   Section        8  libinit2.o(.ARM.Collect$$libinit$$00000007)
    .ARM.Collect$$libinit$$0000000C          0x080001a0   Section        0  libinit2.o(.ARM.Collect$$libinit$$0000000C)
    .ARM.Collect$$libinit$$0000000E          0x080001a0   Section        0  libinit2.o(.ARM.Collect$$libinit$$0000000E)
    .ARM.Collect$$libinit$$00000010          0x080001a0   Section        0  libinit2.o(.ARM.Collect$$libinit$$00000010)
    .ARM.Collect$$libinit$$00000013          0x080001a0   Section        0  libinit2.o(.ARM.Collect$$libinit$$00000013)
    .ARM.Collect$$libinit$$00000015          0x080001a0   Section        0  libinit2.o(.ARM.Collect$$libinit$$00000015)
    .ARM.Collect$$libinit$$00000017          0x080001a0   Section        0  libinit2.o(.ARM.Collect$$libinit$$00000017)
    .ARM.Collect$$libinit$$00000019          0x080001a0   Section        0  libinit2.o(.ARM.Collect$$libinit$$00000019)
    .ARM.Collect$$libinit$$0000001B          0x080001a0   Section        0  libinit2.o(.ARM.Collect$$libinit$$0000001B)
    .ARM.Collect$$libinit$$0000001D          0x080001a0   Section        0  libinit2.o(.ARM.Collect$$libinit$$0000001D)
    .ARM.Collect$$libinit$$0000001F          0x080001a0   Section        0  libinit2.o(.ARM.Collect$$libinit$$0000001F)
    .ARM.Collect$$libinit$$00000021          0x080001a0   Section        0  libinit2.o(.ARM.Collect$$libinit$$00000021)
    .ARM.Collect$$libinit$$00000023          0x080001a0   Section        0  libinit2.o(.ARM.Collect$$libinit$$00000023)
    .ARM.Collect$$libinit$$00000025          0x080001a0   Section        0  libinit2.o(.ARM.Collect$$libinit$$00000025)
    .ARM.Collect$$libinit$$00000026          0x080001a0   Section        4  libinit2.o(.ARM.Collect$$libinit$$00000026)
    .ARM.Collect$$libinit$$00000027          0x080001a4   Section        0  libinit2.o(.ARM.Collect$$libinit$$00000027)
    .ARM.Collect$$libinit$$0000002E          0x080001a4   Section        0  libinit2.o(.ARM.Collect$$libinit$$0000002E)
    .ARM.Collect$$libinit$$00000030          0x080001a4   Section        0  libinit2.o(.ARM.Collect$$libinit$$00000030)
    .ARM.Collect$$libinit$$00000032          0x080001a4   Section        0  libinit2.o(.ARM.Collect$$libinit$$00000032)
    .ARM.Collect$$libinit$$00000034          0x080001a4   Section        0  libinit2.o(.ARM.Collect$$libinit$$00000034)
    .ARM.Collect$$libinit$$00000035          0x080001a4   Section        2  libinit2.o(.ARM.Collect$$libinit$$00000035)
    .ARM.Collect$$libshutdown$$00000000      0x080001a6   Section        2  libshutdown.o(.ARM.Collect$$libshutdown$$00000000)
    .ARM.Collect$$libshutdown$$00000002      0x080001a8   Section        0  libshutdown2.o(.ARM.Collect$$libshutdown$$00000002)
    .ARM.Collect$$libshutdown$$00000003      0x080001a8   Section        4  libshutdown2.o(.ARM.Collect$$libshutdown$$00000003)
    .ARM.Collect$$libshutdown$$00000004      0x080001ac   Section        0  libshutdown2.o(.ARM.Collect$$libshutdown$$00000004)
    .ARM.Collect$$libshutdown$$00000007      0x080001ac   Section        0  libshutdown2.o(.ARM.Collect$$libshutdown$$00000007)
    .ARM.Collect$$libshutdown$$0000000A      0x080001ac   Section        0  libshutdown2.o(.ARM.Collect$$libshutdown$$0000000A)
    .ARM.Collect$$libshutdown$$0000000C      0x080001ac   Section        0  libshutdown2.o(.ARM.Collect$$libshutdown$$0000000C)
    .ARM.Collect$$libshutdown$$0000000F      0x080001ac   Section        0  libshutdown2.o(.ARM.Collect$$libshutdown$$0000000F)
    .ARM.Collect$$libshutdown$$00000010      0x080001ac   Section        2  libshutdown2.o(.ARM.Collect$$libshutdown$$00000010)
    .ARM.Collect$$rtentry$$00000000          0x080001ae   Section        0  __rtentry.o(.ARM.Collect$$rtentry$$00000000)
    .ARM.Collect$$rtentry$$00000002          0x080001ae   Section        0  __rtentry2.o(.ARM.Collect$$rtentry$$00000002)
    .ARM.Collect$$rtentry$$00000004          0x080001ae   Section        6  __rtentry4.o(.ARM.Collect$$rtentry$$00000004)
    .ARM.Collect$$rtentry$$00000009          0x080001b4   Section        0  __rtentry2.o(.ARM.Collect$$rtentry$$00000009)
    .ARM.Collect$$rtentry$$0000000A          0x080001b4   Section        4  __rtentry2.o(.ARM.Collect$$rtentry$$0000000A)
    .ARM.Collect$$rtentry$$0000000C          0x080001b8   Section        0  __rtentry2.o(.ARM.Collect$$rtentry$$0000000C)
    .ARM.Collect$$rtentry$$0000000D          0x080001b8   Section        8  __rtentry2.o(.ARM.Collect$$rtentry$$0000000D)
    .ARM.Collect$$rtexit$$00000000           0x080001c0   Section        2  rtexit.o(.ARM.Collect$$rtexit$$00000000)
    .ARM.Collect$$rtexit$$00000002           0x080001c2   Section        0  rtexit2.o(.ARM.Collect$$rtexit$$00000002)
    .ARM.Collect$$rtexit$$00000003           0x080001c2   Section        4  rtexit2.o(.ARM.Collect$$rtexit$$00000003)
    .ARM.Collect$$rtexit$$00000004           0x080001c6   Section        6  rtexit2.o(.ARM.Collect$$rtexit$$00000004)
    .text                                    0x080001cc   Section       64  startup_stm32f10x_md.o(.text)
    .text                                    0x0800020c   Section        0  noretval__2printf.o(.text)
    .text                                    0x08000224   Section        0  _printf_pad.o(.text)
    .text                                    0x08000274   Section        0  _printf_hex_int.o(.text)
    .text                                    0x080002cc   Section        0  __printf_flags_wp.o(.text)
    .text                                    0x08000404   Section      128  strcmpv7m.o(.text)
    .text                                    0x08000484   Section        0  heapauxi.o(.text)
    .text                                    0x0800048a   Section        0  _printf_intcommon.o(.text)
    .text                                    0x0800053c   Section        0  _printf_char_file.o(.text)
    _printf_input_char                       0x08000561   Thumb Code    10  _printf_char_common.o(.text)
    .text                                    0x08000560   Section        0  _printf_char_common.o(.text)
    .text                                    0x08000590   Section        0  ferror.o(.text)
    .text                                    0x08000598   Section        0  initio.o(.text)
    .text                                    0x080006d0   Section       74  sys_stackheap_outer.o(.text)
    .text                                    0x0800071a   Section        0  h1_free.o(.text)
    .text                                    0x08000768   Section        0  setvbuf.o(.text)
    _freopen_locked                          0x080007b1   Thumb Code     0  fopen.o(.text)
    .text                                    0x080007b0   Section        0  fopen.o(.text)
    .text                                    0x080008a0   Section        0  fclose.o(.text)
    .text                                    0x080008ec   Section        0  exit.o(.text)
    .text                                    0x080008fe   Section        0  defsig_rtred_outer.o(.text)
    .text                                    0x0800090c   Section       78  rt_memclr_w.o(.text)
    .text                                    0x0800095c   Section        8  libspace.o(.text)
    .text                                    0x08000964   Section        8  rt_heap_descriptor_intlibspace.o(.text)
    .text                                    0x0800096c   Section        0  hguard.o(.text)
    .text                                    0x08000970   Section        0  init_alloc.o(.text)
    .text                                    0x080009fa   Section        0  h1_alloc.o(.text)
    .text                                    0x08000a58   Section        0  fseek.o(.text)
    .text                                    0x08000b50   Section        0  stdio.o(.text)
    .text                                    0x08000c58   Section        0  defsig_exit.o(.text)
    .text                                    0x08000c64   Section        0  defsig_rtred_inner.o(.text)
    .text                                    0x08000c98   Section        0  sys_exit.o(.text)
    .text                                    0x08000ca4   Section        0  maybetermalloc1.o(.text)
    .text                                    0x08000ca4   Section        0  h1_init.o(.text)
    .text                                    0x08000cb0   Section        0  h1_extend.o(.text)
    .text                                    0x08000ce4   Section        0  ftell.o(.text)
    .text                                    0x08000d26   Section        0  defsig_general.o(.text)
    .text                                    0x08000d58   Section        0  defsig_rtmem_outer.o(.text)
    .text                                    0x08000d66   Section        2  use_no_semi.o(.text)
    .text                                    0x08000d68   Section        0  indicate_semi.o(.text)
    .text                                    0x08000d68   Section        8  rt_errno_addr_intlibspace.o(.text)
    .text                                    0x08000d70   Section        0  defsig_rtmem_inner.o(.text)
    [Anonymous Symbol]                       0x08000dc0   Section        0  stm32f10x_gpio.o(.text.GPIO_Init)
    [Anonymous Symbol]                       0x08000e80   Section        0  stm32f10x_gpio.o(.text.GPIO_ResetBits)
    [Anonymous Symbol]                       0x08000e84   Section        0  stm32f10x_gpio.o(.text.GPIO_SetBits)
    [Anonymous Symbol]                       0x08000e88   Section        0  stm32f10x_rcc.o(.text.RCC_APB1PeriphClockCmd)
    [Anonymous Symbol]                       0x08000ea0   Section        0  stm32f10x_rcc.o(.text.RCC_APB2PeriphClockCmd)
    [Anonymous Symbol]                       0x08000eb8   Section        0  stm32f10x_rcc.o(.text.RCC_GetClocksFreq)
    [Anonymous Symbol]                       0x08000f44   Section        0  stm32f10x_spi.o(.text.SPI_Cmd)
    [Anonymous Symbol]                       0x08000f58   Section        0  stm32f10x_spi.o(.text.SPI_I2S_GetFlagStatus)
    [Anonymous Symbol]                       0x08000f64   Section        0  stm32f10x_spi.o(.text.SPI_I2S_ReceiveData)
    [Anonymous Symbol]                       0x08000f68   Section        0  stm32f10x_spi.o(.text.SPI_I2S_SendData)
    [Anonymous Symbol]                       0x08000f6c   Section        0  stm32f10x_spi.o(.text.SPI_Init)
    [Anonymous Symbol]                       0x08000fb4   Section        0  delay.o(.text.SysTick_Handler)
    [Anonymous Symbol]                       0x08000fc4   Section        0  delay.o(.text.SysTick_Init)
    [Anonymous Symbol]                       0x08000fd8   Section        0  system_stm32f10x.o(.text.SystemInit)
    [Anonymous Symbol]                       0x080010e8   Section        0  rfid.o(.text.TM_MFRC522_AntennaOn)
    [Anonymous Symbol]                       0x08001164   Section        0  rfid.o(.text.TM_MFRC522_Anticoll)
    [Anonymous Symbol]                       0x080011d4   Section        0  rfid.o(.text.TM_MFRC522_CalculateCRC)
    [Anonymous Symbol]                       0x08001340   Section        0  rfid.o(.text.TM_MFRC522_Check)
    [Anonymous Symbol]                       0x080013cc   Section        0  rfid.o(.text.TM_MFRC522_Init)
    [Anonymous Symbol]                       0x080014e8   Section        0  spi.o(.text.TM_MFRC522_InitPins)
    [Anonymous Symbol]                       0x0800151c   Section        0  rfid.o(.text.TM_MFRC522_ToCard)
    [Anonymous Symbol]                       0x08001858   Section        0  spi.o(.text.TM_SPI_Init)
    [Anonymous Symbol]                       0x080018d8   Section        0  spi.o(.text.TM_SPI_Send)
    [Anonymous Symbol]                       0x08001904   Section        0  my_usart.o(.text.USART1_IRQHandler)
    [Anonymous Symbol]                       0x08001978   Section        0  stm32f10x_usart.o(.text.USART_ClearFlag)
    [Anonymous Symbol]                       0x08001980   Section        0  stm32f10x_usart.o(.text.USART_ClearITPendingBit)
    [Anonymous Symbol]                       0x08001990   Section        0  stm32f10x_usart.o(.text.USART_Cmd)
    [Anonymous Symbol]                       0x080019a4   Section        0  stm32f10x_usart.o(.text.USART_GetFlagStatus)
    [Anonymous Symbol]                       0x080019b0   Section        0  stm32f10x_usart.o(.text.USART_GetITStatus)
    [Anonymous Symbol]                       0x080019e0   Section        0  stm32f10x_usart.o(.text.USART_ITConfig)
    [Anonymous Symbol]                       0x08001a10   Section        0  stm32f10x_usart.o(.text.USART_Init)
    [Anonymous Symbol]                       0x08001ac8   Section        0  stm32f10x_usart.o(.text.USART_ReceiveData)
    [Anonymous Symbol]                       0x08001ad0   Section        0  stm32f10x_usart.o(.text.USART_SendData)
    [Anonymous Symbol]                       0x08001ad8   Section        0  retarget_io.o(.text._sys_close)
    [Anonymous Symbol]                       0x08001aec   Section        0  retarget_io.o(.text._sys_flen)
    [Anonymous Symbol]                       0x08001af0   Section        0  retarget_io.o(.text._sys_istty)
    [Anonymous Symbol]                       0x08001b00   Section        0  retarget_io.o(.text._sys_open)
    [Anonymous Symbol]                       0x08001b64   Section        0  retarget_io.o(.text._sys_seek)
    [Anonymous Symbol]                       0x08001b6c   Section        0  retarget_io.o(.text._sys_write)
    [Anonymous Symbol]                       0x08001b90   Section        0  retarget_io.o(.text._ttywrch)
    [Anonymous Symbol]                       0x08001b94   Section        0  delay.o(.text.delay_ms)
    [Anonymous Symbol]                       0x08001bdc   Section        0  my_usart.o(.text.fputc)
    [Anonymous Symbol]                       0x08001c00   Section        0  main.o(.text.main)
    [Anonymous Symbol]                       0x08001c84   Section        0  my_usart.o(.text.usart1_cfg_A9A10)
    i._is_digit                              0x08001d40   Section        0  __printf_wp.o(i._is_digit)
    uc_hextab                                0x08001d4e   Data          20  _printf_hex_int.o(.constdata)
    .constdata                               0x08001d4e   Section       40  _printf_hex_int.o(.constdata)
    lc_hextab                                0x08001d62   Data          20  _printf_hex_int.o(.constdata)
    maptable                                 0x08001d76   Data          17  __printf_flags_wp.o(.constdata)
    .constdata                               0x08001d76   Section       17  __printf_flags_wp.o(.constdata)
    ADCPrescTable                            0x08001d87   Data           4  stm32f10x_rcc.o(.rodata.ADCPrescTable)
    [Anonymous Symbol]                       0x08001d87   Section        0  stm32f10x_rcc.o(.rodata.ADCPrescTable)
    APBAHBPrescTable                         0x08001d8b   Data          16  stm32f10x_rcc.o(.rodata.APBAHBPrescTable)
    [Anonymous Symbol]                       0x08001d8b   Section        0  stm32f10x_rcc.o(.rodata.APBAHBPrescTable)
    .data                                    0x20000000   Section        4  stdio_streams.o(.data)
    .data                                    0x20000004   Section        4  stdio_streams.o(.data)
    .data                                    0x20000008   Section        4  stdio_streams.o(.data)
    .bss                                     0x20000010   Section       84  stdio_streams.o(.bss)
    .bss                                     0x20000064   Section       84  stdio_streams.o(.bss)
    .bss                                     0x200000b8   Section       84  stdio_streams.o(.bss)
    .bss                                     0x2000010c   Section       96  libspace.o(.bss)
    Heap_Mem                                 0x200001c8   Data         512  startup_stm32f10x_md.o(HEAP)
    HEAP                                     0x200001c8   Section      512  startup_stm32f10x_md.o(HEAP)
    Stack_Mem                                0x200003c8   Data        1024  startup_stm32f10x_md.o(STACK)
    STACK                                    0x200003c8   Section     1024  startup_stm32f10x_md.o(STACK)
    __initial_sp                             0x200007c8   Data           0  startup_stm32f10x_md.o(STACK)

    Global Symbols

    Symbol Name                              Value     Ov Type        Size  Object(Section)

    BuildAttributes$$THM_ISAv4$P$D$K$B$S$PE$A:L22UL41UL21$X:L11$S22US41US21$IEEE1$IW$~IW$USESV6$~STKCKD$USESV7$~SHL$OTIME$ROPI$EBA8$UX$STANDARDLIB$REQ8$PRES8$EABIv2 0x00000000   Number         0  anon$$obj.o ABSOLUTE
    __fp_init_empty                          0x00000000   Number         0  fpinit_empty.o ABSOLUTE
    _printf_flags                            0x00000000   Number         0  printf_stubs.o ABSOLUTE
    _printf_return_value                     0x00000000   Number         0  printf_stubs.o ABSOLUTE
    _printf_sizespec                         0x00000000   Number         0  printf_stubs.o ABSOLUTE
    _printf_widthprec                        0x00000000   Number         0  printf_stubs.o ABSOLUTE
    __ARM_exceptions_init                     - Undefined Weak Reference
    __alloca_initialize                       - Undefined Weak Reference
    __arm_preinit_                            - Undefined Weak Reference
    __arm_relocate_pie_                       - Undefined Weak Reference
    __cpp_initialize__aeabi_                  - Undefined Weak Reference
    __cxa_finalize                            - Undefined Weak Reference
    __rt_locale                               - Undefined Weak Reference
    __sigvec_lookup                           - Undefined Weak Reference
    __user_heap_extent                        - Undefined Weak Reference
    _atexit_init                              - Undefined Weak Reference
    _call_atexit_fns                          - Undefined Weak Reference
    _clock_init                               - Undefined Weak Reference
    _fp_trap_init                             - Undefined Weak Reference
    _fp_trap_shutdown                         - Undefined Weak Reference
    _get_lc_collate                           - Undefined Weak Reference
    _get_lc_ctype                             - Undefined Weak Reference
    _get_lc_monetary                          - Undefined Weak Reference
    _get_lc_numeric                           - Undefined Weak Reference
    _get_lc_time                              - Undefined Weak Reference
    _getenv_init                              - Undefined Weak Reference
    _handle_redirection                       - Undefined Weak Reference
    _mutex_acquire                            - Undefined Weak Reference
    _mutex_free                               - Undefined Weak Reference
    _mutex_release                            - Undefined Weak Reference
    _printf_truncate_unsigned                 - Undefined Weak Reference
    _rand_init                                - Undefined Weak Reference
    _signal_finish                            - Undefined Weak Reference
    _signal_init                              - Undefined Weak Reference
    __Vectors_Size                           0x000000ec   Number         0  startup_stm32f10x_md.o ABSOLUTE
    __Vectors                                0x08000000   Data           4  startup_stm32f10x_md.o(RESET)
    __Vectors_End                            0x080000ec   Data           0  startup_stm32f10x_md.o(RESET)
    __main                                   0x080000ed   Thumb Code     8  __main.o(!!!main)
    __scatterload                            0x080000f5   Thumb Code     0  __scatter.o(!!!scatter)
    __scatterload_rt2                        0x080000f5   Thumb Code    84  __scatter.o(!!!scatter)
    __scatterload_rt2_thumb_only             0x080000f5   Thumb Code     0  __scatter.o(!!!scatter)
    __scatterload_loop                       0x080000ff   Thumb Code     0  __scatter.o(!!!scatter)
    __scatterload_copy                       0x08000151   Thumb Code    26  __scatter_copy.o(!!handler_copy)
    __scatterload_null                       0x0800016d   Thumb Code     2  __scatter.o(!!handler_null)
    __scatterload_zeroinit                   0x08000171   Thumb Code    28  __scatter_zi.o(!!handler_zi)
    _printf_percent                          0x0800018d   Thumb Code     0  _printf_percent.o(.ARM.Collect$$_printf_percent$$00000000)
    _printf_x                                0x0800018d   Thumb Code     0  _printf_x.o(.ARM.Collect$$_printf_percent$$0000000C)
    _printf_percent_end                      0x08000193   Thumb Code     0  _printf_percent_end.o(.ARM.Collect$$_printf_percent$$00000017)
    __rt_lib_init                            0x08000197   Thumb Code     0  libinit.o(.ARM.Collect$$libinit$$00000000)
    __rt_lib_init_fp_1                       0x08000199   Thumb Code     0  libinit2.o(.ARM.Collect$$libinit$$00000002)
    __rt_lib_init_heap_2                     0x08000199   Thumb Code     0  libinit2.o(.ARM.Collect$$libinit$$00000007)
    __rt_lib_init_preinit_1                  0x08000199   Thumb Code     0  libinit2.o(.ARM.Collect$$libinit$$00000006)
    __rt_lib_init_relocate_pie_1             0x08000199   Thumb Code     0  libinit2.o(.ARM.Collect$$libinit$$00000004)
    __rt_lib_init_atexit_1                   0x080001a1   Thumb Code     0  libinit2.o(.ARM.Collect$$libinit$$0000001D)
    __rt_lib_init_clock_1                    0x080001a1   Thumb Code     0  libinit2.o(.ARM.Collect$$libinit$$00000023)
    __rt_lib_init_fp_trap_1                  0x080001a1   Thumb Code     0  libinit2.o(.ARM.Collect$$libinit$$00000021)
    __rt_lib_init_getenv_1                   0x080001a1   Thumb Code     0  libinit2.o(.ARM.Collect$$libinit$$00000025)
    __rt_lib_init_heap_1                     0x080001a1   Thumb Code     0  libinit2.o(.ARM.Collect$$libinit$$0000000C)
    __rt_lib_init_lc_collate_1               0x080001a1   Thumb Code     0  libinit2.o(.ARM.Collect$$libinit$$00000013)
    __rt_lib_init_lc_ctype_1                 0x080001a1   Thumb Code     0  libinit2.o(.ARM.Collect$$libinit$$00000015)
    __rt_lib_init_lc_monetary_1              0x080001a1   Thumb Code     0  libinit2.o(.ARM.Collect$$libinit$$00000017)
    __rt_lib_init_lc_numeric_1               0x080001a1   Thumb Code     0  libinit2.o(.ARM.Collect$$libinit$$00000019)
    __rt_lib_init_lc_time_1                  0x080001a1   Thumb Code     0  libinit2.o(.ARM.Collect$$libinit$$0000001B)
    __rt_lib_init_rand_1                     0x080001a1   Thumb Code     0  libinit2.o(.ARM.Collect$$libinit$$00000010)
    __rt_lib_init_signal_1                   0x080001a1   Thumb Code     0  libinit2.o(.ARM.Collect$$libinit$$0000001F)
    __rt_lib_init_stdio_2                    0x080001a1   Thumb Code     0  libinit2.o(.ARM.Collect$$libinit$$00000026)
    __rt_lib_init_user_alloc_1               0x080001a1   Thumb Code     0  libinit2.o(.ARM.Collect$$libinit$$0000000E)
    __rt_lib_init_alloca_1                   0x080001a5   Thumb Code     0  libinit2.o(.ARM.Collect$$libinit$$00000030)
    __rt_lib_init_argv_1                     0x080001a5   Thumb Code     0  libinit2.o(.ARM.Collect$$libinit$$0000002E)
    __rt_lib_init_cpp_1                      0x080001a5   Thumb Code     0  libinit2.o(.ARM.Collect$$libinit$$00000034)
    __rt_lib_init_exceptions_1               0x080001a5   Thumb Code     0  libinit2.o(.ARM.Collect$$libinit$$00000032)
    __rt_lib_init_return                     0x080001a5   Thumb Code     0  libinit2.o(.ARM.Collect$$libinit$$00000035)
    __rt_lib_init_stdio_1                    0x080001a5   Thumb Code     0  libinit2.o(.ARM.Collect$$libinit$$00000027)
    __rt_lib_shutdown                        0x080001a7   Thumb Code     0  libshutdown.o(.ARM.Collect$$libshutdown$$00000000)
    __rt_lib_shutdown_cpp_1                  0x080001a9   Thumb Code     0  libshutdown2.o(.ARM.Collect$$libshutdown$$00000002)
    __rt_lib_shutdown_stdio_2                0x080001a9   Thumb Code     0  libshutdown2.o(.ARM.Collect$$libshutdown$$00000003)
    __rt_lib_shutdown_fp_trap_1              0x080001ad   Thumb Code     0  libshutdown2.o(.ARM.Collect$$libshutdown$$00000007)
    __rt_lib_shutdown_heap_1                 0x080001ad   Thumb Code     0  libshutdown2.o(.ARM.Collect$$libshutdown$$0000000F)
    __rt_lib_shutdown_return                 0x080001ad   Thumb Code     0  libshutdown2.o(.ARM.Collect$$libshutdown$$00000010)
    __rt_lib_shutdown_signal_1               0x080001ad   Thumb Code     0  libshutdown2.o(.ARM.Collect$$libshutdown$$0000000A)
    __rt_lib_shutdown_stdio_1                0x080001ad   Thumb Code     0  libshutdown2.o(.ARM.Collect$$libshutdown$$00000004)
    __rt_lib_shutdown_user_alloc_1           0x080001ad   Thumb Code     0  libshutdown2.o(.ARM.Collect$$libshutdown$$0000000C)
    __rt_entry                               0x080001af   Thumb Code     0  __rtentry.o(.ARM.Collect$$rtentry$$00000000)
    __rt_entry_presh_1                       0x080001af   Thumb Code     0  __rtentry2.o(.ARM.Collect$$rtentry$$00000002)
    __rt_entry_sh                            0x080001af   Thumb Code     0  __rtentry4.o(.ARM.Collect$$rtentry$$00000004)
    __rt_entry_li                            0x080001b5   Thumb Code     0  __rtentry2.o(.ARM.Collect$$rtentry$$0000000A)
    __rt_entry_postsh_1                      0x080001b5   Thumb Code     0  __rtentry2.o(.ARM.Collect$$rtentry$$00000009)
    __rt_entry_main                          0x080001b9   Thumb Code     0  __rtentry2.o(.ARM.Collect$$rtentry$$0000000D)
    __rt_entry_postli_1                      0x080001b9   Thumb Code     0  __rtentry2.o(.ARM.Collect$$rtentry$$0000000C)
    __rt_exit                                0x080001c1   Thumb Code     0  rtexit.o(.ARM.Collect$$rtexit$$00000000)
    __rt_exit_ls                             0x080001c3   Thumb Code     0  rtexit2.o(.ARM.Collect$$rtexit$$00000003)
    __rt_exit_prels_1                        0x080001c3   Thumb Code     0  rtexit2.o(.ARM.Collect$$rtexit$$00000002)
    __rt_exit_exit                           0x080001c7   Thumb Code     0  rtexit2.o(.ARM.Collect$$rtexit$$00000004)
    Reset_Handler                            0x080001cd   Thumb Code     8  startup_stm32f10x_md.o(.text)
    NMI_Handler                              0x080001d5   Thumb Code     2  startup_stm32f10x_md.o(.text)
    HardFault_Handler                        0x080001d7   Thumb Code     2  startup_stm32f10x_md.o(.text)
    MemManage_Handler                        0x080001d9   Thumb Code     2  startup_stm32f10x_md.o(.text)
    BusFault_Handler                         0x080001db   Thumb Code     2  startup_stm32f10x_md.o(.text)
    UsageFault_Handler                       0x080001dd   Thumb Code     2  startup_stm32f10x_md.o(.text)
    SVC_Handler                              0x080001df   Thumb Code     2  startup_stm32f10x_md.o(.text)
    DebugMon_Handler                         0x080001e1   Thumb Code     2  startup_stm32f10x_md.o(.text)
    PendSV_Handler                           0x080001e3   Thumb Code     2  startup_stm32f10x_md.o(.text)
    ADC1_2_IRQHandler                        0x080001e7   Thumb Code     0  startup_stm32f10x_md.o(.text)
    CAN1_RX1_IRQHandler                      0x080001e7   Thumb Code     0  startup_stm32f10x_md.o(.text)
    CAN1_SCE_IRQHandler                      0x080001e7   Thumb Code     0  startup_stm32f10x_md.o(.text)
    DMA1_Channel1_IRQHandler                 0x080001e7   Thumb Code     0  startup_stm32f10x_md.o(.text)
    DMA1_Channel2_IRQHandler                 0x080001e7   Thumb Code     0  startup_stm32f10x_md.o(.text)
    DMA1_Channel3_IRQHandler                 0x080001e7   Thumb Code     0  startup_stm32f10x_md.o(.text)
    DMA1_Channel4_IRQHandler                 0x080001e7   Thumb Code     0  startup_stm32f10x_md.o(.text)
    DMA1_Channel5_IRQHandler                 0x080001e7   Thumb Code     0  startup_stm32f10x_md.o(.text)
    DMA1_Channel6_IRQHandler                 0x080001e7   Thumb Code     0  startup_stm32f10x_md.o(.text)
    DMA1_Channel7_IRQHandler                 0x080001e7   Thumb Code     0  startup_stm32f10x_md.o(.text)
    EXTI0_IRQHandler                         0x080001e7   Thumb Code     0  startup_stm32f10x_md.o(.text)
    EXTI15_10_IRQHandler                     0x080001e7   Thumb Code     0  startup_stm32f10x_md.o(.text)
    EXTI1_IRQHandler                         0x080001e7   Thumb Code     0  startup_stm32f10x_md.o(.text)
    EXTI2_IRQHandler                         0x080001e7   Thumb Code     0  startup_stm32f10x_md.o(.text)
    EXTI3_IRQHandler                         0x080001e7   Thumb Code     0  startup_stm32f10x_md.o(.text)
    EXTI4_IRQHandler                         0x080001e7   Thumb Code     0  startup_stm32f10x_md.o(.text)
    EXTI9_5_IRQHandler                       0x080001e7   Thumb Code     0  startup_stm32f10x_md.o(.text)
    FLASH_IRQHandler                         0x080001e7   Thumb Code     0  startup_stm32f10x_md.o(.text)
    I2C1_ER_IRQHandler                       0x080001e7   Thumb Code     0  startup_stm32f10x_md.o(.text)
    I2C1_EV_IRQHandler                       0x080001e7   Thumb Code     0  startup_stm32f10x_md.o(.text)
    I2C2_ER_IRQHandler                       0x080001e7   Thumb Code     0  startup_stm32f10x_md.o(.text)
    I2C2_EV_IRQHandler                       0x080001e7   Thumb Code     0  startup_stm32f10x_md.o(.text)
    PVD_IRQHandler                           0x080001e7   Thumb Code     0  startup_stm32f10x_md.o(.text)
    RCC_IRQHandler                           0x080001e7   Thumb Code     0  startup_stm32f10x_md.o(.text)
    RTCAlarm_IRQHandler                      0x080001e7   Thumb Code     0  startup_stm32f10x_md.o(.text)
    RTC_IRQHandler                           0x080001e7   Thumb Code     0  startup_stm32f10x_md.o(.text)
    SPI1_IRQHandler                          0x080001e7   Thumb Code     0  startup_stm32f10x_md.o(.text)
    SPI2_IRQHandler                          0x080001e7   Thumb Code     0  startup_stm32f10x_md.o(.text)
    TAMPER_IRQHandler                        0x080001e7   Thumb Code     0  startup_stm32f10x_md.o(.text)
    TIM1_BRK_IRQHandler                      0x080001e7   Thumb Code     0  startup_stm32f10x_md.o(.text)
    TIM1_CC_IRQHandler                       0x080001e7   Thumb Code     0  startup_stm32f10x_md.o(.text)
    TIM1_TRG_COM_IRQHandler                  0x080001e7   Thumb Code     0  startup_stm32f10x_md.o(.text)
    TIM1_UP_IRQHandler                       0x080001e7   Thumb Code     0  startup_stm32f10x_md.o(.text)
    TIM2_IRQHandler                          0x080001e7   Thumb Code     0  startup_stm32f10x_md.o(.text)
    TIM3_IRQHandler                          0x080001e7   Thumb Code     0  startup_stm32f10x_md.o(.text)
    TIM4_IRQHandler                          0x080001e7   Thumb Code     0  startup_stm32f10x_md.o(.text)
    USART2_IRQHandler                        0x080001e7   Thumb Code     0  startup_stm32f10x_md.o(.text)
    USART3_IRQHandler                        0x080001e7   Thumb Code     0  startup_stm32f10x_md.o(.text)
    USBWakeUp_IRQHandler                     0x080001e7   Thumb Code     0  startup_stm32f10x_md.o(.text)
    USB_HP_CAN1_TX_IRQHandler                0x080001e7   Thumb Code     0  startup_stm32f10x_md.o(.text)
    USB_LP_CAN1_RX0_IRQHandler               0x080001e7   Thumb Code     0  startup_stm32f10x_md.o(.text)
    WWDG_IRQHandler                          0x080001e7   Thumb Code     0  startup_stm32f10x_md.o(.text)
    __user_initial_stackheap                 0x080001e9   Thumb Code     0  startup_stm32f10x_md.o(.text)
    __2printf                                0x0800020d   Thumb Code    20  noretval__2printf.o(.text)
    _printf_pre_padding                      0x08000225   Thumb Code    44  _printf_pad.o(.text)
    _printf_post_padding                     0x08000251   Thumb Code    34  _printf_pad.o(.text)
    _printf_int_hex                          0x08000275   Thumb Code    84  _printf_hex_int.o(.text)
    _printf_longlong_hex                     0x08000275   Thumb Code     0  _printf_hex_int.o(.text)
    __printf                                 0x080002cd   Thumb Code   308  __printf_flags_wp.o(.text)
    strcmp                                   0x08000405   Thumb Code   128  strcmpv7m.o(.text)
    __use_two_region_memory                  0x08000485   Thumb Code     2  heapauxi.o(.text)
    __rt_heap_escrow                         0x08000487   Thumb Code     2  heapauxi.o(.text)
    __rt_heap_expand                         0x08000489   Thumb Code     2  heapauxi.o(.text)
    _printf_int_common                       0x0800048b   Thumb Code   178  _printf_intcommon.o(.text)
    _printf_char_file                        0x0800053d   Thumb Code    32  _printf_char_file.o(.text)
    _printf_char_common                      0x0800056b   Thumb Code    32  _printf_char_common.o(.text)
    ferror                                   0x08000591   Thumb Code     8  ferror.o(.text)
    _initio                                  0x08000599   Thumb Code   210  initio.o(.text)
    _terminateio                             0x0800066b   Thumb Code    56  initio.o(.text)
    __user_setup_stackheap                   0x080006d1   Thumb Code    74  sys_stackheap_outer.o(.text)
    free                                     0x0800071b   Thumb Code    78  h1_free.o(.text)
    setvbuf                                  0x08000769   Thumb Code    70  setvbuf.o(.text)
    freopen                                  0x080007b1   Thumb Code   160  fopen.o(.text)
    fopen                                    0x08000851   Thumb Code    74  fopen.o(.text)
    _fclose_internal                         0x080008a1   Thumb Code    76  fclose.o(.text)
    fclose                                   0x080008a1   Thumb Code     0  fclose.o(.text)
    exit                                     0x080008ed   Thumb Code    18  exit.o(.text)
    __rt_SIGRTRED                            0x080008ff   Thumb Code    14  defsig_rtred_outer.o(.text)
    __aeabi_memclr4                          0x0800090d   Thumb Code     0  rt_memclr_w.o(.text)
    __aeabi_memclr8                          0x0800090d   Thumb Code     0  rt_memclr_w.o(.text)
    __rt_memclr_w                            0x0800090d   Thumb Code     0  rt_memclr_w.o(.text)
    _memset_w                                0x08000911   Thumb Code    74  rt_memclr_w.o(.text)
    __user_libspace                          0x0800095d   Thumb Code     8  libspace.o(.text)
    __user_perproc_libspace                  0x0800095d   Thumb Code     0  libspace.o(.text)
    __user_perthread_libspace                0x0800095d   Thumb Code     0  libspace.o(.text)
    __rt_heap_descriptor                     0x08000965   Thumb Code     8  rt_heap_descriptor_intlibspace.o(.text)
    __use_no_heap                            0x0800096d   Thumb Code     2  hguard.o(.text)
    __heap$guard                             0x0800096f   Thumb Code     2  hguard.o(.text)
    _terminate_user_alloc                    0x08000971   Thumb Code     2  init_alloc.o(.text)
    _init_user_alloc                         0x08000973   Thumb Code     2  init_alloc.o(.text)
    __Heap_Full                              0x08000975   Thumb Code    34  init_alloc.o(.text)
    __Heap_Broken                            0x08000997   Thumb Code     6  init_alloc.o(.text)
    _init_alloc                              0x0800099d   Thumb Code    94  init_alloc.o(.text)
    malloc                                   0x080009fb   Thumb Code    94  h1_alloc.o(.text)
    _fseek                                   0x08000a59   Thumb Code   242  fseek.o(.text)
    fseek                                    0x08000a59   Thumb Code     0  fseek.o(.text)
    _seterr                                  0x08000b51   Thumb Code    20  stdio.o(.text)
    _writebuf                                0x08000b65   Thumb Code   108  stdio.o(.text)
    _fflush                                  0x08000bd1   Thumb Code    70  stdio.o(.text)
    _deferredlazyseek                        0x08000c17   Thumb Code    60  stdio.o(.text)
    __sig_exit                               0x08000c59   Thumb Code    10  defsig_exit.o(.text)
    __rt_SIGRTRED_inner                      0x08000c65   Thumb Code    14  defsig_rtred_inner.o(.text)
    _sys_exit                                0x08000c99   Thumb Code     8  sys_exit.o(.text)
    __Heap_Initialize                        0x08000ca5   Thumb Code     8  h1_init.o(.text)
    _maybe_terminate_alloc                   0x08000ca5   Thumb Code     0  maybetermalloc1.o(.text)
    __Heap_DescSize                          0x08000cad   Thumb Code     4  h1_init.o(.text)
    __Heap_ProvideMemory                     0x08000cb1   Thumb Code    52  h1_extend.o(.text)
    _ftell_internal                          0x08000ce5   Thumb Code    66  ftell.o(.text)
    ftell                                    0x08000ce5   Thumb Code     0  ftell.o(.text)
    __default_signal_display                 0x08000d27   Thumb Code    50  defsig_general.o(.text)
    __rt_SIGRTMEM                            0x08000d59   Thumb Code    14  defsig_rtmem_outer.o(.text)
    __I$use$semihosting                      0x08000d67   Thumb Code     0  use_no_semi.o(.text)
    __use_no_semihosting_swi                 0x08000d67   Thumb Code     2  use_no_semi.o(.text)
    __aeabi_errno_addr                       0x08000d69   Thumb Code     8  rt_errno_addr_intlibspace.o(.text)
    __errno$intlibspace                      0x08000d69   Thumb Code     0  rt_errno_addr_intlibspace.o(.text)
    __rt_errno_addr$intlibspace              0x08000d69   Thumb Code     0  rt_errno_addr_intlibspace.o(.text)
    __semihosting_library_function           0x08000d69   Thumb Code     0  indicate_semi.o(.text)
    __rt_SIGRTMEM_inner                      0x08000d71   Thumb Code    22  defsig_rtmem_inner.o(.text)
    GPIO_Init                                0x08000dc1   Thumb Code   192  stm32f10x_gpio.o(.text.GPIO_Init)
    GPIO_ResetBits                           0x08000e81   Thumb Code     4  stm32f10x_gpio.o(.text.GPIO_ResetBits)
    GPIO_SetBits                             0x08000e85   Thumb Code     4  stm32f10x_gpio.o(.text.GPIO_SetBits)
    RCC_APB1PeriphClockCmd                   0x08000e89   Thumb Code    24  stm32f10x_rcc.o(.text.RCC_APB1PeriphClockCmd)
    RCC_APB2PeriphClockCmd                   0x08000ea1   Thumb Code    24  stm32f10x_rcc.o(.text.RCC_APB2PeriphClockCmd)
    RCC_GetClocksFreq                        0x08000eb9   Thumb Code   140  stm32f10x_rcc.o(.text.RCC_GetClocksFreq)
    SPI_Cmd                                  0x08000f45   Thumb Code    20  stm32f10x_spi.o(.text.SPI_Cmd)
    SPI_I2S_GetFlagStatus                    0x08000f59   Thumb Code    10  stm32f10x_spi.o(.text.SPI_I2S_GetFlagStatus)
    SPI_I2S_ReceiveData                      0x08000f65   Thumb Code     4  stm32f10x_spi.o(.text.SPI_I2S_ReceiveData)
    SPI_I2S_SendData                         0x08000f69   Thumb Code     4  stm32f10x_spi.o(.text.SPI_I2S_SendData)
    SPI_Init                                 0x08000f6d   Thumb Code    70  stm32f10x_spi.o(.text.SPI_Init)
    SysTick_Handler                          0x08000fb5   Thumb Code    16  delay.o(.text.SysTick_Handler)
    SysTick_Init                             0x08000fc5   Thumb Code    20  delay.o(.text.SysTick_Init)
    SystemInit                               0x08000fd9   Thumb Code   272  system_stm32f10x.o(.text.SystemInit)
    TM_MFRC522_AntennaOn                     0x080010e9   Thumb Code   124  rfid.o(.text.TM_MFRC522_AntennaOn)
    TM_MFRC522_Anticoll                      0x08001165   Thumb Code   110  rfid.o(.text.TM_MFRC522_Anticoll)
    TM_MFRC522_CalculateCRC                  0x080011d5   Thumb Code   362  rfid.o(.text.TM_MFRC522_CalculateCRC)
    TM_MFRC522_Check                         0x08001341   Thumb Code   138  rfid.o(.text.TM_MFRC522_Check)
    TM_MFRC522_Init                          0x080013cd   Thumb Code   282  rfid.o(.text.TM_MFRC522_Init)
    TM_MFRC522_InitPins                      0x080014e9   Thumb Code    52  spi.o(.text.TM_MFRC522_InitPins)
    TM_MFRC522_ToCard                        0x0800151d   Thumb Code   828  rfid.o(.text.TM_MFRC522_ToCard)
    TM_SPI_Init                              0x08001859   Thumb Code   128  spi.o(.text.TM_SPI_Init)
    TM_SPI_Send                              0x080018d9   Thumb Code    42  spi.o(.text.TM_SPI_Send)
    USART1_IRQHandler                        0x08001905   Thumb Code   114  my_usart.o(.text.USART1_IRQHandler)
    USART_ClearFlag                          0x08001979   Thumb Code     6  stm32f10x_usart.o(.text.USART_ClearFlag)
    USART_ClearITPendingBit                  0x08001981   Thumb Code    14  stm32f10x_usart.o(.text.USART_ClearITPendingBit)
    USART_Cmd                                0x08001991   Thumb Code    20  stm32f10x_usart.o(.text.USART_Cmd)
    USART_GetFlagStatus                      0x080019a5   Thumb Code    10  stm32f10x_usart.o(.text.USART_GetFlagStatus)
    USART_GetITStatus                        0x080019b1   Thumb Code    48  stm32f10x_usart.o(.text.USART_GetITStatus)
    USART_ITConfig                           0x080019e1   Thumb Code    46  stm32f10x_usart.o(.text.USART_ITConfig)
    USART_Init                               0x08001a11   Thumb Code   182  stm32f10x_usart.o(.text.USART_Init)
    USART_ReceiveData                        0x08001ac9   Thumb Code     8  stm32f10x_usart.o(.text.USART_ReceiveData)
    USART_SendData                           0x08001ad1   Thumb Code     8  stm32f10x_usart.o(.text.USART_SendData)
    _sys_close                               0x08001ad9   Thumb Code    20  retarget_io.o(.text._sys_close)
    _sys_flen                                0x08001aed   Thumb Code     4  retarget_io.o(.text._sys_flen)
    _sys_istty                               0x08001af1   Thumb Code    16  retarget_io.o(.text._sys_istty)
    _sys_open                                0x08001b01   Thumb Code   100  retarget_io.o(.text._sys_open)
    _sys_seek                                0x08001b65   Thumb Code     6  retarget_io.o(.text._sys_seek)
    _sys_write                               0x08001b6d   Thumb Code    34  retarget_io.o(.text._sys_write)
    _ttywrch                                 0x08001b91   Thumb Code     4  retarget_io.o(.text._ttywrch)
    delay_ms                                 0x08001b95   Thumb Code    72  delay.o(.text.delay_ms)
    fputc                                    0x08001bdd   Thumb Code    36  my_usart.o(.text.fputc)
    main                                     0x08001c01   Thumb Code   100  main.o(.text.main)
    usart1_cfg_A9A10                         0x08001c85   Thumb Code   188  my_usart.o(.text.usart1_cfg_A9A10)
    _is_digit                                0x08001d41   Thumb Code    14  __printf_wp.o(i._is_digit)
    __stderr_name                            0x08001d9b   Data           8  retarget_io.o(.rodata.__stderr_name)
    __stdin_name                             0x08001da3   Data           7  retarget_io.o(.rodata.__stdin_name)
    __stdout_name                            0x08001daa   Data           8  retarget_io.o(.rodata.__stdout_name)
    Region$$Table$$Base                      0x08001db4   Number         0  anon$$obj.o(Region$$Table)
    Region$$Table$$Limit                     0x08001dd4   Number         0  anon$$obj.o(Region$$Table)
    __aeabi_stdin                            0x20000000   Data           4  stdio_streams.o(.data)
    __aeabi_stdout                           0x20000004   Data           4  stdio_streams.o(.data)
    __aeabi_stderr                           0x20000008   Data           4  stdio_streams.o(.data)
    SysTickCounter                           0x2000000c   Data           4  delay.o(.data.SysTickCounter)
    __stdin                                  0x20000010   Data          84  stdio_streams.o(.bss)
    __stdout                                 0x20000064   Data          84  stdio_streams.o(.bss)
    __stderr                                 0x200000b8   Data          84  stdio_streams.o(.bss)
    __libspace_start                         0x2000010c   Data          96  libspace.o(.bss)
    CardID                                   0x2000016c   Data           5  main.o(.bss.CardID)
    __temporary_stack_top$libspace           0x2000016c   Data           0  libspace.o(.bss)
    RX_Buffer                                0x20000171   Data          80  my_usart.o(.bss.RX_Buffer)
    RX_available                             0x200001c1   Data           1  my_usart.o(.bss.RX_available)
    RX_index                                 0x200001c2   Data           1  my_usart.o(.bss.RX_index)
    receive_length                           0x200001c4   Data           2  my_usart.o(.bss.receive_length)



==============================================================================

Memory Map of the image

  Image Entry point : 0x080000ed

  Load Region LR_IROM1 (Base: 0x08000000, Size: 0x00001de8, Max: 0x00010000, ABSOLUTE)

    Execution Region ER_IROM1 (Exec base: 0x08000000, Load base: 0x08000000, Size: 0x00001dd4, Max: 0x00010000, ABSOLUTE)

    Exec Addr    Load Addr    Size         Type   Attr      Idx    E Section Name        Object

    0x08000000   0x08000000   0x000000ec   Data   RO          665    RESET               startup_stm32f10x_md.o
    0x080000ec   0x080000ec   0x00000008   Code   RO          745  * !!!main             c_w.l(__main.o)
    0x080000f4   0x080000f4   0x0000005c   Code   RO         1073    !!!scatter          c_w.l(__scatter.o)
    0x08000150   0x08000150   0x0000001a   Code   RO         1077    !!handler_copy      c_w.l(__scatter_copy.o)
    0x0800016a   0x0800016a   0x00000002   PAD
    0x0800016c   0x0800016c   0x00000002   Code   RO         1074    !!handler_null      c_w.l(__scatter.o)
    0x0800016e   0x0800016e   0x00000002   PAD
    0x08000170   0x08000170   0x0000001c   Code   RO         1079    !!handler_zi        c_w.l(__scatter_zi.o)
    0x0800018c   0x0800018c   0x00000000   Code   RO          740    .ARM.Collect$$_printf_percent$$00000000  c_w.l(_printf_percent.o)
    0x0800018c   0x0800018c   0x00000006   Code   RO          739    .ARM.Collect$$_printf_percent$$0000000C  c_w.l(_printf_x.o)
    0x08000192   0x08000192   0x00000004   Code   RO          756    .ARM.Collect$$_printf_percent$$00000017  c_w.l(_printf_percent_end.o)
    0x08000196   0x08000196   0x00000002   Code   RO          880    .ARM.Collect$$libinit$$00000000  c_w.l(libinit.o)
    0x08000198   0x08000198   0x00000000   Code   RO          882    .ARM.Collect$$libinit$$00000002  c_w.l(libinit2.o)
    0x08000198   0x08000198   0x00000000   Code   RO          884    .ARM.Collect$$libinit$$00000004  c_w.l(libinit2.o)
    0x08000198   0x08000198   0x00000000   Code   RO          886    .ARM.Collect$$libinit$$00000006  c_w.l(libinit2.o)
    0x08000198   0x08000198   0x00000008   Code   RO          887    .ARM.Collect$$libinit$$00000007  c_w.l(libinit2.o)
    0x080001a0   0x080001a0   0x00000000   Code   RO          889    .ARM.Collect$$libinit$$0000000C  c_w.l(libinit2.o)
    0x080001a0   0x080001a0   0x00000000   Code   RO          891    .ARM.Collect$$libinit$$0000000E  c_w.l(libinit2.o)
    0x080001a0   0x080001a0   0x00000000   Code   RO          893    .ARM.Collect$$libinit$$00000010  c_w.l(libinit2.o)
    0x080001a0   0x080001a0   0x00000000   Code   RO          896    .ARM.Collect$$libinit$$00000013  c_w.l(libinit2.o)
    0x080001a0   0x080001a0   0x00000000   Code   RO          898    .ARM.Collect$$libinit$$00000015  c_w.l(libinit2.o)
    0x080001a0   0x080001a0   0x00000000   Code   RO          900    .ARM.Collect$$libinit$$00000017  c_w.l(libinit2.o)
    0x080001a0   0x080001a0   0x00000000   Code   RO          902    .ARM.Collect$$libinit$$00000019  c_w.l(libinit2.o)
    0x080001a0   0x080001a0   0x00000000   Code   RO          904    .ARM.Collect$$libinit$$0000001B  c_w.l(libinit2.o)
    0x080001a0   0x080001a0   0x00000000   Code   RO          906    .ARM.Collect$$libinit$$0000001D  c_w.l(libinit2.o)
    0x080001a0   0x080001a0   0x00000000   Code   RO          908    .ARM.Collect$$libinit$$0000001F  c_w.l(libinit2.o)
    0x080001a0   0x080001a0   0x00000000   Code   RO          910    .ARM.Collect$$libinit$$00000021  c_w.l(libinit2.o)
    0x080001a0   0x080001a0   0x00000000   Code   RO          912    .ARM.Collect$$libinit$$00000023  c_w.l(libinit2.o)
    0x080001a0   0x080001a0   0x00000000   Code   RO          914    .ARM.Collect$$libinit$$00000025  c_w.l(libinit2.o)
    0x080001a0   0x080001a0   0x00000004   Code   RO          915    .ARM.Collect$$libinit$$00000026  c_w.l(libinit2.o)
    0x080001a4   0x080001a4   0x00000000   Code   RO          916    .ARM.Collect$$libinit$$00000027  c_w.l(libinit2.o)
    0x080001a4   0x080001a4   0x00000000   Code   RO          920    .ARM.Collect$$libinit$$0000002E  c_w.l(libinit2.o)
    0x080001a4   0x080001a4   0x00000000   Code   RO          922    .ARM.Collect$$libinit$$00000030  c_w.l(libinit2.o)
    0x080001a4   0x080001a4   0x00000000   Code   RO          924    .ARM.Collect$$libinit$$00000032  c_w.l(libinit2.o)
    0x080001a4   0x080001a4   0x00000000   Code   RO          926    .ARM.Collect$$libinit$$00000034  c_w.l(libinit2.o)
    0x080001a4   0x080001a4   0x00000002   Code   RO          927    .ARM.Collect$$libinit$$00000035  c_w.l(libinit2.o)
    0x080001a6   0x080001a6   0x00000002   Code   RO         1054    .ARM.Collect$$libshutdown$$00000000  c_w.l(libshutdown.o)
    0x080001a8   0x080001a8   0x00000000   Code   RO          929    .ARM.Collect$$libshutdown$$00000002  c_w.l(libshutdown2.o)
    0x080001a8   0x080001a8   0x00000004   Code   RO          930    .ARM.Collect$$libshutdown$$00000003  c_w.l(libshutdown2.o)
    0x080001ac   0x080001ac   0x00000000   Code   RO          931    .ARM.Collect$$libshutdown$$00000004  c_w.l(libshutdown2.o)
    0x080001ac   0x080001ac   0x00000000   Code   RO          934    .ARM.Collect$$libshutdown$$00000007  c_w.l(libshutdown2.o)
    0x080001ac   0x080001ac   0x00000000   Code   RO          937    .ARM.Collect$$libshutdown$$0000000A  c_w.l(libshutdown2.o)
    0x080001ac   0x080001ac   0x00000000   Code   RO          939    .ARM.Collect$$libshutdown$$0000000C  c_w.l(libshutdown2.o)
    0x080001ac   0x080001ac   0x00000000   Code   RO          942    .ARM.Collect$$libshutdown$$0000000F  c_w.l(libshutdown2.o)
    0x080001ac   0x080001ac   0x00000002   Code   RO          943    .ARM.Collect$$libshutdown$$00000010  c_w.l(libshutdown2.o)
    0x080001ae   0x080001ae   0x00000000   Code   RO          747    .ARM.Collect$$rtentry$$00000000  c_w.l(__rtentry.o)
    0x080001ae   0x080001ae   0x00000000   Code   RO          764    .ARM.Collect$$rtentry$$00000002  c_w.l(__rtentry2.o)
    0x080001ae   0x080001ae   0x00000006   Code   RO          776    .ARM.Collect$$rtentry$$00000004  c_w.l(__rtentry4.o)
    0x080001b4   0x080001b4   0x00000000   Code   RO          766    .ARM.Collect$$rtentry$$00000009  c_w.l(__rtentry2.o)
    0x080001b4   0x080001b4   0x00000004   Code   RO          767    .ARM.Collect$$rtentry$$0000000A  c_w.l(__rtentry2.o)
    0x080001b8   0x080001b8   0x00000000   Code   RO          769    .ARM.Collect$$rtentry$$0000000C  c_w.l(__rtentry2.o)
    0x080001b8   0x080001b8   0x00000008   Code   RO          770    .ARM.Collect$$rtentry$$0000000D  c_w.l(__rtentry2.o)
    0x080001c0   0x080001c0   0x00000002   Code   RO          947    .ARM.Collect$$rtexit$$00000000  c_w.l(rtexit.o)
    0x080001c2   0x080001c2   0x00000000   Code   RO          997    .ARM.Collect$$rtexit$$00000002  c_w.l(rtexit2.o)
    0x080001c2   0x080001c2   0x00000004   Code   RO          998    .ARM.Collect$$rtexit$$00000003  c_w.l(rtexit2.o)
    0x080001c6   0x080001c6   0x00000006   Code   RO          999    .ARM.Collect$$rtexit$$00000004  c_w.l(rtexit2.o)
    0x080001cc   0x080001cc   0x00000040   Code   RO          666    .text               startup_stm32f10x_md.o
    0x0800020c   0x0800020c   0x00000018   Code   RO          692    .text               c_w.l(noretval__2printf.o)
    0x08000224   0x08000224   0x0000004e   Code   RO          696    .text               c_w.l(_printf_pad.o)
    0x08000272   0x08000272   0x00000002   PAD
    0x08000274   0x08000274   0x00000058   Code   RO          701    .text               c_w.l(_printf_hex_int.o)
    0x080002cc   0x080002cc   0x00000138   Code   RO          731    .text               c_w.l(__printf_flags_wp.o)
    0x08000404   0x08000404   0x00000080   Code   RO          741    .text               c_w.l(strcmpv7m.o)
    0x08000484   0x08000484   0x00000006   Code   RO          743    .text               c_w.l(heapauxi.o)
    0x0800048a   0x0800048a   0x000000b2   Code   RO          752    .text               c_w.l(_printf_intcommon.o)
    0x0800053c   0x0800053c   0x00000024   Code   RO          754    .text               c_w.l(_printf_char_file.o)
    0x08000560   0x08000560   0x00000030   Code   RO          780    .text               c_w.l(_printf_char_common.o)
    0x08000590   0x08000590   0x00000008   Code   RO          782    .text               c_w.l(ferror.o)
    0x08000598   0x08000598   0x00000138   Code   RO          784    .text               c_w.l(initio.o)
    0x080006d0   0x080006d0   0x0000004a   Code   RO          792    .text               c_w.l(sys_stackheap_outer.o)
    0x0800071a   0x0800071a   0x0000004e   Code   RO          796    .text               c_w.l(h1_free.o)
    0x08000768   0x08000768   0x00000046   Code   RO          852    .text               c_w.l(setvbuf.o)
    0x080007ae   0x080007ae   0x00000002   PAD
    0x080007b0   0x080007b0   0x000000f0   Code   RO          855    .text               c_w.l(fopen.o)
    0x080008a0   0x080008a0   0x0000004c   Code   RO          857    .text               c_w.l(fclose.o)
    0x080008ec   0x080008ec   0x00000012   Code   RO          863    .text               c_w.l(exit.o)
    0x080008fe   0x080008fe   0x0000000e   Code   RO          869    .text               c_w.l(defsig_rtred_outer.o)
    0x0800090c   0x0800090c   0x0000004e   Code   RO          873    .text               c_w.l(rt_memclr_w.o)
    0x0800095a   0x0800095a   0x00000002   PAD
    0x0800095c   0x0800095c   0x00000008   Code   RO          944    .text               c_w.l(libspace.o)
    0x08000964   0x08000964   0x00000008   Code   RO          954    .text               c_w.l(rt_heap_descriptor_intlibspace.o)
    0x0800096c   0x0800096c   0x00000004   Code   RO          956    .text               c_w.l(hguard.o)
    0x08000970   0x08000970   0x0000008a   Code   RO          958    .text               c_w.l(init_alloc.o)
    0x080009fa   0x080009fa   0x0000005e   Code   RO          964    .text               c_w.l(h1_alloc.o)
    0x08000a58   0x08000a58   0x000000f8   Code   RO          976    .text               c_w.l(fseek.o)
    0x08000b50   0x08000b50   0x00000108   Code   RO          978    .text               c_w.l(stdio.o)
    0x08000c58   0x08000c58   0x0000000a   Code   RO          980    .text               c_w.l(defsig_exit.o)
    0x08000c62   0x08000c62   0x00000002   PAD
    0x08000c64   0x08000c64   0x00000034   Code   RO          984    .text               c_w.l(defsig_rtred_inner.o)
    0x08000c98   0x08000c98   0x0000000c   Code   RO          992    .text               c_w.l(sys_exit.o)
    0x08000ca4   0x08000ca4   0x00000000   Code   RO         1003    .text               c_w.l(maybetermalloc1.o)
    0x08000ca4   0x08000ca4   0x0000000c   Code   RO         1005    .text               c_w.l(h1_init.o)
    0x08000cb0   0x08000cb0   0x00000034   Code   RO         1007    .text               c_w.l(h1_extend.o)
    0x08000ce4   0x08000ce4   0x00000042   Code   RO         1013    .text               c_w.l(ftell.o)
    0x08000d26   0x08000d26   0x00000032   Code   RO         1017    .text               c_w.l(defsig_general.o)
    0x08000d58   0x08000d58   0x0000000e   Code   RO         1019    .text               c_w.l(defsig_rtmem_outer.o)
    0x08000d66   0x08000d66   0x00000002   Code   RO         1036    .text               c_w.l(use_no_semi.o)
    0x08000d68   0x08000d68   0x00000000   Code   RO         1038    .text               c_w.l(indicate_semi.o)
    0x08000d68   0x08000d68   0x00000008   Code   RO         1042    .text               c_w.l(rt_errno_addr_intlibspace.o)
    0x08000d70   0x08000d70   0x00000050   Code   RO         1048    .text               c_w.l(defsig_rtmem_inner.o)
    0x08000dc0   0x08000dc0   0x000000c0   Code   RO          173    .text.GPIO_Init     stm32f10x_gpio.o
    0x08000e80   0x08000e80   0x00000004   Code   RO          187    .text.GPIO_ResetBits  stm32f10x_gpio.o
    0x08000e84   0x08000e84   0x00000004   Code   RO          185    .text.GPIO_SetBits  stm32f10x_gpio.o
    0x08000e88   0x08000e88   0x00000018   Code   RO          334    .text.RCC_APB1PeriphClockCmd  stm32f10x_rcc.o
    0x08000ea0   0x08000ea0   0x00000018   Code   RO          332    .text.RCC_APB2PeriphClockCmd  stm32f10x_rcc.o
    0x08000eb8   0x08000eb8   0x0000008c   Code   RO          328    .text.RCC_GetClocksFreq  stm32f10x_rcc.o
    0x08000f44   0x08000f44   0x00000014   Code   RO          372    .text.SPI_Cmd       stm32f10x_spi.o
    0x08000f58   0x08000f58   0x0000000a   Code   RO          400    .text.SPI_I2S_GetFlagStatus  stm32f10x_spi.o
    0x08000f62   0x08000f62   0x00000002   PAD
    0x08000f64   0x08000f64   0x00000004   Code   RO          382    .text.SPI_I2S_ReceiveData  stm32f10x_spi.o
    0x08000f68   0x08000f68   0x00000004   Code   RO          380    .text.SPI_I2S_SendData  stm32f10x_spi.o
    0x08000f6c   0x08000f6c   0x00000046   Code   RO          364    .text.SPI_Init      stm32f10x_spi.o
    0x08000fb2   0x08000fb2   0x00000002   PAD
    0x08000fb4   0x08000fb4   0x00000010   Code   RO           85    .text.SysTick_Handler  delay.o
    0x08000fc4   0x08000fc4   0x00000014   Code   RO           83    .text.SysTick_Init  delay.o
    0x08000fd8   0x08000fd8   0x00000110   Code   RO          673    .text.SystemInit    system_stm32f10x.o
    0x080010e8   0x080010e8   0x0000007c   Code   RO            8    .text.TM_MFRC522_AntennaOn  rfid.o
    0x08001164   0x08001164   0x0000006e   Code   RO           14    .text.TM_MFRC522_Anticoll  rfid.o
    0x080011d2   0x080011d2   0x00000002   PAD
    0x080011d4   0x080011d4   0x0000016a   Code   RO           30    .text.TM_MFRC522_CalculateCRC  rfid.o
    0x0800133e   0x0800133e   0x00000002   PAD
    0x08001340   0x08001340   0x0000008a   Code   RO           10    .text.TM_MFRC522_Check  rfid.o
    0x080013ca   0x080013ca   0x00000002   PAD
    0x080013cc   0x080013cc   0x0000011a   Code   RO            2    .text.TM_MFRC522_Init  rfid.o
    0x080014e6   0x080014e6   0x00000002   PAD
    0x080014e8   0x080014e8   0x00000034   Code   RO          114    .text.TM_MFRC522_InitPins  spi.o
    0x0800151c   0x0800151c   0x0000033c   Code   RO           28    .text.TM_MFRC522_ToCard  rfid.o
    0x08001858   0x08001858   0x00000080   Code   RO          112    .text.TM_SPI_Init   spi.o
    0x080018d8   0x080018d8   0x0000002a   Code   RO          110    .text.TM_SPI_Send   spi.o
    0x08001902   0x08001902   0x00000002   PAD
    0x08001904   0x08001904   0x00000072   Code   RO           52    .text.USART1_IRQHandler  my_usart.o
    0x08001976   0x08001976   0x00000002   PAD
    0x08001978   0x08001978   0x00000006   Code   RO          650    .text.USART_ClearFlag  stm32f10x_usart.o
    0x0800197e   0x0800197e   0x00000002   PAD
    0x08001980   0x08001980   0x0000000e   Code   RO          654    .text.USART_ClearITPendingBit  stm32f10x_usart.o
    0x0800198e   0x0800198e   0x00000002   PAD
    0x08001990   0x08001990   0x00000014   Code   RO          608    .text.USART_Cmd     stm32f10x_usart.o
    0x080019a4   0x080019a4   0x0000000a   Code   RO          648    .text.USART_GetFlagStatus  stm32f10x_usart.o
    0x080019ae   0x080019ae   0x00000002   PAD
    0x080019b0   0x080019b0   0x00000030   Code   RO          652    .text.USART_GetITStatus  stm32f10x_usart.o
    0x080019e0   0x080019e0   0x0000002e   Code   RO          610    .text.USART_ITConfig  stm32f10x_usart.o
    0x08001a0e   0x08001a0e   0x00000002   PAD
    0x08001a10   0x08001a10   0x000000b6   Code   RO          600    .text.USART_Init    stm32f10x_usart.o
    0x08001ac6   0x08001ac6   0x00000002   PAD
    0x08001ac8   0x08001ac8   0x00000008   Code   RO          626    .text.USART_ReceiveData  stm32f10x_usart.o
    0x08001ad0   0x08001ad0   0x00000008   Code   RO          624    .text.USART_SendData  stm32f10x_usart.o
    0x08001ad8   0x08001ad8   0x00000014   Code   RO          126    .text._sys_close    retarget_io.o
    0x08001aec   0x08001aec   0x00000004   Code   RO          138    .text._sys_flen     retarget_io.o
    0x08001af0   0x08001af0   0x00000010   Code   RO          134    .text._sys_istty    retarget_io.o
    0x08001b00   0x08001b00   0x00000064   Code   RO          124    .text._sys_open     retarget_io.o
    0x08001b64   0x08001b64   0x00000006   Code   RO          136    .text._sys_seek     retarget_io.o
    0x08001b6a   0x08001b6a   0x00000002   PAD
    0x08001b6c   0x08001b6c   0x00000022   Code   RO          128    .text._sys_write    retarget_io.o
    0x08001b8e   0x08001b8e   0x00000002   PAD
    0x08001b90   0x08001b90   0x00000004   Code   RO          132    .text._ttywrch      retarget_io.o
    0x08001b94   0x08001b94   0x00000048   Code   RO           99    .text.delay_ms      delay.o
    0x08001bdc   0x08001bdc   0x00000024   Code   RO           48    .text.fputc         my_usart.o
    0x08001c00   0x08001c00   0x00000084   Code   RO           70    .text.main          main.o
    0x08001c84   0x08001c84   0x000000bc   Code   RO           50    .text.usart1_cfg_A9A10  my_usart.o
    0x08001d40   0x08001d40   0x0000000e   Code   RO          729    i._is_digit         c_w.l(__printf_wp.o)
    0x08001d4e   0x08001d4e   0x00000028   Data   RO          702    .constdata          c_w.l(_printf_hex_int.o)
    0x08001d76   0x08001d76   0x00000011   Data   RO          732    .constdata          c_w.l(__printf_flags_wp.o)
    0x08001d87   0x08001d87   0x00000004   Data   RO          353    .rodata.ADCPrescTable  stm32f10x_rcc.o
    0x08001d8b   0x08001d8b   0x00000010   Data   RO          352    .rodata.APBAHBPrescTable  stm32f10x_rcc.o
    0x08001d9b   0x08001d9b   0x00000008   Data   RO          142    .rodata.__stderr_name  retarget_io.o
    0x08001da3   0x08001da3   0x00000007   Data   RO          140    .rodata.__stdin_name  retarget_io.o
    0x08001daa   0x08001daa   0x00000008   Data   RO          141    .rodata.__stdout_name  retarget_io.o
    0x08001db2   0x08001db2   0x00000002   PAD
    0x08001db4   0x08001db4   0x00000020   Data   RO         1072    Region$$Table       anon$$obj.o


    Execution Region RW_IRAM1 (Exec base: 0x20000000, Load base: 0x08001dd8, Size: 0x000007c8, Max: 0x00005000, ABSOLUTE)

    Exec Addr    Load Addr    Size         Type   Attr      Idx    E Section Name        Object

    0x20000000   0x08001dd8   0x00000004   Data   RW          760    .data               c_w.l(stdio_streams.o)
    0x20000004   0x08001ddc   0x00000004   Data   RW          761    .data               c_w.l(stdio_streams.o)
    0x20000008   0x08001de0   0x00000004   Data   RW          762    .data               c_w.l(stdio_streams.o)
    0x2000000c   0x08001de4   0x00000004   Data   RW          101    .data.SysTickCounter  delay.o
    0x20000010        -       0x00000054   Zero   RW          757    .bss                c_w.l(stdio_streams.o)
    0x20000064        -       0x00000054   Zero   RW          758    .bss                c_w.l(stdio_streams.o)
    0x200000b8        -       0x00000054   Zero   RW          759    .bss                c_w.l(stdio_streams.o)
    0x2000010c        -       0x00000060   Zero   RW          945    .bss                c_w.l(libspace.o)
    0x2000016c        -       0x00000005   Zero   RW           74    .bss.CardID         main.o
    0x20000171        -       0x00000050   Zero   RW           61    .bss.RX_Buffer      my_usart.o
    0x200001c1        -       0x00000001   Zero   RW           58    .bss.RX_available   my_usart.o
    0x200001c2        -       0x00000001   Zero   RW           59    .bss.RX_index       my_usart.o
    0x200001c3   0x08001de8   0x00000001   PAD
    0x200001c4        -       0x00000002   Zero   RW           60    .bss.receive_length  my_usart.o
    0x200001c6   0x08001de8   0x00000002   PAD
    0x200001c8        -       0x00000200   Zero   RW          664    HEAP                startup_stm32f10x_md.o
    0x200003c8        -       0x00000400   Zero   RW          663    STACK               startup_stm32f10x_md.o


==============================================================================

Image component sizes


      Code (inc. data)   RO Data    RW Data    ZI Data      Debug   Object Name

       108          0          0          4          0       2269   delay.o
       132         32          0          0          5       1959   main.o
       338          0          0          0         84       6600   my_usart.o
       184          0         23          0          0       2786   retarget_io.o
      1844          0          0          0          0      11153   rfid.o
       222          0          0          0          0       2712   spi.o
        64         26        236          0       1536        864   startup_stm32f10x_md.o
       200          0          0          0          0       6191   stm32f10x_gpio.o
       188          0         20          0          0       8545   stm32f10x_rcc.o
       108          0          0          0          0       7694   stm32f10x_spi.o
       342          0          0          0          0       8919   stm32f10x_usart.o
       272          0          0          0          0       2782   system_stm32f10x.o

    ----------------------------------------------------------------------
      4032         58        313          4       1628      62474   Object Totals
         0          0         32          0          0          0   (incl. Generated)
        30          0          2          0          3          0   (incl. Padding)

    ----------------------------------------------------------------------

      Code (inc. data)   RO Data    RW Data    ZI Data      Debug   Library Member Name

         8          0          0          0          0         68   __main.o
       312          4         17          0          0         92   __printf_flags_wp.o
        14          0          0          0          0         68   __printf_wp.o
         0          0          0          0          0          0   __rtentry.o
        12          0          0          0          0          0   __rtentry2.o
         6          0          0          0          0          0   __rtentry4.o
        94          8          0          0          0          0   __scatter.o
        26          0          0          0          0          0   __scatter_copy.o
        28          0          0          0          0          0   __scatter_zi.o
        48          6          0          0          0         96   _printf_char_common.o
        36          4          0          0          0         80   _printf_char_file.o
        88          4         40          0          0         88   _printf_hex_int.o
       178          0          0          0          0         88   _printf_intcommon.o
        78          0          0          0          0        108   _printf_pad.o
         0          0          0          0          0          0   _printf_percent.o
         4          0          0          0          0          0   _printf_percent_end.o
         6          0          0          0          0          0   _printf_x.o
        10          0          0          0          0         68   defsig_exit.o
        50          0          0          0          0         88   defsig_general.o
        80         58          0          0          0         76   defsig_rtmem_inner.o
        14          0          0          0          0         80   defsig_rtmem_outer.o
        52         38          0          0          0         76   defsig_rtred_inner.o
        14          0          0          0          0         80   defsig_rtred_outer.o
        18          0          0          0          0         80   exit.o
        76          0          0          0          0         88   fclose.o
         8          0          0          0          0         68   ferror.o
       240          6          0          0          0        128   fopen.o
       248          6          0          0          0         84   fseek.o
        66          0          0          0          0         76   ftell.o
        94          0          0          0          0         80   h1_alloc.o
        52          0          0          0          0         68   h1_extend.o
        78          0          0          0          0         80   h1_free.o
        12          0          0          0          0         84   h1_init.o
         6          0          0          0          0        152   heapauxi.o
         4          0          0          0          0        136   hguard.o
         0          0          0          0          0          0   indicate_semi.o
       138          0          0          0          0        168   init_alloc.o
       312         46          0          0          0        112   initio.o
         2          0          0          0          0          0   libinit.o
        14          0          0          0          0          0   libinit2.o
         2          0          0          0          0          0   libshutdown.o
         6          0          0          0          0          0   libshutdown2.o
         8          4          0          0         96         68   libspace.o
         0          0          0          0          0          0   maybetermalloc1.o
        24          4          0          0          0         84   noretval__2printf.o
         8          4          0          0          0         68   rt_errno_addr_intlibspace.o
         8          4          0          0          0         68   rt_heap_descriptor_intlibspace.o
        78          0          0          0          0         80   rt_memclr_w.o
         2          0          0          0          0          0   rtexit.o
        10          0          0          0          0          0   rtexit2.o
        70          0          0          0          0         80   setvbuf.o
       264          6          0          0          0        160   stdio.o
         0          0          0         12        252          0   stdio_streams.o
       128          0          0          0          0         68   strcmpv7m.o
        12          4          0          0          0         68   sys_exit.o
        74          0          0          0          0         80   sys_stackheap_outer.o
         2          0          0          0          0         68   use_no_semi.o

    ----------------------------------------------------------------------
      3234        206         57         12        348       3452   Library Totals
        12          0          0          0          0          0   (incl. Padding)

    ----------------------------------------------------------------------

      Code (inc. data)   RO Data    RW Data    ZI Data      Debug   Library Name

      3222        206         57         12        348       3452   c_w.l

    ----------------------------------------------------------------------
      3234        206         57         12        348       3452   Library Totals

    ----------------------------------------------------------------------

==============================================================================


      Code (inc. data)   RO Data    RW Data    ZI Data      Debug   

      7266        264        370         16       1976      63970   Grand Totals
      7266        264        370         16       1976      63970   ELF Image Totals
      7266        264        370         16          0          0   ROM Totals

==============================================================================

    Total RO  Size (Code + RO Data)                 7636 (   7.46kB)
    Total RW  Size (RW Data + ZI Data)              1992 (   1.95kB)
    Total ROM Size (Code + RO Data + RW Data)       7652 (   7.47kB)

==============================================================================

